Archive member included to satisfy reference by file (symbol)

c:/progra~1/raspbe~1/picosd~1.1/gcc-ar~1/bin/../lib/gcc/arm-none-eabi/10.3.1/../../../../arm-none-eabi/lib/thumb/v6-m/nofp\libm.a(lib_a-s_fmin.o)
                              CMakeFiles/PROGCC3.1_RP2040.dir/lib/HOJA-LIB-RP2040/src/input/stick_scaling.c.obj (fmin)
c:/progra~1/raspbe~1/picosd~1.1/gcc-ar~1/bin/../lib/gcc/arm-none-eabi/10.3.1/../../../../arm-none-eabi/lib/thumb/v6-m/nofp\libm.a(lib_a-s_fpclassify.o)
                              c:/progra~1/raspbe~1/picosd~1.1/gcc-ar~1/bin/../lib/gcc/arm-none-eabi/10.3.1/../../../../arm-none-eabi/lib/thumb/v6-m/nofp\libm.a(lib_a-s_fmin.o) (__fpclassifyd)
c:/progra~1/raspbe~1/picosd~1.1/gcc-ar~1/bin/../lib/gcc/arm-none-eabi/10.3.1/thumb/v6-m/nofp\libgcc.a(_dvmd_tls.o)
                              CMakeFiles/PROGCC3.1_RP2040.dir/C_/Program_Files/Raspberry_Pi/Pico_SDK_v1.5.1/pico-sdk/src/rp2_common/pico_divider/divider.S.obj (__aeabi_idiv0)
c:/progra~1/raspbe~1/picosd~1.1/gcc-ar~1/bin/../lib/gcc/arm-none-eabi/10.3.1/../../../../arm-none-eabi/lib/thumb/v6-m/nofp\libg.a(lib_a-calloc.o)
                              CMakeFiles/PROGCC3.1_RP2040.dir/C_/Program_Files/Raspberry_Pi/Pico_SDK_v1.5.1/pico-sdk/src/rp2_common/pico_malloc/pico_malloc.c.obj (calloc)
c:/progra~1/raspbe~1/picosd~1.1/gcc-ar~1/bin/../lib/gcc/arm-none-eabi/10.3.1/../../../../arm-none-eabi/lib/thumb/v6-m/nofp\libg.a(lib_a-callocr.o)
                              c:/progra~1/raspbe~1/picosd~1.1/gcc-ar~1/bin/../lib/gcc/arm-none-eabi/10.3.1/../../../../arm-none-eabi/lib/thumb/v6-m/nofp\libg.a(lib_a-calloc.o) (_calloc_r)
c:/progra~1/raspbe~1/picosd~1.1/gcc-ar~1/bin/../lib/gcc/arm-none-eabi/10.3.1/../../../../arm-none-eabi/lib/thumb/v6-m/nofp\libg.a(lib_a-errno.o)
                              c:/progra~1/raspbe~1/picosd~1.1/gcc-ar~1/bin/../lib/gcc/arm-none-eabi/10.3.1/../../../../arm-none-eabi/lib/thumb/v6-m/nofp\libg.a(lib_a-callocr.o) (__errno)
c:/progra~1/raspbe~1/picosd~1.1/gcc-ar~1/bin/../lib/gcc/arm-none-eabi/10.3.1/../../../../arm-none-eabi/lib/thumb/v6-m/nofp\libg.a(lib_a-impure.o)
                              c:/progra~1/raspbe~1/picosd~1.1/gcc-ar~1/bin/../lib/gcc/arm-none-eabi/10.3.1/../../../../arm-none-eabi/lib/thumb/v6-m/nofp\libg.a(lib_a-calloc.o) (_impure_ptr)
c:/progra~1/raspbe~1/picosd~1.1/gcc-ar~1/bin/../lib/gcc/arm-none-eabi/10.3.1/../../../../arm-none-eabi/lib/thumb/v6-m/nofp\libg.a(lib_a-init.o)
                              c:/progra~1/raspbe~1/picosd~1.1/gcc-ar~1/bin/../lib/gcc/arm-none-eabi/10.3.1/../../../../arm-none-eabi/lib/thumb/v6-m/nofp/crt0.o (__libc_init_array)
c:/progra~1/raspbe~1/picosd~1.1/gcc-ar~1/bin/../lib/gcc/arm-none-eabi/10.3.1/../../../../arm-none-eabi/lib/thumb/v6-m/nofp\libg.a(lib_a-malloc.o)
                              CMakeFiles/PROGCC3.1_RP2040.dir/C_/Program_Files/Raspberry_Pi/Pico_SDK_v1.5.1/pico-sdk/src/rp2_common/pico_malloc/pico_malloc.c.obj (malloc)
c:/progra~1/raspbe~1/picosd~1.1/gcc-ar~1/bin/../lib/gcc/arm-none-eabi/10.3.1/../../../../arm-none-eabi/lib/thumb/v6-m/nofp\libg.a(lib_a-mallocr.o)
                              c:/progra~1/raspbe~1/picosd~1.1/gcc-ar~1/bin/../lib/gcc/arm-none-eabi/10.3.1/../../../../arm-none-eabi/lib/thumb/v6-m/nofp\libg.a(lib_a-callocr.o) (_malloc_r)
c:/progra~1/raspbe~1/picosd~1.1/gcc-ar~1/bin/../lib/gcc/arm-none-eabi/10.3.1/../../../../arm-none-eabi/lib/thumb/v6-m/nofp\libg.a(lib_a-mlock.o)
                              c:/progra~1/raspbe~1/picosd~1.1/gcc-ar~1/bin/../lib/gcc/arm-none-eabi/10.3.1/../../../../arm-none-eabi/lib/thumb/v6-m/nofp\libg.a(lib_a-mallocr.o) (__malloc_lock)
c:/progra~1/raspbe~1/picosd~1.1/gcc-ar~1/bin/../lib/gcc/arm-none-eabi/10.3.1/../../../../arm-none-eabi/lib/thumb/v6-m/nofp\libg.a(lib_a-realloc.o)
                              CMakeFiles/PROGCC3.1_RP2040.dir/C_/Program_Files/Raspberry_Pi/Pico_SDK_v1.5.1/pico-sdk/src/rp2_common/pico_malloc/pico_malloc.c.obj (realloc)
c:/progra~1/raspbe~1/picosd~1.1/gcc-ar~1/bin/../lib/gcc/arm-none-eabi/10.3.1/../../../../arm-none-eabi/lib/thumb/v6-m/nofp\libg.a(lib_a-reallocr.o)
                              c:/progra~1/raspbe~1/picosd~1.1/gcc-ar~1/bin/../lib/gcc/arm-none-eabi/10.3.1/../../../../arm-none-eabi/lib/thumb/v6-m/nofp\libg.a(lib_a-realloc.o) (_realloc_r)
c:/progra~1/raspbe~1/picosd~1.1/gcc-ar~1/bin/../lib/gcc/arm-none-eabi/10.3.1/../../../../arm-none-eabi/lib/thumb/v6-m/nofp\libg.a(lib_a-sbrkr.o)
                              c:/progra~1/raspbe~1/picosd~1.1/gcc-ar~1/bin/../lib/gcc/arm-none-eabi/10.3.1/../../../../arm-none-eabi/lib/thumb/v6-m/nofp\libg.a(lib_a-mallocr.o) (_sbrk_r)
c:/progra~1/raspbe~1/picosd~1.1/gcc-ar~1/bin/../lib/gcc/arm-none-eabi/10.3.1/../../../../arm-none-eabi/lib/thumb/v6-m/nofp\libg.a(lib_a-strlen-stub.o)
                              CMakeFiles/PROGCC3.1_RP2040.dir/lib/HOJA-LIB-RP2040/src/usb/hoja_usb.c.obj (strlen)
c:/progra~1/raspbe~1/picosd~1.1/gcc-ar~1/bin/../lib/gcc/arm-none-eabi/10.3.1/../../../../arm-none-eabi/lib/thumb/v6-m/nofp\libg.a(lib_a-freer.o)
[...]
Memory Configuration

Name             Origin             Length             Attributes
FLASH            0x10000000         0x00200000         xr
RAM              0x20000000         0x00040000         xrw
SCRATCH_X        0x20040000         0x00001000         xrw
SCRATCH_Y        0x20041000         0x00001000         xrw
*default*        0x00000000         0xffffffff

Linker script and memory map

LOAD c:/progra~1/raspbe~1/picosd~1.1/gcc-ar~1/bin/../lib/gcc/arm-none-eabi/10.3.1/thumb/v6-m/nofp/crti.o
LOAD c:/progra~1/raspbe~1/picosd~1.1/gcc-ar~1/bin/../lib/gcc/arm-none-eabi/10.3.1/thumb/v6-m/nofp/crtbegin.o
LOAD c:/progra~1/raspbe~1/picosd~1.1/gcc-ar~1/bin/../lib/gcc/arm-none-eabi/10.3.1/../../../../arm-none-eabi/lib/thumb/v6-m/nofp/crt0.o

.flash_begin    0x10000000        0x0
                0x10000000                __flash_binary_start = .

.boot2          0x10000000      0x100
                0x10000000                __boot2_start__ = .
 *(.boot2)
 .boot2         0x10000000      0x100 C:\Users\Mitch\AppData\Local\Temp\ccwIT24T.o
                0x10000100                __boot2_end__ = .
                0x00000001                ASSERT (((__boot2_end__ - __boot2_start__) == 0x100), ERROR: Pico second stage bootloader must be 256 bytes in size)

.text           0x10000100    0x14518
                0x10000100                __logical_binary_start = .
 *(.vectors)
 .vectors       0x10000100       0xd4 CMakeFiles/PROGCC3.1_RP2040.dir/C_/Program_Files/Raspberry_Pi/Pico_SDK_v1.5.1/pico-sdk/src/rp2_common/pico_standard_link/crt0.S.obj
                0x10000100                __VECTOR_TABLE
                0x10000100                __vectors
                0x100001c0                isr_invalid
                0x100001c0                __default_isrs_start
                0x100001c2                isr_nmi
                0x100001c4                isr_hardfault
                0x100001c6                isr_svcall
                0x100001c8                isr_pendsv
                0x100001ca                isr_systick
                0x100001cc                isr_irq23
                0x100001cc                isr_irq18
                0x100001cc                isr_irq11
                0x100001cc                isr_irq28
                0x100001cc                isr_irq19
                0x100001cc                isr_irq0
                0x100001cc                isr_irq6
                0x100001cc                isr_irq5
                0x100001cc                isr_irq12
                0x100001cc                isr_irq22
                0x100001cc                isr_irq31
                0x100001cc                isr_irq17
                0x100001cc                isr_irq27
                0x100001cc                isr_irq30
                0x100001cc                isr_irq2
                0x100001cc                isr_irq10
                0x100001cc                isr_irq8
                0x100001cc                isr_irq24
                0x100001cc                isr_irq1
                0x100001cc                isr_irq7
                0x100001cc                isr_irq21
                0x100001cc                isr_irq20
                0x100001cc                isr_irq15
                0x100001cc                isr_irq25
                0x100001cc                isr_irq13
                0x100001cc                __unhandled_user_irq
                0x100001cc                isr_irq4
                0x100001cc                isr_irq16
                0x100001cc                isr_irq29
                0x100001cc                isr_irq26
                0x100001cc                __default_isrs_end
                0x100001cc                isr_irq3
                0x100001cc                isr_irq14
                0x100001cc                isr_irq9
                0x100001d2                unhandled_user_irq_num_in_r0
 *(.binary_info_header)
 .binary_info_header
                0x100001d4       0x14 CMakeFiles/PROGCC3.1_RP2040.dir/C_/Program_Files/Raspberry_Pi/Pico_SDK_v1.5.1/pico-sdk/src/rp2_common/pico_standard_link/crt0.S.obj
                0x100001e8                __binary_info_header_end = .
 *(.reset)
 .reset         0x100001e8       0xa0 CMakeFiles/PROGCC3.1_RP2040.dir/C_/Program_Files/Raspberry_Pi/Pico_SDK_v1.5.1/pico-sdk/src/rp2_common/pico_standard_link/crt0.S.obj
                0x100001e8                _entry_point
 .reset         0x10000288       0x30 CMakeFiles/PROGCC3.1_RP2040.dir/C_/Program_Files/Raspberry_Pi/Pico_SDK_v1.5.1/pico-sdk/src/rp2_common/pico_standard_link/binary_info.c.obj
 *(.init)
 .init          0x100002b8        0x4 c:/progra~1/raspbe~1/picosd~1.1/gcc-ar~1/bin/../lib/gcc/arm-none-eabi/10.3.1/thumb/v6-m/nofp/crti.o
                0x100002b8                _init
 *(EXCLUDE_FILE(*libm.a: *libc.a:*lib_a-mem*.o *libgcc.a:) .text*)
 .text          0x100002bc       0x48 c:/progra~1/raspbe~1/picosd~1.1/gcc-ar~1/bin/../lib/gcc/arm-none-eabi/10.3.1/thumb/v6-m/nofp/crtbegin.o
 .text._gpio_put_od
                0x10000304       0x32 CMakeFiles/PROGCC3.1_RP2040.dir/src/main.c.obj
                0x10000304                _gpio_put_od
 *fill*         0x10000336        0x2 
 .text.cb_hoja_baseband_update_loop
                0x10000338       0x64 CMakeFiles/PROGCC3.1_RP2040.dir/src/main.c.obj
                0x10000338                cb_hoja_baseband_update_loop
 .text.cb_hoja_set_uart_enabled
                0x1000039c       0x42 CMakeFiles/PROGCC3.1_RP2040.dir/src/main.c.obj
                0x1000039c                cb_hoja_set_uart_enabled
 .text.cb_hoja_set_bluetooth_enabled
                0x100003de       0x1a CMakeFiles/PROGCC3.1_RP2040.dir/src/main.c.obj
                0x100003de                cb_hoja_set_bluetooth_enabled
 .text.cb_hoja_hardware_setup
                0x100003f8       0xa8 CMakeFiles/PROGCC3.1_RP2040.dir/src/main.c.obj
                0x100003f8                cb_hoja_hardware_setup
 .text.cb_hoja_read_buttons
                0x100004a0      0x25a CMakeFiles/PROGCC3.1_RP2040.dir/src/main.c.obj
                0x100004a0                cb_hoja_read_buttons
 .text.addSample
                0x100006fa       0x30 CMakeFiles/PROGCC3.1_RP2040.dir/src/main.c.obj
                0x100006fa                addSample
 .text.getAverage
                0x1000072a        0xe CMakeFiles/PROGCC3.1_RP2040.dir/src/main.c.obj
                0x1000072a                getAverage
 .text.cb_hoja_read_analog
                0x10000738      0x1a0 CMakeFiles/PROGCC3.1_RP2040.dir/src/main.c.obj
                0x10000738                cb_hoja_read_analog
 .text.cb_hoja_task_0_hook
                0x100008d8        0x8 CMakeFiles/PROGCC3.1_RP2040.dir/src/main.c.obj
                0x100008d8                cb_hoja_task_0_hook
 .text.main     0x100008e0       0xb4 CMakeFiles/PROGCC3.1_RP2040.dir/src/main.c.obj
                0x100008e0                main
 .text.clamp_rumble_lo
                0x10000994       0x78 CMakeFiles/PROGCC3.1_RP2040.dir/src/app_rumble_haptic.c.obj
                0x10000994                clamp_rumble_lo
 .text.clamp_rumble_hi
                0x10000a0c       0x78 CMakeFiles/PROGCC3.1_RP2040.dir/src/app_rumble_haptic.c.obj
                0x10000a0c                clamp_rumble_hi
 .text.sine_table_init
                0x10000a84       0x4c CMakeFiles/PROGCC3.1_RP2040.dir/src/app_rumble_haptic.c.obj
                0x10000a84                sine_table_init
 .text.generate_sine_wave
                0x10000ad0      0x388 CMakeFiles/PROGCC3.1_RP2040.dir/src/app_rumble_haptic.c.obj
                0x10000ad0                generate_sine_wave
 .text.audio_init
                0x10000e58      0x310 CMakeFiles/PROGCC3.1_RP2040.dir/src/app_rumble_haptic.c.obj
                0x10000e58                audio_init
 .text.cb_hoja_rumble_set
                0x10001168       0x18 CMakeFiles/PROGCC3.1_RP2040.dir/src/app_rumble_haptic.c.obj
                0x10001168                cb_hoja_rumble_set
 .text.cb_hoja_rumble_init
                0x10001180       0xf0 CMakeFiles/PROGCC3.1_RP2040.dir/src/app_rumble_haptic.c.obj
                0x10001180                cb_hoja_rumble_init
 .text.app_rumble_task
                0x10001270       0x44 CMakeFiles/PROGCC3.1_RP2040.dir/src/app_rumble_haptic.c.obj
                0x10001270                app_rumble_task
 .text.cb_hoja_rumble_test
                0x100012b4       0x88 CMakeFiles/PROGCC3.1_RP2040.dir/src/app_rumble_haptic.c.obj
                0x100012b4                cb_hoja_rumble_test
 .text.app_rumble_hwtest
                0x1000133c        0xa CMakeFiles/PROGCC3.1_RP2040.dir/src/app_rumble_haptic.c.obj
                0x1000133c                app_rumble_hwtest
 .text._app_imu_concat_16
                0x10001346        0x8 CMakeFiles/PROGCC3.1_RP2040.dir/src/app_imu.c.obj
                0x10001346                _app_imu_concat_16
 *fill*         0x1000134e        0x2 
 .text._app_imu_write_register
                0x10001350       0x48 CMakeFiles/PROGCC3.1_RP2040.dir/src/app_imu.c.obj
                0x10001350                _app_imu_write_register
 .text.cb_hoja_read_imu
                0x10001398      0x1e8 CMakeFiles/PROGCC3.1_RP2040.dir/src/app_imu.c.obj
                0x10001398                cb_hoja_read_imu
 .text.app_imu_init
                0x10001580       0x34 CMakeFiles/PROGCC3.1_RP2040.dir/src/app_imu.c.obj
                0x10001580                app_imu_init
 .text._hwtest_pinok
                0x100015b4       0x7c CMakeFiles/PROGCC3.1_RP2040.dir/src/app_hwtest.c.obj
                0x100015b4                _hwtest_pinok
 .text._hwtest_data
                0x10001630        0xa CMakeFiles/PROGCC3.1_RP2040.dir/src/app_hwtest.c.obj
                0x10001630                _hwtest_data
 .text._hwtest_latch
                0x1000163a        0xa CMakeFiles/PROGCC3.1_RP2040.dir/src/app_hwtest.c.obj
                0x1000163a                _hwtest_latch
 .text._hwtest_clock
                0x10001644        0xa CMakeFiles/PROGCC3.1_RP2040.dir/src/app_hwtest.c.obj
                0x10001644                _hwtest_clock
 *fill*         0x1000164e        0x2 
 .text._hwtest_bluetooth
                0x10001650       0x30 CMakeFiles/PROGCC3.1_RP2040.dir/src/app_hwtest.c.obj
                0x10001650                _hwtest_bluetooth
 .text._hwtest_battery
                0x10001680        0x8 CMakeFiles/PROGCC3.1_RP2040.dir/src/app_hwtest.c.obj
                0x10001680                _hwtest_battery
 .text._hwtest_imu
                0x10001688       0xec CMakeFiles/PROGCC3.1_RP2040.dir/src/app_hwtest.c.obj
                0x10001688                _hwtest_imu
 .text._hwtest_analog
                0x10001774      0x134 CMakeFiles/PROGCC3.1_RP2040.dir/src/app_hwtest.c.obj
                0x10001774                _hwtest_analog
 .text._hwtest_rumble
                0x100018a8        0x8 CMakeFiles/PROGCC3.1_RP2040.dir/src/app_hwtest.c.obj
                0x100018a8                _hwtest_rumble
 .text._hwtest_rgb
                0x100018b0        0x4 CMakeFiles/PROGCC3.1_RP2040.dir/src/app_hwtest.c.obj
                0x100018b0                _hwtest_rgb
 .text.cb_hoja_hardware_test
                0x100018b4       0xaa CMakeFiles/PROGCC3.1_RP2040.dir/src/app_hwtest.c.obj
                0x100018b4                cb_hoja_hardware_test
 .text.cb_hoja_task_1_hook
                0x1000195e        0x2 CMakeFiles/PROGCC3.1_RP2040.dir/lib/HOJA-LIB-RP2040/src/hoja.c.obj
                0x1000195e                cb_hoja_task_1_hook
 .text.hoja_get_rumble_settings
                0x10001960       0x18 CMakeFiles/PROGCC3.1_RP2040.dir/lib/HOJA-LIB-RP2040/src/hoja.c.obj
                0x10001960                hoja_get_rumble_settings
 .text.cb_hoja_get_battery_level
                0x10001978        0x4 CMakeFiles/PROGCC3.1_RP2040.dir/lib/HOJA-LIB-RP2040/src/hoja.c.obj
                0x10001978                cb_hoja_get_battery_level
 .text.hoja_get_input_method
                0x1000197c        0xc CMakeFiles/PROGCC3.1_RP2040.dir/lib/HOJA-LIB-RP2040/src/hoja.c.obj
                0x1000197c                hoja_get_input_method
 .text._hoja_set_idle_state
                0x10001988       0xc0 CMakeFiles/PROGCC3.1_RP2040.dir/lib/HOJA-LIB-RP2040/src/hoja.c.obj
                0x10001988                _hoja_set_idle_state
 .text.hoja_get_idle_state
                0x10001a48        0xc CMakeFiles/PROGCC3.1_RP2040.dir/lib/HOJA-LIB-RP2040/src/hoja.c.obj
                0x10001a48                hoja_get_idle_state
 .text.hoja_set_baseband_update
                0x10001a54       0x28 CMakeFiles/PROGCC3.1_RP2040.dir/lib/HOJA-LIB-RP2040/src/hoja.c.obj
                0x10001a54                hoja_set_baseband_update
 .text.hoja_shutdown_instant
                0x10001a7c       0x1a CMakeFiles/PROGCC3.1_RP2040.dir/lib/HOJA-LIB-RP2040/src/hoja.c.obj
                0x10001a7c                hoja_shutdown_instant
 *fill*         0x10001a96        0x2 
 .text.hoja_get_timestamp
                0x10001a98       0x34 CMakeFiles/PROGCC3.1_RP2040.dir/lib/HOJA-LIB-RP2040/src/hoja.c.obj
                0x10001a98                hoja_get_timestamp
 .text.hoja_core1_sleep_us
                0x10001acc       0x2a CMakeFiles/PROGCC3.1_RP2040.dir/lib/HOJA-LIB-RP2040/src/hoja.c.obj
                0x10001acc                hoja_core1_sleep_us
 *fill*         0x10001af6        0x2 
 .text._hoja_task_1
                0x10001af8       0x28 CMakeFiles/PROGCC3.1_RP2040.dir/lib/HOJA-LIB-RP2040/src/hoja.c.obj
                0x10001af8                _hoja_task_1
 .text.hoja_deinit
                0x10001b20       0x34 CMakeFiles/PROGCC3.1_RP2040.dir/lib/HOJA-LIB-RP2040/src/hoja.c.obj
                0x10001b20                hoja_deinit
 .text.hoja_shutdown
                0x10001b54       0x1c CMakeFiles/PROGCC3.1_RP2040.dir/lib/HOJA-LIB-RP2040/src/hoja.c.obj
                0x10001b54                hoja_shutdown
 .text._hoja_task_0
                0x10001b70       0xe4 CMakeFiles/PROGCC3.1_RP2040.dir/lib/HOJA-LIB-RP2040/src/hoja.c.obj
                0x10001b70                _hoja_task_0
 .text.hoja_init
                0x10001c54      0x250 CMakeFiles/PROGCC3.1_RP2040.dir/lib/HOJA-LIB-RP2040/src/hoja.c.obj
                0x10001c54                hoja_init
 .text.hoja_setup_gpio_scan
                0x10001ea4       0x20 CMakeFiles/PROGCC3.1_RP2040.dir/lib/HOJA-LIB-RP2040/src/hoja.c.obj
                0x10001ea4                hoja_setup_gpio_scan
 .text.hoja_setup_gpio_push
                0x10001ec4       0x1e CMakeFiles/PROGCC3.1_RP2040.dir/lib/HOJA-LIB-RP2040/src/hoja.c.obj
                0x10001ec4                hoja_setup_gpio_push
 .text.hoja_setup_gpio_button
                0x10001ee2       0x1e CMakeFiles/PROGCC3.1_RP2040.dir/lib/HOJA-LIB-RP2040/src/hoja.c.obj
                0x10001ee2                hoja_setup_gpio_button
 .text._settings_validate
                0x10001f00       0x2c CMakeFiles/PROGCC3.1_RP2040.dir/lib/HOJA-LIB-RP2040/src/hoja_settings.c.obj
                0x10001f00                _settings_validate
 .text._settings_migrate
                0x10001f2c      0x1d4 CMakeFiles/PROGCC3.1_RP2040.dir/lib/HOJA-LIB-RP2040/src/hoja_settings.c.obj
                0x10001f2c                _settings_migrate
 .text._settings_get_config_version
                0x10002100       0x24 CMakeFiles/PROGCC3.1_RP2040.dir/lib/HOJA-LIB-RP2040/src/hoja_settings.c.obj
                0x10002100                _settings_get_config_version
 .text._generate_mac
                0x10002124       0x58 CMakeFiles/PROGCC3.1_RP2040.dir/lib/HOJA-LIB-RP2040/src/hoja_settings.c.obj
                0x10002124                _generate_mac
 .text._settings_init_default
                0x1000217c      0x20c CMakeFiles/PROGCC3.1_RP2040.dir/lib/HOJA-LIB-RP2040/src/hoja_settings.c.obj
                0x1000217c                _settings_init_default
 .text.settings_get_bank
                0x10002388        0xc CMakeFiles/PROGCC3.1_RP2040.dir/lib/HOJA-LIB-RP2040/src/hoja_settings.c.obj
                0x10002388                settings_get_bank
 .text.settings_core1_save_check
                0x10002394       0xa0 CMakeFiles/PROGCC3.1_RP2040.dir/lib/HOJA-LIB-RP2040/src/hoja_settings.c.obj
                0x10002394                settings_core1_save_check
 .text.settings_save_webindicate
                0x10002434        0xc CMakeFiles/PROGCC3.1_RP2040.dir/lib/HOJA-LIB-RP2040/src/hoja_settings.c.obj
                0x10002434                settings_save_webindicate
 .text.settings_save_from_core0
                0x10002440        0xc CMakeFiles/PROGCC3.1_RP2040.dir/lib/HOJA-LIB-RP2040/src/hoja_settings.c.obj
                0x10002440                settings_save_from_core0
 .text.settings_load
                0x1000244c       0xf8 CMakeFiles/PROGCC3.1_RP2040.dir/lib/HOJA-LIB-RP2040/src/hoja_settings.c.obj
                0x1000244c                settings_load
 .text.settings_set_rumble
                0x10002544       0x1c CMakeFiles/PROGCC3.1_RP2040.dir/lib/HOJA-LIB-RP2040/src/hoja_settings.c.obj
                0x10002544                settings_set_rumble
 .text.settings_set_deadzone
                0x10002560       0x44 CMakeFiles/PROGCC3.1_RP2040.dir/lib/HOJA-LIB-RP2040/src/hoja_settings.c.obj
                0x10002560                settings_set_deadzone
 .text.settings_set_centers
                0x100025a4       0x44 CMakeFiles/PROGCC3.1_RP2040.dir/lib/HOJA-LIB-RP2040/src/hoja_settings.c.obj
                0x100025a4                settings_set_centers
 .text.settings_set_mode
                0x100025e8       0x10 CMakeFiles/PROGCC3.1_RP2040.dir/lib/HOJA-LIB-RP2040/src/hoja_settings.c.obj
                0x100025e8                settings_set_mode
 .text.hoja_comms_task
                0x100025f8       0x14 CMakeFiles/PROGCC3.1_RP2040.dir/lib/HOJA-LIB-RP2040/src/hoja_comms.c.obj
                0x100025f8                hoja_comms_task
 .text.hoja_comms_current_mode
                0x1000260c        0xc CMakeFiles/PROGCC3.1_RP2040.dir/lib/HOJA-LIB-RP2040/src/hoja_comms.c.obj
                0x1000260c                hoja_comms_current_mode
 .text.hoja_comms_init
                0x10002618       0xc8 CMakeFiles/PROGCC3.1_RP2040.dir/lib/HOJA-LIB-RP2040/src/hoja_comms.c.obj
                0x10002618                hoja_comms_init
 .text.ws2812_program_init
                0x100026e0      0x154 CMakeFiles/PROGCC3.1_RP2040.dir/lib/HOJA-LIB-RP2040/src/utilities/rgb.c.obj
 .text._rgb_set_dirty
                0x10002834        0xc CMakeFiles/PROGCC3.1_RP2040.dir/lib/HOJA-LIB-RP2040/src/utilities/rgb.c.obj
                0x10002834                _rgb_set_dirty
 .text._rgbanim_cycleoffset_do
                0x10002840       0xbc CMakeFiles/PROGCC3.1_RP2040.dir/lib/HOJA-LIB-RP2040/src/utilities/rgb.c.obj
                0x10002840                _rgbanim_cycleoffset_do
 .text.rgb_set_override
                0x100028fc       0x1c CMakeFiles/PROGCC3.1_RP2040.dir/lib/HOJA-LIB-RP2040/src/utilities/rgb.c.obj
                0x100028fc                rgb_set_override
 .text._rgb_convert_hue_saturation
                0x10002918       0x84 CMakeFiles/PROGCC3.1_RP2040.dir/lib/HOJA-LIB-RP2040/src/utilities/rgb.c.obj
                0x10002918                _rgb_convert_hue_saturation
 .text._rgb_set_color_brightness
                0x1000299c       0xa4 CMakeFiles/PROGCC3.1_RP2040.dir/lib/HOJA-LIB-RP2040/src/utilities/rgb.c.obj
                0x1000299c                _rgb_set_color_brightness
 .text._rgb_normalize_output_power
                0x10002a40       0x88 CMakeFiles/PROGCC3.1_RP2040.dir/lib/HOJA-LIB-RP2040/src/utilities/rgb.c.obj
                0x10002a40                _rgb_normalize_output_power
 .text._rgbanim_rainbowoffset_do
                0x10002ac8       0x8c CMakeFiles/PROGCC3.1_RP2040.dir/lib/HOJA-LIB-RP2040/src/utilities/rgb.c.obj
                0x10002ac8                _rgbanim_rainbowoffset_do
 .text._rgb_update_all
                0x10002b54       0x28 CMakeFiles/PROGCC3.1_RP2040.dir/lib/HOJA-LIB-RP2040/src/utilities/rgb.c.obj
                0x10002b54                _rgb_update_all
 .text._rgb_blend
                0x10002b7c       0xb2 CMakeFiles/PROGCC3.1_RP2040.dir/lib/HOJA-LIB-RP2040/src/utilities/rgb.c.obj
                0x10002b7c                _rgb_blend
 *fill*         0x10002c2e        0x2 
 .text._rgb_set_player
                0x10002c30       0x5c CMakeFiles/PROGCC3.1_RP2040.dir/lib/HOJA-LIB-RP2040/src/utilities/rgb.c.obj
                0x10002c30                _rgb_set_player
 .text.rgb_set_player
                0x10002c8c       0x20 CMakeFiles/PROGCC3.1_RP2040.dir/lib/HOJA-LIB-RP2040/src/utilities/rgb.c.obj
                0x10002c8c                rgb_set_player
 .text._rgb_animate_step
                0x10002cac       0xcc CMakeFiles/PROGCC3.1_RP2040.dir/lib/HOJA-LIB-RP2040/src/utilities/rgb.c.obj
                0x10002cac                _rgb_animate_step
 .text._rgb_set_sequential
                0x10002d78       0x32 CMakeFiles/PROGCC3.1_RP2040.dir/lib/HOJA-LIB-RP2040/src/utilities/rgb.c.obj
                0x10002d78                _rgb_set_sequential
 *fill*         0x10002daa        0x2 
 .text._rgb_set_brightness
                0x10002dac       0x14 CMakeFiles/PROGCC3.1_RP2040.dir/lib/HOJA-LIB-RP2040/src/utilities/rgb.c.obj
                0x10002dac                _rgb_set_brightness
 .text._rgb_set_all
                0x10002dc0       0x30 CMakeFiles/PROGCC3.1_RP2040.dir/lib/HOJA-LIB-RP2040/src/utilities/rgb.c.obj
                0x10002dc0                _rgb_set_all
 .text._rgbanim_rainbow_do
                0x10002df0       0x34 CMakeFiles/PROGCC3.1_RP2040.dir/lib/HOJA-LIB-RP2040/src/utilities/rgb.c.obj
                0x10002df0                _rgbanim_rainbow_do
 .text._rgbanim_cycle_do
                0x10002e24       0x88 CMakeFiles/PROGCC3.1_RP2040.dir/lib/HOJA-LIB-RP2040/src/utilities/rgb.c.obj
                0x10002e24                _rgbanim_cycle_do
 .text._rgbanim_flash_do
                0x10002eac       0x4c CMakeFiles/PROGCC3.1_RP2040.dir/lib/HOJA-LIB-RP2040/src/utilities/rgb.c.obj
                0x10002eac                _rgbanim_flash_do
 .text._rgb_indicate_override_do
                0x10002ef8       0x7c CMakeFiles/PROGCC3.1_RP2040.dir/lib/HOJA-LIB-RP2040/src/utilities/rgb.c.obj
                0x10002ef8                _rgb_indicate_override_do
 .text._rgb_shutdown_start_override_do
                0x10002f74       0x48 CMakeFiles/PROGCC3.1_RP2040.dir/lib/HOJA-LIB-RP2040/src/utilities/rgb.c.obj
                0x10002f74                _rgb_shutdown_start_override_do
 .text.rgb_set_group
                0x10002fbc      0x100 CMakeFiles/PROGCC3.1_RP2040.dir/lib/HOJA-LIB-RP2040/src/utilities/rgb.c.obj
                0x10002fbc                rgb_set_group
 .text._rgb_preset_reload
                0x100030bc       0x3c CMakeFiles/PROGCC3.1_RP2040.dir/lib/HOJA-LIB-RP2040/src/utilities/rgb.c.obj
                0x100030bc                _rgb_preset_reload
 .text._rgb_load_preset
                0x100030f8       0x10 CMakeFiles/PROGCC3.1_RP2040.dir/lib/HOJA-LIB-RP2040/src/utilities/rgb.c.obj
                0x100030f8                _rgb_load_preset
 .text._rgbanim_preset_do
                0x10003108       0x28 CMakeFiles/PROGCC3.1_RP2040.dir/lib/HOJA-LIB-RP2040/src/utilities/rgb.c.obj
                0x10003108                _rgbanim_preset_do
 .text.rgb_update_speed
                0x10003130       0x70 CMakeFiles/PROGCC3.1_RP2040.dir/lib/HOJA-LIB-RP2040/src/utilities/rgb.c.obj
                0x10003130                rgb_update_speed
 .text.rgb_indicate
                0x100031a0       0x24 CMakeFiles/PROGCC3.1_RP2040.dir/lib/HOJA-LIB-RP2040/src/utilities/rgb.c.obj
                0x100031a0                rgb_indicate
 .text.rgb_shutdown_start
                0x100031c4       0x2c CMakeFiles/PROGCC3.1_RP2040.dir/lib/HOJA-LIB-RP2040/src/utilities/rgb.c.obj
                0x100031c4                rgb_shutdown_start
 .text.rgb_init
                0x100031f0       0xd8 CMakeFiles/PROGCC3.1_RP2040.dir/lib/HOJA-LIB-RP2040/src/utilities/rgb.c.obj
                0x100031f0                rgb_init
 .text.rgb_flash
                0x100032c8       0x2c CMakeFiles/PROGCC3.1_RP2040.dir/lib/HOJA-LIB-RP2040/src/utilities/rgb.c.obj
                0x100032c8                rgb_flash
 .text.rgb_task
                0x100032f4       0x70 CMakeFiles/PROGCC3.1_RP2040.dir/lib/HOJA-LIB-RP2040/src/utilities/rgb.c.obj
                0x100032f4                rgb_task
 .text.util_battery_comms_check
                0x10003364       0x4c CMakeFiles/PROGCC3.1_RP2040.dir/lib/HOJA-LIB-RP2040/src/utilities/battery.c.obj
                0x10003364                util_battery_comms_check
 .text.util_battery_init
                0x100033b0       0x18 CMakeFiles/PROGCC3.1_RP2040.dir/lib/HOJA-LIB-RP2040/src/utilities/battery.c.obj
                0x100033b0                util_battery_init
 .text.util_battery_enable_ship_mode
                0x100033c8       0x58 CMakeFiles/PROGCC3.1_RP2040.dir/lib/HOJA-LIB-RP2040/src/utilities/battery.c.obj
                0x100033c8                util_battery_enable_ship_mode
 .text.util_battery_set_charge_rate
                0x10003420       0x74 CMakeFiles/PROGCC3.1_RP2040.dir/lib/HOJA-LIB-RP2040/src/utilities/battery.c.obj
                0x10003420                util_battery_set_charge_rate
 .text.util_battery_get_level
                0x10003494       0x30 CMakeFiles/PROGCC3.1_RP2040.dir/lib/HOJA-LIB-RP2040/src/utilities/battery.c.obj
                0x10003494                util_battery_get_level
 .text.util_battery_set_source
                0x100034c4       0x48 CMakeFiles/PROGCC3.1_RP2040.dir/lib/HOJA-LIB-RP2040/src/utilities/battery.c.obj
                0x100034c4                util_battery_set_source
 .text.util_wire_connected
                0x1000350c       0x60 CMakeFiles/PROGCC3.1_RP2040.dir/lib/HOJA-LIB-RP2040/src/utilities/battery.c.obj
                0x1000350c                util_wire_connected
 .text.util_battery_monitor_task_usb
                0x1000356c       0xdc CMakeFiles/PROGCC3.1_RP2040.dir/lib/HOJA-LIB-RP2040/src/utilities/battery.c.obj
                0x1000356c                util_battery_monitor_task_usb
 .text._software_reset
                0x10003648        0xe CMakeFiles/PROGCC3.1_RP2040.dir/lib/HOJA-LIB-RP2040/src/utilities/reboot.c.obj
                0x10003648                _software_reset
 *fill*         0x10003656        0x2 
 .text._scratch_set
                0x10003658       0x14 CMakeFiles/PROGCC3.1_RP2040.dir/lib/HOJA-LIB-RP2040/src/utilities/reboot.c.obj
                0x10003658                _scratch_set
 .text._scratch_get
                0x1000366c       0x24 CMakeFiles/PROGCC3.1_RP2040.dir/lib/HOJA-LIB-RP2040/src/utilities/reboot.c.obj
                0x1000366c                _scratch_get
 .text.reboot_with_memory
                0x10003690        0xe CMakeFiles/PROGCC3.1_RP2040.dir/lib/HOJA-LIB-RP2040/src/utilities/reboot.c.obj
                0x10003690                reboot_with_memory
 .text.reboot_get_memory
                0x1000369e        0xa CMakeFiles/PROGCC3.1_RP2040.dir/lib/HOJA-LIB-RP2040/src/utilities/reboot.c.obj
                0x1000369e                reboot_get_memory
 .text.interval_run
                0x100036a8       0x26 CMakeFiles/PROGCC3.1_RP2040.dir/lib/HOJA-LIB-RP2040/src/utilities/interval.c.obj
                0x100036a8                interval_run
 .text.interval_resettable_run
                0x100036ce       0x3a CMakeFiles/PROGCC3.1_RP2040.dir/lib/HOJA-LIB-RP2040/src/utilities/interval.c.obj
                0x100036ce                interval_resettable_run
 .text.i2c_safe_enter_blocking
                0x10003708       0x1c CMakeFiles/PROGCC3.1_RP2040.dir/lib/HOJA-LIB-RP2040/src/utilities/i2c_safe.c.obj
                0x10003708                i2c_safe_enter_blocking
 .text.i2c_safe_exit
                0x10003724       0x10 CMakeFiles/PROGCC3.1_RP2040.dir/lib/HOJA-LIB-RP2040/src/utilities/i2c_safe.c.obj
                0x10003724                i2c_safe_exit
 .text.i2c_safe_write_timeout_us
                0x10003734       0x8c CMakeFiles/PROGCC3.1_RP2040.dir/lib/HOJA-LIB-RP2040/src/utilities/i2c_safe.c.obj
                0x10003734                i2c_safe_write_timeout_us
 .text.i2c_safe_read_timeout_us
                0x100037c0       0x8c CMakeFiles/PROGCC3.1_RP2040.dir/lib/HOJA-LIB-RP2040/src/utilities/i2c_safe.c.obj
                0x100037c0                i2c_safe_read_timeout_us
 .text.i2c_safe_write_blocking
                0x1000384c       0x36 CMakeFiles/PROGCC3.1_RP2040.dir/lib/HOJA-LIB-RP2040/src/utilities/i2c_safe.c.obj
                0x1000384c                i2c_safe_write_blocking
 *fill*         0x10003882        0x2 
 .text.i2c_safe_write_read_timeout_us
                0x10003884       0xdc CMakeFiles/PROGCC3.1_RP2040.dir/lib/HOJA-LIB-RP2040/src/utilities/i2c_safe.c.obj
                0x10003884                i2c_safe_write_read_timeout_us
 .text.tud_descriptor_bos_cb
                0x10003960       0x1c CMakeFiles/PROGCC3.1_RP2040.dir/lib/HOJA-LIB-RP2040/src/usb/desc_bos.c.obj
                0x10003960                tud_descriptor_bos_cb
 .text.tud_hid_ready
                0x1000397c        0xa CMakeFiles/PROGCC3.1_RP2040.dir/lib/HOJA-LIB-RP2040/src/usb/hoja_usb.c.obj
 *fill*         0x10003986        0x2 
 .text.hoja_usb_set_usb_clear
                0x10003988       0x28 CMakeFiles/PROGCC3.1_RP2040.dir/lib/HOJA-LIB-RP2040/src/usb/hoja_usb.c.obj
                0x10003988                hoja_usb_set_usb_clear
 .text.hoja_usb_unset_usb_clear
                0x100039b0       0x28 CMakeFiles/PROGCC3.1_RP2040.dir/lib/HOJA-LIB-RP2040/src/usb/hoja_usb.c.obj
                0x100039b0                hoja_usb_unset_usb_clear
 .text.hoja_usb_get_usb_clear
                0x100039d8       0x4c CMakeFiles/PROGCC3.1_RP2040.dir/lib/HOJA-LIB-RP2040/src/usb/hoja_usb.c.obj
                0x100039d8                hoja_usb_get_usb_clear
 .text.usbd_app_driver_get_cb
                0x10003a24       0x24 CMakeFiles/PROGCC3.1_RP2040.dir/lib/HOJA-LIB-RP2040/src/usb/hoja_usb.c.obj
                0x10003a24                usbd_app_driver_get_cb
 .text._hoja_usb_set_interval
                0x10003a48       0x44 CMakeFiles/PROGCC3.1_RP2040.dir/lib/HOJA-LIB-RP2040/src/usb/hoja_usb.c.obj
                0x10003a48                _hoja_usb_set_interval
 .text.hoja_usb_start
                0x10003a8c       0xb0 CMakeFiles/PROGCC3.1_RP2040.dir/lib/HOJA-LIB-RP2040/src/usb/hoja_usb.c.obj
                0x10003a8c                hoja_usb_start
 .text.hoja_usb_task
                0x10003b3c       0xcc CMakeFiles/PROGCC3.1_RP2040.dir/lib/HOJA-LIB-RP2040/src/usb/hoja_usb.c.obj
                0x10003b3c                hoja_usb_task
 .text.tud_descriptor_device_cb
                0x10003c08       0x38 CMakeFiles/PROGCC3.1_RP2040.dir/lib/HOJA-LIB-RP2040/src/usb/hoja_usb.c.obj
                0x10003c08                tud_descriptor_device_cb
 .text.tud_descriptor_configuration_cb
                0x10003c40       0x38 CMakeFiles/PROGCC3.1_RP2040.dir/lib/HOJA-LIB-RP2040/src/usb/hoja_usb.c.obj
                0x10003c40                tud_descriptor_configuration_cb
 .text.tud_hid_get_report_cb
                0x10003c78        0x4 CMakeFiles/PROGCC3.1_RP2040.dir/lib/HOJA-LIB-RP2040/src/usb/hoja_usb.c.obj
                0x10003c78                tud_hid_get_report_cb
 .text.tud_hid_report_complete_cb
                0x10003c7c       0x54 CMakeFiles/PROGCC3.1_RP2040.dir/lib/HOJA-LIB-RP2040/src/usb/hoja_usb.c.obj
                0x10003c7c                tud_hid_report_complete_cb
 .text.tud_hid_set_report_cb
                0x10003cd0      0x134 CMakeFiles/PROGCC3.1_RP2040.dir/lib/HOJA-LIB-RP2040/src/usb/hoja_usb.c.obj
                0x10003cd0                tud_hid_set_report_cb
 .text.tud_hid_descriptor_report_cb
                0x10003e04       0x2c CMakeFiles/PROGCC3.1_RP2040.dir/lib/HOJA-LIB-RP2040/src/usb/hoja_usb.c.obj
                0x10003e04                tud_hid_descriptor_report_cb
 .text.tud_descriptor_string_cb
                0x10003e30       0x9c CMakeFiles/PROGCC3.1_RP2040.dir/lib/HOJA-LIB-RP2040/src/usb/hoja_usb.c.obj
                0x10003e30                tud_descriptor_string_cb
 .text.tud_vendor_rx_cb
                0x10003ecc       0x38 CMakeFiles/PROGCC3.1_RP2040.dir/lib/HOJA-LIB-RP2040/src/usb/hoja_usb.c.obj
                0x10003ecc                tud_vendor_rx_cb
 .text.tud_vendor_control_xfer_cb
                0x10003f04      0x100 CMakeFiles/PROGCC3.1_RP2040.dir/lib/HOJA-LIB-RP2040/src/usb/hoja_usb.c.obj
                0x10003f04                tud_vendor_control_xfer_cb
 .text.dir_to_hat
                0x10004004       0x88 CMakeFiles/PROGCC3.1_RP2040.dir/lib/HOJA-LIB-RP2040/src/usb/hoja_usb.c.obj
                0x10004004                dir_to_hat
 .text.xinputd_control_xfer_cb
                0x1000408c        0x4 CMakeFiles/PROGCC3.1_RP2040.dir/lib/HOJA-LIB-RP2040/src/usb/xinput_device.c.obj
                0x1000408c                xinputd_control_xfer_cb
 .text.xinputd_reset
                0x10004090       0x14 CMakeFiles/PROGCC3.1_RP2040.dir/lib/HOJA-LIB-RP2040/src/usb/xinput_device.c.obj
                0x10004090                xinputd_reset
 .text.xinputd_init
                0x100040a4        0xa CMakeFiles/PROGCC3.1_RP2040.dir/lib/HOJA-LIB-RP2040/src/usb/xinput_device.c.obj
                0x100040a4                xinputd_init
 *fill*         0x100040ae        0x2 
 .text.xinputd_open
                0x100040b0       0x70 CMakeFiles/PROGCC3.1_RP2040.dir/lib/HOJA-LIB-RP2040/src/usb/xinput_device.c.obj
                0x100040b0                xinputd_open
 .text.xinputd_xfer_cb
                0x10004120       0x68 CMakeFiles/PROGCC3.1_RP2040.dir/lib/HOJA-LIB-RP2040/src/usb/xinput_device.c.obj
                0x10004120                xinputd_xfer_cb
 .text.tud_xinput_getout
                0x10004188       0x54 CMakeFiles/PROGCC3.1_RP2040.dir/lib/HOJA-LIB-RP2040/src/usb/xinput_device.c.obj
                0x10004188                tud_xinput_getout
 .text.tud_xinput_report
                0x100041dc       0x58 CMakeFiles/PROGCC3.1_RP2040.dir/lib/HOJA-LIB-RP2040/src/usb/xinput_device.c.obj
                0x100041dc                tud_xinput_report
 .text.tud_xinput_ready
                0x10004234       0x48 CMakeFiles/PROGCC3.1_RP2040.dir/lib/HOJA-LIB-RP2040/src/usb/xinput_device.c.obj
                0x10004234                tud_xinput_ready
 .text.ginputd_reset
                0x1000427c       0x14 CMakeFiles/PROGCC3.1_RP2040.dir/lib/HOJA-LIB-RP2040/src/usb/ginput_device.c.obj
                0x1000427c                ginputd_reset
 .text.ginputd_init
                0x10004290        0xa CMakeFiles/PROGCC3.1_RP2040.dir/lib/HOJA-LIB-RP2040/src/usb/ginput_device.c.obj
                0x10004290                ginputd_init
 *fill*         0x1000429a        0x2 
 .text.ginputd_open
                0x1000429c       0xc4 CMakeFiles/PROGCC3.1_RP2040.dir/lib/HOJA-LIB-RP2040/src/usb/ginput_device.c.obj
                0x1000429c                ginputd_open
 .text.ginputd_xfer_cb
                0x10004360       0x84 CMakeFiles/PROGCC3.1_RP2040.dir/lib/HOJA-LIB-RP2040/src/usb/ginput_device.c.obj
                0x10004360                ginputd_xfer_cb
 .text.ginputd_control_xfer_cb
                0x100043e4      0x28c CMakeFiles/PROGCC3.1_RP2040.dir/lib/HOJA-LIB-RP2040/src/usb/ginput_device.c.obj
                0x100043e4                ginputd_control_xfer_cb
 .text.tud_ginput_n_ready
                0x10004670       0x50 CMakeFiles/PROGCC3.1_RP2040.dir/lib/HOJA-LIB-RP2040/src/usb/ginput_device.c.obj
                0x10004670                tud_ginput_n_ready
 .text.tud_ginput_ready
                0x100046c0        0xa CMakeFiles/PROGCC3.1_RP2040.dir/lib/HOJA-LIB-RP2040/src/usb/ginput_device.c.obj
                0x100046c0                tud_ginput_ready
 *fill*         0x100046ca        0x2 
 .text.tud_ginput_n_report
                0x100046cc       0x94 CMakeFiles/PROGCC3.1_RP2040.dir/lib/HOJA-LIB-RP2040/src/usb/ginput_device.c.obj
                0x100046cc                tud_ginput_n_report
 .text.tud_ginput_report
                0x10004760       0x10 CMakeFiles/PROGCC3.1_RP2040.dir/lib/HOJA-LIB-RP2040/src/usb/ginput_device.c.obj
                0x10004760                tud_ginput_report
 .text.switch_analog_encode
                0x10004770       0x16 CMakeFiles/PROGCC3.1_RP2040.dir/lib/HOJA-LIB-RP2040/src/switch/switch_analog.c.obj
                0x10004770                switch_analog_encode
 *fill*         0x10004786        0x2 
 .text.switch_analog_calibration_init
                0x10004788       0x50 CMakeFiles/PROGCC3.1_RP2040.dir/lib/HOJA-LIB-RP2040/src/switch/switch_analog.c.obj
                0x10004788                switch_analog_calibration_init
 .text.clear_report
                0x100047d8       0x14 CMakeFiles/PROGCC3.1_RP2040.dir/lib/HOJA-LIB-RP2040/src/switch/switch_commands.c.obj
                0x100047d8                clear_report
 .text.set_report_id
                0x100047ec        0xc CMakeFiles/PROGCC3.1_RP2040.dir/lib/HOJA-LIB-RP2040/src/switch/switch_commands.c.obj
                0x100047ec                set_report_id
 .text.set_ack  0x100047f8        0xc CMakeFiles/PROGCC3.1_RP2040.dir/lib/HOJA-LIB-RP2040/src/switch/switch_commands.c.obj
                0x100047f8                set_ack
 .text.set_command
                0x10004804        0xc CMakeFiles/PROGCC3.1_RP2040.dir/lib/HOJA-LIB-RP2040/src/switch/switch_commands.c.obj
                0x10004804                set_command
 .text.set_timer
                0x10004810       0x54 CMakeFiles/PROGCC3.1_RP2040.dir/lib/HOJA-LIB-RP2040/src/switch/switch_commands.c.obj
                0x10004810                set_timer
 .text.set_battconn
                0x10004864       0x14 CMakeFiles/PROGCC3.1_RP2040.dir/lib/HOJA-LIB-RP2040/src/switch/switch_commands.c.obj
                0x10004864                set_battconn
 .text.set_devinfo
                0x10004878       0x20 CMakeFiles/PROGCC3.1_RP2040.dir/lib/HOJA-LIB-RP2040/src/switch/switch_commands.c.obj
                0x10004878                set_devinfo
 .text.set_sub_triggertime
                0x10004898       0x24 CMakeFiles/PROGCC3.1_RP2040.dir/lib/HOJA-LIB-RP2040/src/switch/switch_commands.c.obj
                0x10004898                set_sub_triggertime
 .text.info_set_mac
                0x100048bc       0x34 CMakeFiles/PROGCC3.1_RP2040.dir/lib/HOJA-LIB-RP2040/src/switch/switch_commands.c.obj
                0x100048bc                info_set_mac
 .text.info_handler
                0x100048f0       0x34 CMakeFiles/PROGCC3.1_RP2040.dir/lib/HOJA-LIB-RP2040/src/switch/switch_commands.c.obj
                0x100048f0                info_handler
 .text.pairing_set
                0x10004924       0xc0 CMakeFiles/PROGCC3.1_RP2040.dir/lib/HOJA-LIB-RP2040/src/switch/switch_commands.c.obj
                0x10004924                pairing_set
 .text.command_handler
                0x100049e4      0x138 CMakeFiles/PROGCC3.1_RP2040.dir/lib/HOJA-LIB-RP2040/src/switch/switch_commands.c.obj
                0x100049e4                command_handler
 .text.report_handler
                0x10004b1c       0x36 CMakeFiles/PROGCC3.1_RP2040.dir/lib/HOJA-LIB-RP2040/src/switch/switch_commands.c.obj
                0x10004b1c                report_handler
 *fill*         0x10004b52        0x2 
 .text._unknown_thing
                0x10004b54       0x2c CMakeFiles/PROGCC3.1_RP2040.dir/lib/HOJA-LIB-RP2040/src/switch/switch_commands.c.obj
                0x10004b54                _unknown_thing
 .text.switch_commands_process
                0x10004b80      0x1a0 CMakeFiles/PROGCC3.1_RP2040.dir/lib/HOJA-LIB-RP2040/src/switch/switch_commands.c.obj
                0x10004b80                switch_commands_process
 .text.switch_commands_future_handle
                0x10004d20       0x28 CMakeFiles/PROGCC3.1_RP2040.dir/lib/HOJA-LIB-RP2040/src/switch/switch_commands.c.obj
                0x10004d20                switch_commands_future_handle
 .text.switch_commands_bulkset
                0x10004d48       0x10 CMakeFiles/PROGCC3.1_RP2040.dir/lib/HOJA-LIB-RP2040/src/switch/switch_commands.c.obj
                0x10004d48                switch_commands_bulkset
 .text.sw_spi_getaddressdata
                0x10004d58      0x18c CMakeFiles/PROGCC3.1_RP2040.dir/lib/HOJA-LIB-RP2040/src/switch/switch_spi.c.obj
                0x10004d58                sw_spi_getaddressdata
 .text.sw_spi_readfromaddress
                0x10004ee4       0x50 CMakeFiles/PROGCC3.1_RP2040.dir/lib/HOJA-LIB-RP2040/src/switch/switch_spi.c.obj
                0x10004ee4                sw_spi_readfromaddress
 .text.initialize_exp_base2_lookup
                0x10004f34       0x54 CMakeFiles/PROGCC3.1_RP2040.dir/lib/HOJA-LIB-RP2040/src/switch/switch_haptics.c.obj
                0x10004f34                initialize_exp_base2_lookup
 .text.initialize_rumble_amp_lookup
                0x10004f88       0x88 CMakeFiles/PROGCC3.1_RP2040.dir/lib/HOJA-LIB-RP2040/src/switch/switch_haptics.c.obj
                0x10004f88                initialize_rumble_amp_lookup
 .text.initialize_rumble_freq_lookup
                0x10005010       0x30 CMakeFiles/PROGCC3.1_RP2040.dir/lib/HOJA-LIB-RP2040/src/switch/switch_haptics.c.obj
                0x10005010                initialize_rumble_freq_lookup
 .text.haptics_get_lookup_index
                0x10005040       0x38 CMakeFiles/PROGCC3.1_RP2040.dir/lib/HOJA-LIB-RP2040/src/switch/switch_haptics.c.obj
                0x10005040                haptics_get_lookup_index
 .text.haptics_apply_command
                0x10005078       0x42 CMakeFiles/PROGCC3.1_RP2040.dir/lib/HOJA-LIB-RP2040/src/switch/switch_haptics.c.obj
                0x10005078                haptics_apply_command
 .text.hatptics_initialize_lookup_tables
                0x100050ba       0x10 CMakeFiles/PROGCC3.1_RP2040.dir/lib/HOJA-LIB-RP2040/src/switch/switch_haptics.c.obj
                0x100050ba                hatptics_initialize_lookup_tables
 *fill*         0x100050ca        0x2 
 .text.haptics_linear_to_normal
                0x100050cc       0xcc CMakeFiles/PROGCC3.1_RP2040.dir/lib/HOJA-LIB-RP2040/src/switch/switch_haptics.c.obj
                0x100050cc                haptics_linear_to_normal
 .text._haptics_decode_type_1
                0x10005198      0x3d4 CMakeFiles/PROGCC3.1_RP2040.dir/lib/HOJA-LIB-RP2040/src/switch/switch_haptics.c.obj
                0x10005198                _haptics_decode_type_1
 .text._haptics_decode_type_2
                0x1000556c       0x8c CMakeFiles/PROGCC3.1_RP2040.dir/lib/HOJA-LIB-RP2040/src/switch/switch_haptics.c.obj
                0x1000556c                _haptics_decode_type_2
 .text._haptics_decode_type_3
                0x100055f8      0x324 CMakeFiles/PROGCC3.1_RP2040.dir/lib/HOJA-LIB-RP2040/src/switch/switch_haptics.c.obj
                0x100055f8                _haptics_decode_type_3
 .text._haptics_decode_type_4
                0x1000591c      0x348 CMakeFiles/PROGCC3.1_RP2040.dir/lib/HOJA-LIB-RP2040/src/switch/switch_haptics.c.obj
                0x1000591c                _haptics_decode_type_4
 .text._haptics_decode_samples
                0x10005c64       0x76 CMakeFiles/PROGCC3.1_RP2040.dir/lib/HOJA-LIB-RP2040/src/switch/switch_haptics.c.obj
                0x10005c64                _haptics_decode_samples
 *fill*         0x10005cda        0x2 
 .text.haptics_rumble_translate
                0x10005cdc       0x74 CMakeFiles/PROGCC3.1_RP2040.dir/lib/HOJA-LIB-RP2040/src/switch/switch_haptics.c.obj
                0x10005cdc                haptics_rumble_translate
 .text.imu_pack_quat
                0x10005d50      0x254 CMakeFiles/PROGCC3.1_RP2040.dir/lib/HOJA-LIB-RP2040/src/input/imu.c.obj
                0x10005d50                imu_pack_quat
 .text._imu_rotate_quaternion
                0x10005fa4      0x146 CMakeFiles/PROGCC3.1_RP2040.dir/lib/HOJA-LIB-RP2040/src/input/imu.c.obj
                0x10005fa4                _imu_rotate_quaternion
 .text._imu_quat_normalize
                0x100060ea       0x7c CMakeFiles/PROGCC3.1_RP2040.dir/lib/HOJA-LIB-RP2040/src/input/imu.c.obj
                0x100060ea                _imu_quat_normalize
 *fill*         0x10006166        0x2 
 .text._imu_update_quaternion
                0x10006168      0x29c CMakeFiles/PROGCC3.1_RP2040.dir/lib/HOJA-LIB-RP2040/src/input/imu.c.obj
                0x10006168                _imu_update_quaternion
 .text.imu_fifo_push
                0x10006404       0xa8 CMakeFiles/PROGCC3.1_RP2040.dir/lib/HOJA-LIB-RP2040/src/input/imu.c.obj
                0x10006404                imu_fifo_push
 .text.imu_fifo_last
                0x100064ac       0x38 CMakeFiles/PROGCC3.1_RP2040.dir/lib/HOJA-LIB-RP2040/src/input/imu.c.obj
                0x100064ac                imu_fifo_last
 .text._imu_average_value
                0x100064e4       0x30 CMakeFiles/PROGCC3.1_RP2040.dir/lib/HOJA-LIB-RP2040/src/input/imu.c.obj
                0x100064e4                _imu_average_value
 .text.imu_calibrate_start
                0x10006514       0xc4 CMakeFiles/PROGCC3.1_RP2040.dir/lib/HOJA-LIB-RP2040/src/input/imu.c.obj
                0x10006514                imu_calibrate_start
 .text.imu_calibrate_stop
                0x100065d8       0x2c CMakeFiles/PROGCC3.1_RP2040.dir/lib/HOJA-LIB-RP2040/src/input/imu.c.obj
                0x100065d8                imu_calibrate_stop
 .text._imu_calibrate_task
                0x10006604      0x160 CMakeFiles/PROGCC3.1_RP2040.dir/lib/HOJA-LIB-RP2040/src/input/imu.c.obj
                0x10006604                _imu_calibrate_task
 .text.imu_set_enabled
                0x10006764        0xc CMakeFiles/PROGCC3.1_RP2040.dir/lib/HOJA-LIB-RP2040/src/input/imu.c.obj
                0x10006764                imu_set_enabled
 .text.imu_task
                0x10006770      0x158 CMakeFiles/PROGCC3.1_RP2040.dir/lib/HOJA-LIB-RP2040/src/input/imu.c.obj
                0x10006770                imu_task
 .text._remap_load_remap
                0x100068c8       0x60 CMakeFiles/PROGCC3.1_RP2040.dir/lib/HOJA-LIB-RP2040/src/input/remap.c.obj
                0x100068c8                _remap_load_remap
 .text._remap_pack_remap
                0x10006928       0xda CMakeFiles/PROGCC3.1_RP2040.dir/lib/HOJA-LIB-RP2040/src/input/remap.c.obj
                0x10006928                _remap_pack_remap
 .text._remap_unpack_remap
                0x10006a02       0x72 CMakeFiles/PROGCC3.1_RP2040.dir/lib/HOJA-LIB-RP2040/src/input/remap.c.obj
                0x10006a02                _remap_unpack_remap
 .text.remap_reset_default
                0x10006a74       0x74 CMakeFiles/PROGCC3.1_RP2040.dir/lib/HOJA-LIB-RP2040/src/input/remap.c.obj
                0x10006a74                remap_reset_default
 .text.remap_init
                0x10006ae8       0x5c CMakeFiles/PROGCC3.1_RP2040.dir/lib/HOJA-LIB-RP2040/src/input/remap.c.obj
                0x10006ae8                remap_init
 .text.remap_set_gc_sp
                0x10006b44       0x10 CMakeFiles/PROGCC3.1_RP2040.dir/lib/HOJA-LIB-RP2040/src/input/remap.c.obj
                0x10006b44                remap_set_gc_sp
 .text.remap_listen_stop
                0x10006b54       0x20 CMakeFiles/PROGCC3.1_RP2040.dir/lib/HOJA-LIB-RP2040/src/input/remap.c.obj
                0x10006b54                remap_listen_stop
 .text.remap_send_data_webusb
                0x10006b74       0xf8 CMakeFiles/PROGCC3.1_RP2040.dir/lib/HOJA-LIB-RP2040/src/input/remap.c.obj
                0x10006b74                remap_send_data_webusb
 .text._remap_listener
                0x10006c6c       0xec CMakeFiles/PROGCC3.1_RP2040.dir/lib/HOJA-LIB-RP2040/src/input/remap.c.obj
                0x10006c6c                _remap_listener
 .text.remap_listen_enable
                0x10006d58       0x40 CMakeFiles/PROGCC3.1_RP2040.dir/lib/HOJA-LIB-RP2040/src/input/remap.c.obj
                0x10006d58                remap_listen_enable
 .text.remap_buttons_task
                0x10006d98      0x364 CMakeFiles/PROGCC3.1_RP2040.dir/lib/HOJA-LIB-RP2040/src/input/remap.c.obj
                0x10006d98                remap_buttons_task
 .text._is_opposite_direction
                0x100070fc       0x1c CMakeFiles/PROGCC3.1_RP2040.dir/lib/HOJA-LIB-RP2040/src/input/snapback.c.obj
                0x100070fc                _is_opposite_direction
 .text._get_2d_distance
                0x10007118       0x42 CMakeFiles/PROGCC3.1_RP2040.dir/lib/HOJA-LIB-RP2040/src/input/snapback.c.obj
                0x10007118                _get_2d_distance
 .text._is_distance_falling
                0x1000715a       0x18 CMakeFiles/PROGCC3.1_RP2040.dir/lib/HOJA-LIB-RP2040/src/input/snapback.c.obj
                0x1000715a                _is_distance_falling
 .text._center_trigger_detect
                0x10007172       0x2a CMakeFiles/PROGCC3.1_RP2040.dir/lib/HOJA-LIB-RP2040/src/input/snapback.c.obj
                0x10007172                _center_trigger_detect
 .text._add_axis
                0x1000719c      0x110 CMakeFiles/PROGCC3.1_RP2040.dir/lib/HOJA-LIB-RP2040/src/input/snapback.c.obj
                0x1000719c                _add_axis
 .text.snapback_process
                0x100072ac       0x38 CMakeFiles/PROGCC3.1_RP2040.dir/lib/HOJA-LIB-RP2040/src/input/snapback.c.obj
                0x100072ac                snapback_process
 .text._snapback_add_value
                0x100072e4       0x30 CMakeFiles/PROGCC3.1_RP2040.dir/lib/HOJA-LIB-RP2040/src/input/snapback.c.obj
                0x100072e4                _snapback_add_value
 .text.snapback_webcapture_task
                0x10007314      0x118 CMakeFiles/PROGCC3.1_RP2040.dir/lib/HOJA-LIB-RP2040/src/input/snapback.c.obj
                0x10007314                snapback_webcapture_task
 .text._stick_sub_angle_scale
                0x1000742c       0x40 CMakeFiles/PROGCC3.1_RP2040.dir/lib/HOJA-LIB-RP2040/src/input/stick_scaling.c.obj
                0x1000742c                _stick_sub_angle_scale
 .text._get_angle_distance
                0x1000746c       0x34 CMakeFiles/PROGCC3.1_RP2040.dir/lib/HOJA-LIB-RP2040/src/input/stick_scaling.c.obj
                0x1000746c                _get_angle_distance
 .text._is_angle_between
                0x100074a0       0x58 CMakeFiles/PROGCC3.1_RP2040.dir/lib/HOJA-LIB-RP2040/src/input/stick_scaling.c.obj
                0x100074a0                _is_angle_between
 .text._stick_get_processed_octant
                0x100074f8       0x38 CMakeFiles/PROGCC3.1_RP2040.dir/lib/HOJA-LIB-RP2040/src/input/stick_scaling.c.obj
                0x100074f8                _stick_get_processed_octant
 .text._stick_get_octant
                0x10007530       0x58 CMakeFiles/PROGCC3.1_RP2040.dir/lib/HOJA-LIB-RP2040/src/input/stick_scaling.c.obj
                0x10007530                _stick_get_octant
 .text._stick_angle_adjust
                0x10007588       0x3c CMakeFiles/PROGCC3.1_RP2040.dir/lib/HOJA-LIB-RP2040/src/input/stick_scaling.c.obj
                0x10007588                _stick_angle_adjust
 .text.stick_get_angle
                0x100075c4       0x70 CMakeFiles/PROGCC3.1_RP2040.dir/lib/HOJA-LIB-RP2040/src/input/stick_scaling.c.obj
                0x100075c4                stick_get_angle
 .text.stick_get_distance
                0x10007634       0x56 CMakeFiles/PROGCC3.1_RP2040.dir/lib/HOJA-LIB-RP2040/src/input/stick_scaling.c.obj
                0x10007634                stick_get_distance
 *fill*         0x1000768a        0x2 
 .text.stick_normalized_vector
                0x1000768c       0x40 CMakeFiles/PROGCC3.1_RP2040.dir/lib/HOJA-LIB-RP2040/src/input/stick_scaling.c.obj
                0x1000768c                stick_normalized_vector
 .text._stick_process_input
                0x100076cc      0x168 CMakeFiles/PROGCC3.1_RP2040.dir/lib/HOJA-LIB-RP2040/src/input/stick_scaling.c.obj
                0x100076cc                _stick_process_input
 .text._precalculate_distance_scalers
                0x10007834       0x24 CMakeFiles/PROGCC3.1_RP2040.dir/lib/HOJA-LIB-RP2040/src/input/stick_scaling.c.obj
                0x10007834                _precalculate_distance_scalers
 .text._precalculate_angle_scalers
                0x10007858       0x38 CMakeFiles/PROGCC3.1_RP2040.dir/lib/HOJA-LIB-RP2040/src/input/stick_scaling.c.obj
                0x10007858                _precalculate_angle_scalers
 .text._precalculate_angle_substate
                0x10007890       0x7c CMakeFiles/PROGCC3.1_RP2040.dir/lib/HOJA-LIB-RP2040/src/input/stick_scaling.c.obj
                0x10007890                _precalculate_angle_substate
 .text.stick_scaling_get_settings
                0x1000790c       0x40 CMakeFiles/PROGCC3.1_RP2040.dir/lib/HOJA-LIB-RP2040/src/input/stick_scaling.c.obj
                0x1000790c                stick_scaling_get_settings
 .text.stick_scaling_set_settings
                0x1000794c       0x28 CMakeFiles/PROGCC3.1_RP2040.dir/lib/HOJA-LIB-RP2040/src/input/stick_scaling.c.obj
                0x1000794c                stick_scaling_set_settings
 .text.stick_scaling_init
                0x10007974       0x60 CMakeFiles/PROGCC3.1_RP2040.dir/lib/HOJA-LIB-RP2040/src/input/stick_scaling.c.obj
                0x10007974                stick_scaling_init
 .text.stick_scaling_reset_distances
                0x100079d4       0x44 CMakeFiles/PROGCC3.1_RP2040.dir/lib/HOJA-LIB-RP2040/src/input/stick_scaling.c.obj
                0x100079d4                stick_scaling_reset_distances
 .text.stick_scaling_capture_distances
                0x10007a18      0x1bc CMakeFiles/PROGCC3.1_RP2040.dir/lib/HOJA-LIB-RP2040/src/input/stick_scaling.c.obj
                0x10007a18                stick_scaling_capture_distances
 .text.stick_scaling_capture_center
                0x10007bd4       0x2c CMakeFiles/PROGCC3.1_RP2040.dir/lib/HOJA-LIB-RP2040/src/input/stick_scaling.c.obj
                0x10007bd4                stick_scaling_capture_center
 .text.stick_scaling_get_octant_axis
                0x10007c00       0xac CMakeFiles/PROGCC3.1_RP2040.dir/lib/HOJA-LIB-RP2040/src/input/stick_scaling.c.obj
                0x10007c00                stick_scaling_get_octant_axis
 .text.stick_scaling_get_octant_axis_offset
                0x10007cac       0xd4 CMakeFiles/PROGCC3.1_RP2040.dir/lib/HOJA-LIB-RP2040/src/input/stick_scaling.c.obj
                0x10007cac                stick_scaling_get_octant_axis_offset
 .text.stick_scaling_capture_angle
                0x10007d80       0xfc CMakeFiles/PROGCC3.1_RP2040.dir/lib/HOJA-LIB-RP2040/src/input/stick_scaling.c.obj
                0x10007d80                stick_scaling_capture_angle
 .text.stick_scaling_process_data
                0x10007e7c      0x168 CMakeFiles/PROGCC3.1_RP2040.dir/lib/HOJA-LIB-RP2040/src/input/stick_scaling.c.obj
                0x10007e7c                stick_scaling_process_data
 .text.analog_send_reset
                0x10007fe4       0x24 CMakeFiles/PROGCC3.1_RP2040.dir/lib/HOJA-LIB-RP2040/src/input/analog.c.obj
                0x10007fe4                analog_send_reset
 .text.analog_calibrate_start
                0x10008008       0x4c CMakeFiles/PROGCC3.1_RP2040.dir/lib/HOJA-LIB-RP2040/src/input/analog.c.obj
                0x10008008                analog_calibrate_start
 .text.analog_init
                0x10008054       0x40 CMakeFiles/PROGCC3.1_RP2040.dir/lib/HOJA-LIB-RP2040/src/input/analog.c.obj
                0x10008054                analog_init
 .text.analog_calibrate_stop
                0x10008094       0x2c CMakeFiles/PROGCC3.1_RP2040.dir/lib/HOJA-LIB-RP2040/src/input/analog.c.obj
                0x10008094                analog_calibrate_stop
 .text.analog_calibrate_save
                0x100080c0       0x34 CMakeFiles/PROGCC3.1_RP2040.dir/lib/HOJA-LIB-RP2040/src/input/analog.c.obj
                0x100080c0                analog_calibrate_save
 .text.analog_calibrate_angle
                0x100080f4       0x10 CMakeFiles/PROGCC3.1_RP2040.dir/lib/HOJA-LIB-RP2040/src/input/analog.c.obj
                0x100080f4                analog_calibrate_angle
 .text._analog_calibrate_loop
                0x10008104       0x64 CMakeFiles/PROGCC3.1_RP2040.dir/lib/HOJA-LIB-RP2040/src/input/analog.c.obj
                0x10008104                _analog_calibrate_loop
 .text._analog_distance_check
                0x10008168       0x4e CMakeFiles/PROGCC3.1_RP2040.dir/lib/HOJA-LIB-RP2040/src/input/analog.c.obj
                0x10008168                _analog_distance_check
 *fill*         0x100081b6        0x2 
 .text.analog_get_octoangle_data
                0x100081b8       0x18 CMakeFiles/PROGCC3.1_RP2040.dir/lib/HOJA-LIB-RP2040/src/input/analog.c.obj
                0x100081b8                analog_get_octoangle_data
 .text.analog_get_subangle_data
                0x100081d0       0x18 CMakeFiles/PROGCC3.1_RP2040.dir/lib/HOJA-LIB-RP2040/src/input/analog.c.obj
                0x100081d0                analog_get_subangle_data
 .text._analog_process_deadzone
                0x100081e8      0x244 CMakeFiles/PROGCC3.1_RP2040.dir/lib/HOJA-LIB-RP2040/src/input/analog.c.obj
                0x100081e8                _analog_process_deadzone
 .text.analog_task
                0x1000842c       0xa8 CMakeFiles/PROGCC3.1_RP2040.dir/lib/HOJA-LIB-RP2040/src/input/analog.c.obj
                0x1000842c                analog_task
 .text.triggers_set_disabled
                0x100084d4       0x38 CMakeFiles/PROGCC3.1_RP2040.dir/lib/HOJA-LIB-RP2040/src/input/triggers.c.obj
                0x100084d4                triggers_set_disabled
 .text.triggers_scale_init
                0x1000850c       0x60 CMakeFiles/PROGCC3.1_RP2040.dir/lib/HOJA-LIB-RP2040/src/input/triggers.c.obj
                0x1000850c                triggers_scale_init
 .text.macro_deinit_complete
                0x1000856c        0xc CMakeFiles/PROGCC3.1_RP2040.dir/lib/HOJA-LIB-RP2040/src/input/macros.c.obj
                0x1000856c                macro_deinit_complete
 .text.macro_handler_task
                0x10008578      0x150 CMakeFiles/PROGCC3.1_RP2040.dir/lib/HOJA-LIB-RP2040/src/input/macros.c.obj
                0x10008578                macro_handler_task
 .text.macro_safe_mode_check
                0x100086c8        0xc CMakeFiles/PROGCC3.1_RP2040.dir/lib/HOJA-LIB-RP2040/src/input/macros.c.obj
                0x100086c8                macro_safe_mode_check
 .text.gcinput_hid_report
                0x100086d4      0x45c CMakeFiles/PROGCC3.1_RP2040.dir/lib/HOJA-LIB-RP2040/src/devices/gcinput.c.obj
                0x100086d4                gcinput_hid_report
 .text.joybus_program_init
                0x10008b30      0x1a0 CMakeFiles/PROGCC3.1_RP2040.dir/lib/HOJA-LIB-RP2040/src/devices/gamecube.c.obj
 .text._gamecube_isr_txdone
                0x10008cd0       0x68 CMakeFiles/PROGCC3.1_RP2040.dir/lib/HOJA-LIB-RP2040/src/devices/gamecube.c.obj
 .text._gamecube_send_probe
                0x10008d38       0x34 CMakeFiles/PROGCC3.1_RP2040.dir/lib/HOJA-LIB-RP2040/src/devices/gamecube.c.obj
                0x10008d38                _gamecube_send_probe
 .text._gamecube_send_origin
                0x10008d6c       0x9c CMakeFiles/PROGCC3.1_RP2040.dir/lib/HOJA-LIB-RP2040/src/devices/gamecube.c.obj
                0x10008d6c                _gamecube_send_origin
 .text._gamecube_send_poll
                0x10008e08       0xa0 CMakeFiles/PROGCC3.1_RP2040.dir/lib/HOJA-LIB-RP2040/src/devices/gamecube.c.obj
                0x10008e08                _gamecube_send_poll
 .text._gamecube_reset_state
                0x10008ea8       0x5c CMakeFiles/PROGCC3.1_RP2040.dir/lib/HOJA-LIB-RP2040/src/devices/gamecube.c.obj
                0x10008ea8                _gamecube_reset_state
 .text._gamecube_isr_handler
                0x10008f04       0x3c CMakeFiles/PROGCC3.1_RP2040.dir/lib/HOJA-LIB-RP2040/src/devices/gamecube.c.obj
 .text.gamecube_comms_task
                0x10008f40      0x688 CMakeFiles/PROGCC3.1_RP2040.dir/lib/HOJA-LIB-RP2040/src/devices/gamecube.c.obj
                0x10008f40                gamecube_comms_task
 .text.joybus_program_init
                0x100095c8      0x1a0 CMakeFiles/PROGCC3.1_RP2040.dir/lib/HOJA-LIB-RP2040/src/devices/n64.c.obj
 .text._n64_isr_txdone
                0x10009768       0x68 CMakeFiles/PROGCC3.1_RP2040.dir/lib/HOJA-LIB-RP2040/src/devices/n64.c.obj
 .text._n64_iterate_crc
                0x100097d0        0xc CMakeFiles/PROGCC3.1_RP2040.dir/lib/HOJA-LIB-RP2040/src/devices/n64.c.obj
                0x100097d0                _n64_iterate_crc
 .text._n64_send_rumble_identify
                0x100097dc       0x30 CMakeFiles/PROGCC3.1_RP2040.dir/lib/HOJA-LIB-RP2040/src/devices/n64.c.obj
                0x100097dc                _n64_send_rumble_identify
 .text._n64_send_null_identify
                0x1000980c       0x20 CMakeFiles/PROGCC3.1_RP2040.dir/lib/HOJA-LIB-RP2040/src/devices/n64.c.obj
                0x1000980c                _n64_send_null_identify
 .text._n64_send_probe
                0x1000982c       0x34 CMakeFiles/PROGCC3.1_RP2040.dir/lib/HOJA-LIB-RP2040/src/devices/n64.c.obj
                0x1000982c                _n64_send_probe
 .text._n64_send_pak_write
                0x10009860       0x1c CMakeFiles/PROGCC3.1_RP2040.dir/lib/HOJA-LIB-RP2040/src/devices/n64.c.obj
                0x10009860                _n64_send_pak_write
 .text._n64_send_poll
                0x1000987c       0x5c CMakeFiles/PROGCC3.1_RP2040.dir/lib/HOJA-LIB-RP2040/src/devices/n64.c.obj
                0x1000987c                _n64_send_poll
 .text._n64_isr_handler
                0x100098d8       0x34 CMakeFiles/PROGCC3.1_RP2040.dir/lib/HOJA-LIB-RP2040/src/devices/n64.c.obj
 .text._n64_reset_state
                0x1000990c       0x5c CMakeFiles/PROGCC3.1_RP2040.dir/lib/HOJA-LIB-RP2040/src/devices/n64.c.obj
                0x1000990c                _n64_reset_state
 .text.n64_comms_task
                0x10009968      0x274 CMakeFiles/PROGCC3.1_RP2040.dir/lib/HOJA-LIB-RP2040/src/devices/n64.c.obj
                0x10009968                n64_comms_task
 .text._nspi_isr_handler
                0x10009bdc       0x78 CMakeFiles/PROGCC3.1_RP2040.dir/lib/HOJA-LIB-RP2040/src/devices/nspi.c.obj
 .text.nspi_init
                0x10009c54      0x2c4 CMakeFiles/PROGCC3.1_RP2040.dir/lib/HOJA-LIB-RP2040/src/devices/nspi.c.obj
                0x10009c54                nspi_init
 .text.nspi_comms_task
                0x10009f18      0x190 CMakeFiles/PROGCC3.1_RP2040.dir/lib/HOJA-LIB-RP2040/src/devices/nspi.c.obj
                0x10009f18                nspi_comms_task
 .text.swpro_hid_report
                0x1000a0a8      0x16c CMakeFiles/PROGCC3.1_RP2040.dir/lib/HOJA-LIB-RP2040/src/devices/swpro.c.obj
                0x1000a0a8                swpro_hid_report
 .text.webusb_output_enabled
                0x1000a214        0xc CMakeFiles/PROGCC3.1_RP2040.dir/lib/HOJA-LIB-RP2040/src/devices/webusb.c.obj
                0x1000a214                webusb_output_enabled
 .text.webusb_enable_output
                0x1000a220        0xc CMakeFiles/PROGCC3.1_RP2040.dir/lib/HOJA-LIB-RP2040/src/devices/webusb.c.obj
                0x1000a220                webusb_enable_output
 .text.webusb_ready_blocking
                0x1000a22c       0x3e CMakeFiles/PROGCC3.1_RP2040.dir/lib/HOJA-LIB-RP2040/src/devices/webusb.c.obj
                0x1000a22c                webusb_ready_blocking
 *fill*         0x1000a26a        0x2 
 .text.webusb_input_report_task
                0x1000a26c      0x128 CMakeFiles/PROGCC3.1_RP2040.dir/lib/HOJA-LIB-RP2040/src/devices/webusb.c.obj
                0x1000a26c                webusb_input_report_task
 .text.webusb_save_confirm
                0x1000a394       0x48 CMakeFiles/PROGCC3.1_RP2040.dir/lib/HOJA-LIB-RP2040/src/devices/webusb.c.obj
                0x1000a394                webusb_save_confirm
 .text.webusb_command_processor
                0x1000a3dc      0x800 CMakeFiles/PROGCC3.1_RP2040.dir/lib/HOJA-LIB-RP2040/src/devices/webusb.c.obj
                0x1000a3dc                webusb_command_processor
 .text.sign_axis
                0x1000abdc       0x54 CMakeFiles/PROGCC3.1_RP2040.dir/lib/HOJA-LIB-RP2040/src/devices/xinput.c.obj
                0x1000abdc                sign_axis
 .text.xinput_hid_report
                0x1000ac30      0x17c CMakeFiles/PROGCC3.1_RP2040.dir/lib/HOJA-LIB-RP2040/src/devices/xinput.c.obj
                0x1000ac30                xinput_hid_report
 .text.crc8_compute
                0x1000adac       0x40 CMakeFiles/PROGCC3.1_RP2040.dir/lib/HOJA-LIB-RP2040/src/devices/btinput.c.obj
                0x1000adac                crc8_compute
 .text.crc8_verify
                0x1000adec       0x12 CMakeFiles/PROGCC3.1_RP2040.dir/lib/HOJA-LIB-RP2040/src/devices/btinput.c.obj
                0x1000adec                crc8_verify
 *fill*         0x1000adfe        0x2 
 .text._bt_clear_out
                0x1000ae00       0x14 CMakeFiles/PROGCC3.1_RP2040.dir/lib/HOJA-LIB-RP2040/src/devices/btinput.c.obj
                0x1000ae00                _bt_clear_out
 .text._bt_clear_in
                0x1000ae14       0x14 CMakeFiles/PROGCC3.1_RP2040.dir/lib/HOJA-LIB-RP2040/src/devices/btinput.c.obj
                0x1000ae14                _bt_clear_in
 .text.btinput_capability_reset_flag
                0x1000ae28        0xc CMakeFiles/PROGCC3.1_RP2040.dir/lib/HOJA-LIB-RP2040/src/devices/btinput.c.obj
                0x1000ae28                btinput_capability_reset_flag
 .text.btinput_get_version
                0x1000ae34       0xb0 CMakeFiles/PROGCC3.1_RP2040.dir/lib/HOJA-LIB-RP2040/src/devices/btinput.c.obj
                0x1000ae34                btinput_get_version
 .text.btinput_init
                0x1000aee4      0x114 CMakeFiles/PROGCC3.1_RP2040.dir/lib/HOJA-LIB-RP2040/src/devices/btinput.c.obj
                0x1000aee4                btinput_init
 .text._btinput_message_parse
                0x1000aff8      0x194 CMakeFiles/PROGCC3.1_RP2040.dir/lib/HOJA-LIB-RP2040/src/devices/btinput.c.obj
                0x1000aff8                _btinput_message_parse
 .text.btinput_comms_task
                0x1000b18c      0x17c CMakeFiles/PROGCC3.1_RP2040.dir/lib/HOJA-LIB-RP2040/src/devices/btinput.c.obj
                0x1000b18c                btinput_comms_task
 .text.ds4_hid_report
                0x1000b308      0x1d4 CMakeFiles/PROGCC3.1_RP2040.dir/lib/HOJA-LIB-RP2040/src/devices/ds4input.c.obj
                0x1000b308                ds4_hid_report
 .text.set_sys_clock_pll
                0x1000b4dc       0x78 CMakeFiles/PROGCC3.1_RP2040.dir/C_/Program_Files/Raspberry_Pi/Pico_SDK_v1.5.1/pico-sdk/src/rp2_common/pico_stdlib/stdlib.c.obj
                0x1000b4dc                set_sys_clock_pll
 .text.check_sys_clock_khz
                0x1000b554       0xa4 CMakeFiles/PROGCC3.1_RP2040.dir/C_/Program_Files/Raspberry_Pi/Pico_SDK_v1.5.1/pico-sdk/src/rp2_common/pico_stdlib/stdlib.c.obj
                0x1000b554                check_sys_clock_khz
 .text.gpio_set_function
                0x1000b5f8       0x30 CMakeFiles/PROGCC3.1_RP2040.dir/C_/Program_Files/Raspberry_Pi/Pico_SDK_v1.5.1/pico-sdk/src/rp2_common/hardware_gpio/gpio.c.obj
                0x1000b5f8                gpio_set_function
 .text.gpio_set_pulls
                0x1000b628       0x34 CMakeFiles/PROGCC3.1_RP2040.dir/C_/Program_Files/Raspberry_Pi/Pico_SDK_v1.5.1/pico-sdk/src/rp2_common/hardware_gpio/gpio.c.obj
                0x1000b628                gpio_set_pulls
 .text.gpio_init
                0x1000b65c       0x16 CMakeFiles/PROGCC3.1_RP2040.dir/C_/Program_Files/Raspberry_Pi/Pico_SDK_v1.5.1/pico-sdk/src/rp2_common/hardware_gpio/gpio.c.obj
                0x1000b65c                gpio_init
 *fill*         0x1000b672        0x2 
 .text.running_on_fpga
                0x1000b674       0x14 CMakeFiles/PROGCC3.1_RP2040.dir/C_/Program_Files/Raspberry_Pi/Pico_SDK_v1.5.1/pico-sdk/src/rp2_common/pico_platform/platform.c.obj
                0x1000b674                running_on_fpga
 .text.hw_claim_lock
                0x1000b688       0x18 CMakeFiles/PROGCC3.1_RP2040.dir/C_/Program_Files/Raspberry_Pi/Pico_SDK_v1.5.1/pico-sdk/src/rp2_common/hardware_claim/claim.c.obj
                0x1000b688                hw_claim_lock
 .text.hw_claim_unlock
                0x1000b6a0       0x14 CMakeFiles/PROGCC3.1_RP2040.dir/C_/Program_Files/Raspberry_Pi/Pico_SDK_v1.5.1/pico-sdk/src/rp2_common/hardware_claim/claim.c.obj
                0x1000b6a0                hw_claim_unlock
 .text.hw_claim_or_assert
                0x1000b6b4       0x32 CMakeFiles/PROGCC3.1_RP2040.dir/C_/Program_Files/Raspberry_Pi/Pico_SDK_v1.5.1/pico-sdk/src/rp2_common/hardware_claim/claim.c.obj
                0x1000b6b4                hw_claim_or_assert
 .text.hw_claim_unused_from_range
                0x1000b6e6       0x50 CMakeFiles/PROGCC3.1_RP2040.dir/C_/Program_Files/Raspberry_Pi/Pico_SDK_v1.5.1/pico-sdk/src/rp2_common/hardware_claim/claim.c.obj
                0x1000b6e6                hw_claim_unused_from_range
 *fill*         0x1000b736        0x2 
 .text.spin_locks_reset
                0x1000b738       0x20 CMakeFiles/PROGCC3.1_RP2040.dir/C_/Program_Files/Raspberry_Pi/Pico_SDK_v1.5.1/pico-sdk/src/rp2_common/hardware_sync/sync.c.obj
                0x1000b738                spin_locks_reset
 .text.next_striped_spin_lock_num
                0x1000b758       0x1c CMakeFiles/PROGCC3.1_RP2040.dir/C_/Program_Files/Raspberry_Pi/Pico_SDK_v1.5.1/pico-sdk/src/rp2_common/hardware_sync/sync.c.obj
                0x1000b758                next_striped_spin_lock_num
 .text.spin_lock_claim_unused
                0x1000b774       0x20 CMakeFiles/PROGCC3.1_RP2040.dir/C_/Program_Files/Raspberry_Pi/Pico_SDK_v1.5.1/pico-sdk/src/rp2_common/hardware_sync/sync.c.obj
                0x1000b774                spin_lock_claim_unused
 .text.set_raw_irq_handler_and_unlock
                0x1000b794       0x28 CMakeFiles/PROGCC3.1_RP2040.dir/C_/Program_Files/Raspberry_Pi/Pico_SDK_v1.5.1/pico-sdk/src/rp2_common/hardware_irq/irq.c.obj
 .text.make_branch
                0x1000b7bc       0x48 CMakeFiles/PROGCC3.1_RP2040.dir/C_/Program_Files/Raspberry_Pi/Pico_SDK_v1.5.1/pico-sdk/src/rp2_common/hardware_irq/irq.c.obj
 .text.insert_branch_and_link
                0x1000b804       0x40 CMakeFiles/PROGCC3.1_RP2040.dir/C_/Program_Files/Raspberry_Pi/Pico_SDK_v1.5.1/pico-sdk/src/rp2_common/hardware_irq/irq.c.obj
 .text.irq_is_enabled
                0x1000b844       0x18 CMakeFiles/PROGCC3.1_RP2040.dir/C_/Program_Files/Raspberry_Pi/Pico_SDK_v1.5.1/pico-sdk/src/rp2_common/hardware_irq/irq.c.obj
                0x1000b844                irq_is_enabled
 .text.irq_set_mask_enabled
                0x1000b85c       0x20 CMakeFiles/PROGCC3.1_RP2040.dir/C_/Program_Files/Raspberry_Pi/Pico_SDK_v1.5.1/pico-sdk/src/rp2_common/hardware_irq/irq.c.obj
                0x1000b85c                irq_set_mask_enabled
 .text.irq_set_enabled
                0x1000b87c        0xe CMakeFiles/PROGCC3.1_RP2040.dir/C_/Program_Files/Raspberry_Pi/Pico_SDK_v1.5.1/pico-sdk/src/rp2_common/hardware_irq/irq.c.obj
                0x1000b87c                irq_set_enabled
 *fill*         0x1000b88a        0x2 
 .text.irq_get_vtable_handler
                0x1000b88c       0x10 CMakeFiles/PROGCC3.1_RP2040.dir/C_/Program_Files/Raspberry_Pi/Pico_SDK_v1.5.1/pico-sdk/src/rp2_common/hardware_irq/irq.c.obj
                0x1000b88c                irq_get_vtable_handler
 .text.irq_set_exclusive_handler
                0x1000b89c       0x54 CMakeFiles/PROGCC3.1_RP2040.dir/C_/Program_Files/Raspberry_Pi/Pico_SDK_v1.5.1/pico-sdk/src/rp2_common/hardware_irq/irq.c.obj
                0x1000b89c                irq_set_exclusive_handler
 .text.irq_add_shared_handler
                0x1000b8f0      0x234 CMakeFiles/PROGCC3.1_RP2040.dir/C_/Program_Files/Raspberry_Pi/Pico_SDK_v1.5.1/pico-sdk/src/rp2_common/hardware_irq/irq.c.obj
                0x1000b8f0                irq_add_shared_handler
 .text.irq_remove_handler
                0x1000bb24      0x1ac CMakeFiles/PROGCC3.1_RP2040.dir/C_/Program_Files/Raspberry_Pi/Pico_SDK_v1.5.1/pico-sdk/src/rp2_common/hardware_irq/irq.c.obj
                0x1000bb24                irq_remove_handler
 .text.irq_add_tail_to_free_list
                0x1000bcd0       0xf0 CMakeFiles/PROGCC3.1_RP2040.dir/C_/Program_Files/Raspberry_Pi/Pico_SDK_v1.5.1/pico-sdk/src/rp2_common/hardware_irq/irq.c.obj
                0x1000bcd0                irq_add_tail_to_free_list
 .text.irq_init_priorities
                0x1000bdc0       0x1c CMakeFiles/PROGCC3.1_RP2040.dir/C_/Program_Files/Raspberry_Pi/Pico_SDK_v1.5.1/pico-sdk/src/rp2_common/hardware_irq/irq.c.obj
                0x1000bdc0                irq_init_priorities
 .text.lock_init
                0x1000bddc       0x10 CMakeFiles/PROGCC3.1_RP2040.dir/C_/Program_Files/Raspberry_Pi/Pico_SDK_v1.5.1/pico-sdk/src/common/pico_sync/lock_core.c.obj
                0x1000bddc                lock_init
 .text.mutex_init
                0x1000bdec       0x1a CMakeFiles/PROGCC3.1_RP2040.dir/C_/Program_Files/Raspberry_Pi/Pico_SDK_v1.5.1/pico-sdk/src/common/pico_sync/mutex.c.obj
                0x1000bdec                mutex_init
 .text.recursive_mutex_init
                0x1000be06       0x1e CMakeFiles/PROGCC3.1_RP2040.dir/C_/Program_Files/Raspberry_Pi/Pico_SDK_v1.5.1/pico-sdk/src/common/pico_sync/mutex.c.obj
                0x1000be06                recursive_mutex_init
 .text.critical_section_init_with_lock_num
                0x1000be24       0x14 CMakeFiles/PROGCC3.1_RP2040.dir/C_/Program_Files/Raspberry_Pi/Pico_SDK_v1.5.1/pico-sdk/src/common/pico_sync/critical_section.c.obj
                0x1000be24                critical_section_init_with_lock_num
 .text.critical_section_init
                0x1000be38       0x14 CMakeFiles/PROGCC3.1_RP2040.dir/C_/Program_Files/Raspberry_Pi/Pico_SDK_v1.5.1/pico-sdk/src/common/pico_sync/critical_section.c.obj
                0x1000be38                critical_section_init
 .text.alarm_pool_post_alloc_init
                0x1000be4c       0x40 CMakeFiles/PROGCC3.1_RP2040.dir/C_/Program_Files/Raspberry_Pi/Pico_SDK_v1.5.1/pico-sdk/src/common/pico_time/time.c.obj
 .text.sleep_until_callback
                0x1000be8c       0x30 CMakeFiles/PROGCC3.1_RP2040.dir/C_/Program_Files/Raspberry_Pi/Pico_SDK_v1.5.1/pico-sdk/src/common/pico_time/time.c.obj
 .text.timer_pool_entry_comparator
                0x1000bebc       0x7c CMakeFiles/PROGCC3.1_RP2040.dir/C_/Program_Files/Raspberry_Pi/Pico_SDK_v1.5.1/pico-sdk/src/common/pico_time/time.c.obj
                0x1000bebc                timer_pool_entry_comparator
 .text.ph_add_child_node
                0x1000bf38       0xa4 CMakeFiles/PROGCC3.1_RP2040.dir/C_/Program_Files/Raspberry_Pi/Pico_SDK_v1.5.1/pico-sdk/src/common/pico_time/time.c.obj
 .text.ph_merge_nodes
                0x1000bfdc       0x3e CMakeFiles/PROGCC3.1_RP2040.dir/C_/Program_Files/Raspberry_Pi/Pico_SDK_v1.5.1/pico-sdk/src/common/pico_time/time.c.obj
 *fill*         0x1000c01a        0x2 
 .text.add_alarm_under_lock
                0x1000c01c      0x174 CMakeFiles/PROGCC3.1_RP2040.dir/C_/Program_Files/Raspberry_Pi/Pico_SDK_v1.5.1/pico-sdk/src/common/pico_time/time.c.obj
 .text.alarm_pool_alarm_callback
                0x1000c190      0x33c CMakeFiles/PROGCC3.1_RP2040.dir/C_/Program_Files/Raspberry_Pi/Pico_SDK_v1.5.1/pico-sdk/src/common/pico_time/time.c.obj
 .text.alarm_pool_init_default
                0x1000c4cc       0x40 CMakeFiles/PROGCC3.1_RP2040.dir/C_/Program_Files/Raspberry_Pi/Pico_SDK_v1.5.1/pico-sdk/src/common/pico_time/time.c.obj
                0x1000c4cc                alarm_pool_init_default
 .text.alarm_pool_get_default
                0x1000c50c       0x2c CMakeFiles/PROGCC3.1_RP2040.dir/C_/Program_Files/Raspberry_Pi/Pico_SDK_v1.5.1/pico-sdk/src/common/pico_time/time.c.obj
                0x1000c50c                alarm_pool_get_default
 .text.alarm_pool_add_alarm_at
                0x1000c538      0x168 CMakeFiles/PROGCC3.1_RP2040.dir/C_/Program_Files/Raspberry_Pi/Pico_SDK_v1.5.1/pico-sdk/src/common/pico_time/time.c.obj
                0x1000c538                alarm_pool_add_alarm_at
 .text.alarm_pool_cancel_alarm
                0x1000c6a0       0xf8 CMakeFiles/PROGCC3.1_RP2040.dir/C_/Program_Files/Raspberry_Pi/Pico_SDK_v1.5.1/pico-sdk/src/common/pico_time/time.c.obj
                0x1000c6a0                alarm_pool_cancel_alarm
 .text.sleep_until
                0x1000c798       0xfc CMakeFiles/PROGCC3.1_RP2040.dir/C_/Program_Files/Raspberry_Pi/Pico_SDK_v1.5.1/pico-sdk/src/common/pico_time/time.c.obj
                0x1000c798                sleep_until
 .text.sleep_us
                0x1000c894       0x58 CMakeFiles/PROGCC3.1_RP2040.dir/C_/Program_Files/Raspberry_Pi/Pico_SDK_v1.5.1/pico-sdk/src/common/pico_time/time.c.obj
                0x1000c894                sleep_us
 .text.sleep_ms
                0x1000c8ec       0x14 CMakeFiles/PROGCC3.1_RP2040.dir/C_/Program_Files/Raspberry_Pi/Pico_SDK_v1.5.1/pico-sdk/src/common/pico_time/time.c.obj
                0x1000c8ec                sleep_ms
 .text.best_effort_wfe_or_timeout
                0x1000c900       0xac CMakeFiles/PROGCC3.1_RP2040.dir/C_/Program_Files/Raspberry_Pi/Pico_SDK_v1.5.1/pico-sdk/src/common/pico_time/time.c.obj
                0x1000c900                best_effort_wfe_or_timeout
 .text.check_single_timeout_us
                0x1000c9ac       0x2c CMakeFiles/PROGCC3.1_RP2040.dir/C_/Program_Files/Raspberry_Pi/Pico_SDK_v1.5.1/pico-sdk/src/common/pico_time/timeout_helper.c.obj
 .text.init_single_timeout_until
                0x1000c9d8        0xc CMakeFiles/PROGCC3.1_RP2040.dir/C_/Program_Files/Raspberry_Pi/Pico_SDK_v1.5.1/pico-sdk/src/common/pico_time/timeout_helper.c.obj
                0x1000c9d8                init_single_timeout_until
 .text.hardware_alarm_irq_handler
                0x1000c9e4       0x90 CMakeFiles/PROGCC3.1_RP2040.dir/C_/Program_Files/Raspberry_Pi/Pico_SDK_v1.5.1/pico-sdk/src/rp2_common/hardware_timer/timer.c.obj
 .text.hardware_alarm_claim
                0x1000ca74       0x18 CMakeFiles/PROGCC3.1_RP2040.dir/C_/Program_Files/Raspberry_Pi/Pico_SDK_v1.5.1/pico-sdk/src/rp2_common/hardware_timer/timer.c.obj
                0x1000ca74                hardware_alarm_claim
 .text.time_us_64
                0x1000ca8c       0x18 CMakeFiles/PROGCC3.1_RP2040.dir/C_/Program_Files/Raspberry_Pi/Pico_SDK_v1.5.1/pico-sdk/src/rp2_common/hardware_timer/timer.c.obj
                0x1000ca8c                time_us_64
 .text.busy_wait_until
                0x1000caa4       0x28 CMakeFiles/PROGCC3.1_RP2040.dir/C_/Program_Files/Raspberry_Pi/Pico_SDK_v1.5.1/pico-sdk/src/rp2_common/hardware_timer/timer.c.obj
                0x1000caa4                busy_wait_until
 .text.hardware_alarm_set_callback
                0x1000cacc       0x90 CMakeFiles/PROGCC3.1_RP2040.dir/C_/Program_Files/Raspberry_Pi/Pico_SDK_v1.5.1/pico-sdk/src/rp2_common/hardware_timer/timer.c.obj
                0x1000cacc                hardware_alarm_set_callback
 .text.hardware_alarm_set_target
                0x1000cb5c       0xe8 CMakeFiles/PROGCC3.1_RP2040.dir/C_/Program_Files/Raspberry_Pi/Pico_SDK_v1.5.1/pico-sdk/src/rp2_common/hardware_timer/timer.c.obj
                0x1000cb5c                hardware_alarm_set_target
 .text.hardware_alarm_cancel
                0x1000cc44       0x40 CMakeFiles/PROGCC3.1_RP2040.dir/C_/Program_Files/Raspberry_Pi/Pico_SDK_v1.5.1/pico-sdk/src/rp2_common/hardware_timer/timer.c.obj
                0x1000cc44                hardware_alarm_cancel
 .text.ph_add_child_node
                0x1000cc84       0xa4 CMakeFiles/PROGCC3.1_RP2040.dir/C_/Program_Files/Raspberry_Pi/Pico_SDK_v1.5.1/pico-sdk/src/common/pico_util/pheap.c.obj
 .text.ph_merge_nodes
                0x1000cd28       0x3e CMakeFiles/PROGCC3.1_RP2040.dir/C_/Program_Files/Raspberry_Pi/Pico_SDK_v1.5.1/pico-sdk/src/common/pico_util/pheap.c.obj
 *fill*         0x1000cd66        0x2 
 .text.ph_clear
                0x1000cd68       0x70 CMakeFiles/PROGCC3.1_RP2040.dir/C_/Program_Files/Raspberry_Pi/Pico_SDK_v1.5.1/pico-sdk/src/common/pico_util/pheap.c.obj
                0x1000cd68                ph_clear
 .text.ph_post_alloc_init
                0x1000cdd8        0xe CMakeFiles/PROGCC3.1_RP2040.dir/C_/Program_Files/Raspberry_Pi/Pico_SDK_v1.5.1/pico-sdk/src/common/pico_util/pheap.c.obj
                0x1000cdd8                ph_post_alloc_init
 *fill*         0x1000cde6        0x2 
 .text.ph_merge_two_pass
                0x1000cde8       0xa8 CMakeFiles/PROGCC3.1_RP2040.dir/C_/Program_Files/Raspberry_Pi/Pico_SDK_v1.5.1/pico-sdk/src/common/pico_util/pheap.c.obj
                0x1000cde8                ph_merge_two_pass
 .text.ph_remove_any_head
                0x1000ce90      0x128 CMakeFiles/PROGCC3.1_RP2040.dir/C_/Program_Files/Raspberry_Pi/Pico_SDK_v1.5.1/pico-sdk/src/common/pico_util/pheap.c.obj
 .text.ph_remove_head
                0x1000cfb8       0x14 CMakeFiles/PROGCC3.1_RP2040.dir/C_/Program_Files/Raspberry_Pi/Pico_SDK_v1.5.1/pico-sdk/src/common/pico_util/pheap.c.obj
                0x1000cfb8                ph_remove_head
 .text.ph_remove_and_free_node
                0x1000cfcc       0xf8 CMakeFiles/PROGCC3.1_RP2040.dir/C_/Program_Files/Raspberry_Pi/Pico_SDK_v1.5.1/pico-sdk/src/common/pico_util/pheap.c.obj
                0x1000cfcc                ph_remove_and_free_node
 .text.clock_configure
                0x1000d0c4      0x108 CMakeFiles/PROGCC3.1_RP2040.dir/C_/Program_Files/Raspberry_Pi/Pico_SDK_v1.5.1/pico-sdk/src/rp2_common/hardware_clocks/clocks.c.obj
                0x1000d0c4                clock_configure
 .text.clocks_init
                0x1000d1cc      0x100 CMakeFiles/PROGCC3.1_RP2040.dir/C_/Program_Files/Raspberry_Pi/Pico_SDK_v1.5.1/pico-sdk/src/rp2_common/hardware_clocks/clocks.c.obj
                0x1000d1cc                clocks_init
 .text.clock_get_hz
                0x1000d2cc        0xc CMakeFiles/PROGCC3.1_RP2040.dir/C_/Program_Files/Raspberry_Pi/Pico_SDK_v1.5.1/pico-sdk/src/rp2_common/hardware_clocks/clocks.c.obj
                0x1000d2cc                clock_get_hz
 .text.frequency_count_khz
                0x1000d2d8       0x40 CMakeFiles/PROGCC3.1_RP2040.dir/C_/Program_Files/Raspberry_Pi/Pico_SDK_v1.5.1/pico-sdk/src/rp2_common/hardware_clocks/clocks.c.obj
                0x1000d2d8                frequency_count_khz
 .text.pll_init
                0x1000d318      0x120 CMakeFiles/PROGCC3.1_RP2040.dir/C_/Program_Files/Raspberry_Pi/Pico_SDK_v1.5.1/pico-sdk/src/rp2_common/hardware_pll/pll.c.obj
                0x1000d318                pll_init
 .text.watchdog_start_tick
                0x1000d438       0x10 CMakeFiles/PROGCC3.1_RP2040.dir/C_/Program_Files/Raspberry_Pi/Pico_SDK_v1.5.1/pico-sdk/src/rp2_common/hardware_watchdog/watchdog.c.obj
                0x1000d438                watchdog_start_tick
 .text.watchdog_update
                0x1000d448       0x14 CMakeFiles/PROGCC3.1_RP2040.dir/C_/Program_Files/Raspberry_Pi/Pico_SDK_v1.5.1/pico-sdk/src/rp2_common/hardware_watchdog/watchdog.c.obj
                0x1000d448                watchdog_update
 .text._watchdog_enable
                0x1000d45c       0x78 CMakeFiles/PROGCC3.1_RP2040.dir/C_/Program_Files/Raspberry_Pi/Pico_SDK_v1.5.1/pico-sdk/src/rp2_common/hardware_watchdog/watchdog.c.obj
                0x1000d45c                _watchdog_enable
 .text.watchdog_enable
                0x1000d4d4       0x18 CMakeFiles/PROGCC3.1_RP2040.dir/C_/Program_Files/Raspberry_Pi/Pico_SDK_v1.5.1/pico-sdk/src/rp2_common/hardware_watchdog/watchdog.c.obj
                0x1000d4d4                watchdog_enable
 .text.watchdog_reboot
                0x1000d4ec       0x48 CMakeFiles/PROGCC3.1_RP2040.dir/C_/Program_Files/Raspberry_Pi/Pico_SDK_v1.5.1/pico-sdk/src/rp2_common/hardware_watchdog/watchdog.c.obj
                0x1000d4ec                watchdog_reboot
 .text.xosc_init
                0x1000d534       0x2c CMakeFiles/PROGCC3.1_RP2040.dir/C_/Program_Files/Raspberry_Pi/Pico_SDK_v1.5.1/pico-sdk/src/rp2_common/hardware_xosc/xosc.c.obj
                0x1000d534                xosc_init
 .text._exit    0x1000d560        0x4 CMakeFiles/PROGCC3.1_RP2040.dir/C_/Program_Files/Raspberry_Pi/Pico_SDK_v1.5.1/pico-sdk/src/rp2_common/pico_runtime/runtime.c.obj
                0x1000d560                _exit
 .text.exit     0x1000d564        0x6 CMakeFiles/PROGCC3.1_RP2040.dir/C_/Program_Files/Raspberry_Pi/Pico_SDK_v1.5.1/pico-sdk/src/rp2_common/pico_runtime/runtime.c.obj
                0x1000d564                exit
 *fill*         0x1000d56a        0x2 
 .text.__assert_func
                0x1000d56c       0x3c CMakeFiles/PROGCC3.1_RP2040.dir/C_/Program_Files/Raspberry_Pi/Pico_SDK_v1.5.1/pico-sdk/src/rp2_common/pico_runtime/runtime.c.obj
                0x1000d56c                __assert_func
 .text.runtime_init
                0x1000d5a8       0xf8 CMakeFiles/PROGCC3.1_RP2040.dir/C_/Program_Files/Raspberry_Pi/Pico_SDK_v1.5.1/pico-sdk/src/rp2_common/pico_runtime/runtime.c.obj
                0x1000d5a8                runtime_init
 .text.panic    0x1000d6a0       0x30 CMakeFiles/PROGCC3.1_RP2040.dir/C_/Program_Files/Raspberry_Pi/Pico_SDK_v1.5.1/pico-sdk/src/rp2_common/pico_runtime/runtime.c.obj
                0x1000d6a0                panic
 .text._out_null
                0x1000d6d0        0x2 CMakeFiles/PROGCC3.1_RP2040.dir/C_/Program_Files/Raspberry_Pi/Pico_SDK_v1.5.1/pico-sdk/src/rp2_common/pico_printf/printf.c.obj
 .text._out_fct
                0x1000d6d2        0xe CMakeFiles/PROGCC3.1_RP2040.dir/C_/Program_Files/Raspberry_Pi/Pico_SDK_v1.5.1/pico-sdk/src/rp2_common/pico_printf/printf.c.obj
 .text._atoi    0x1000d6e0       0x24 CMakeFiles/PROGCC3.1_RP2040.dir/C_/Program_Files/Raspberry_Pi/Pico_SDK_v1.5.1/pico-sdk/src/rp2_common/pico_printf/printf.c.obj
 .text._out_rev
                0x1000d704       0xae CMakeFiles/PROGCC3.1_RP2040.dir/C_/Program_Files/Raspberry_Pi/Pico_SDK_v1.5.1/pico-sdk/src/rp2_common/pico_printf/printf.c.obj
 .text._ntoa_format
                0x1000d7b2      0x112 CMakeFiles/PROGCC3.1_RP2040.dir/C_/Program_Files/Raspberry_Pi/Pico_SDK_v1.5.1/pico-sdk/src/rp2_common/pico_printf/printf.c.obj
 .text._ntoa_long
                0x1000d8c4       0xbc CMakeFiles/PROGCC3.1_RP2040.dir/C_/Program_Files/Raspberry_Pi/Pico_SDK_v1.5.1/pico-sdk/src/rp2_common/pico_printf/printf.c.obj
 .text._ntoa_long_long
                0x1000d980       0xe2 CMakeFiles/PROGCC3.1_RP2040.dir/C_/Program_Files/Raspberry_Pi/Pico_SDK_v1.5.1/pico-sdk/src/rp2_common/pico_printf/printf.c.obj
 *fill*         0x1000da62        0x2 
 .text._etoa    0x1000da64      0x414 CMakeFiles/PROGCC3.1_RP2040.dir/C_/Program_Files/Raspberry_Pi/Pico_SDK_v1.5.1/pico-sdk/src/rp2_common/pico_printf/printf.c.obj
 .text._ftoa    0x1000de78      0x354 CMakeFiles/PROGCC3.1_RP2040.dir/C_/Program_Files/Raspberry_Pi/Pico_SDK_v1.5.1/pico-sdk/src/rp2_common/pico_printf/printf.c.obj
 .text._vsnprintf
                0x1000e1cc      0x624 CMakeFiles/PROGCC3.1_RP2040.dir/C_/Program_Files/Raspberry_Pi/Pico_SDK_v1.5.1/pico-sdk/src/rp2_common/pico_printf/printf.c.obj
 .text.vfctprintf
                0x1000e7f0       0x20 CMakeFiles/PROGCC3.1_RP2040.dir/C_/Program_Files/Raspberry_Pi/Pico_SDK_v1.5.1/pico-sdk/src/rp2_common/pico_printf/printf.c.obj
                0x1000e7f0                vfctprintf
 .text          0x1000e810       0x10 CMakeFiles/PROGCC3.1_RP2040.dir/C_/Program_Files/Raspberry_Pi/Pico_SDK_v1.5.1/pico-sdk/src/rp2_common/pico_bit_ops/bit_ops_aeabi.S.obj
 .text.rom_func_lookup
                0x1000e820       0x10 CMakeFiles/PROGCC3.1_RP2040.dir/C_/Program_Files/Raspberry_Pi/Pico_SDK_v1.5.1/pico-sdk/src/rp2_common/pico_bootrom/bootrom.c.obj
                0x1000e820                rom_func_lookup
 .text.rom_data_lookup
                0x1000e830       0x10 CMakeFiles/PROGCC3.1_RP2040.dir/C_/Program_Files/Raspberry_Pi/Pico_SDK_v1.5.1/pico-sdk/src/rp2_common/pico_bootrom/bootrom.c.obj
                0x1000e830                rom_data_lookup
 .text.rom_funcs_lookup
                0x1000e840       0x36 CMakeFiles/PROGCC3.1_RP2040.dir/C_/Program_Files/Raspberry_Pi/Pico_SDK_v1.5.1/pico-sdk/src/rp2_common/pico_bootrom/bootrom.c.obj
                0x1000e840                rom_funcs_lookup
 *fill*         0x1000e876        0x2 
 .text.__wrap___aeabi_idiv
                0x1000e878       0x50 CMakeFiles/PROGCC3.1_RP2040.dir/C_/Program_Files/Raspberry_Pi/Pico_SDK_v1.5.1/pico-sdk/src/rp2_common/pico_divider/divider.S.obj
                0x1000e878                __wrap___aeabi_idivmod
                0x1000e878                divmod_s32s32
                0x1000e878                div_s32s32
                0x1000e878                __wrap___aeabi_idiv
                0x1000e880                divmod_s32s32_unsafe
                0x1000e8ac                divmod_s32s32_savestate
 .text.__wrap___aeabi_uidiv
                0x1000e8c8       0x4c CMakeFiles/PROGCC3.1_RP2040.dir/C_/Program_Files/Raspberry_Pi/Pico_SDK_v1.5.1/pico-sdk/src/rp2_common/pico_divider/divider.S.obj
                0x1000e8c8                __wrap___aeabi_uidiv
                0x1000e8c8                __wrap___aeabi_uidivmod
                0x1000e8c8                div_u32u32
                0x1000e8c8                divmod_u32u32
                0x1000e8d0                divmod_u32u32_unsafe
                0x1000e8f8                divmod_u32u32_savestate
 .text.__wrap___aeabi_ldiv
                0x1000e914      0x424 CMakeFiles/PROGCC3.1_RP2040.dir/C_/Program_Files/Raspberry_Pi/Pico_SDK_v1.5.1/pico-sdk/src/rp2_common/pico_divider/divider.S.obj
                0x1000e914                div_s64s64
                0x1000e914                divmod_s64s64
                0x1000e914                __wrap___aeabi_ldivmod
                0x1000e944                divmod_u64u64
                0x1000e944                div_u64u64
                0x1000e944                __wrap___aeabi_uldivmod
                0x1000e954                divmod_u64u64_savestate
                0x1000e974                divmod_s64s64_unsafe
                0x1000e9fc                divmod_u64u64_unsafe
 .text.push_r8_r11
                0x1000ed38        0xc CMakeFiles/PROGCC3.1_RP2040.dir/C_/Program_Files/Raspberry_Pi/Pico_SDK_v1.5.1/pico-sdk/src/rp2_common/pico_double/double_aeabi.S.obj
                0x1000ed38                push_r8_r11
 .text.pop_r8_r11
                0x1000ed44        0xc CMakeFiles/PROGCC3.1_RP2040.dir/C_/Program_Files/Raspberry_Pi/Pico_SDK_v1.5.1/pico-sdk/src/rp2_common/pico_double/double_aeabi.S.obj
                0x1000ed44                pop_r8_r11
 .text.__wrap___aeabi_darithmetic
                0x1000ed50       0x80 CMakeFiles/PROGCC3.1_RP2040.dir/C_/Program_Files/Raspberry_Pi/Pico_SDK_v1.5.1/pico-sdk/src/rp2_common/pico_double/double_aeabi.S.obj
                0x1000ed50                __wrap___aeabi_drsub
                0x1000ed56                __wrap___aeabi_dsub
                0x1000ed68                __wrap___aeabi_dadd
                0x1000ed7a                __wrap___aeabi_ddiv
                0x1000edb6                __wrap___aeabi_dmul
 .text.__wrap___aeabi_cdcmple
                0x1000edd0       0x6c CMakeFiles/PROGCC3.1_RP2040.dir/C_/Program_Files/Raspberry_Pi/Pico_SDK_v1.5.1/pico-sdk/src/rp2_common/pico_double/double_aeabi.S.obj
                0x1000edd0                __wrap___aeabi_cdrcmple
                0x1000ede0                __wrap___aeabi_cdcmpeq
                0x1000ede0                __wrap___aeabi_cdcmple
 .text.__wrap___aeabi_dcmplt
                0x1000ee3c        0xc CMakeFiles/PROGCC3.1_RP2040.dir/C_/Program_Files/Raspberry_Pi/Pico_SDK_v1.5.1/pico-sdk/src/rp2_common/pico_double/double_aeabi.S.obj
                0x1000ee3c                __wrap___aeabi_dcmplt
 .text.__wrap___aeabi_dcmple
                0x1000ee48       0x10 CMakeFiles/PROGCC3.1_RP2040.dir/C_/Program_Files/Raspberry_Pi/Pico_SDK_v1.5.1/pico-sdk/src/rp2_common/pico_double/double_aeabi.S.obj
                0x1000ee48                __wrap___aeabi_dcmple
 .text.__wrap___aeabi_dcmpge
                0x1000ee58       0x10 CMakeFiles/PROGCC3.1_RP2040.dir/C_/Program_Files/Raspberry_Pi/Pico_SDK_v1.5.1/pico-sdk/src/rp2_common/pico_double/double_aeabi.S.obj
                0x1000ee58                __wrap___aeabi_dcmpge
 .text.__wrap___aeabi_dcmpgt
                0x1000ee68        0xa CMakeFiles/PROGCC3.1_RP2040.dir/C_/Program_Files/Raspberry_Pi/Pico_SDK_v1.5.1/pico-sdk/src/rp2_common/pico_double/double_aeabi.S.obj
                0x1000ee68                __wrap___aeabi_dcmpgt
 .text.__wrap___aeabi_dcmpun
                0x1000ee72       0x1c CMakeFiles/PROGCC3.1_RP2040.dir/C_/Program_Files/Raspberry_Pi/Pico_SDK_v1.5.1/pico-sdk/src/rp2_common/pico_double/double_aeabi.S.obj
                0x1000ee72                __wrap___aeabi_dcmpun
 *fill*         0x1000ee8e        0x2 
 .text.__wrap___aeabi_i2d
                0x1000ee90       0x38 CMakeFiles/PROGCC3.1_RP2040.dir/C_/Program_Files/Raspberry_Pi/Pico_SDK_v1.5.1/pico-sdk/src/rp2_common/pico_double/double_aeabi.S.obj
                0x1000ee90                __wrap___aeabi_ui2d
                0x1000ee98                __wrap___aeabi_i2d
 .text.__wrap___aeabi_d2iz
                0x1000eec8       0x48 CMakeFiles/PROGCC3.1_RP2040.dir/C_/Program_Files/Raspberry_Pi/Pico_SDK_v1.5.1/pico-sdk/src/rp2_common/pico_double/double_aeabi.S.obj
                0x1000eec8                double2int_z
                0x1000eec8                __wrap___aeabi_d2iz
 .text.__wrap___aeabi_d2uiz
                0x1000ef10       0x18 CMakeFiles/PROGCC3.1_RP2040.dir/C_/Program_Files/Raspberry_Pi/Pico_SDK_v1.5.1/pico-sdk/src/rp2_common/pico_double/double_aeabi.S.obj
                0x1000ef10                __wrap___aeabi_d2uiz
                0x1000ef10                double2uint
 .text.fix642double
                0x1000ef28       0x18 CMakeFiles/PROGCC3.1_RP2040.dir/C_/Program_Files/Raspberry_Pi/Pico_SDK_v1.5.1/pico-sdk/src/rp2_common/pico_double/double_aeabi.S.obj
                0x1000ef28                fix642double
 .text.__wrap___aeabi_d2f
                0x1000ef40       0x18 CMakeFiles/PROGCC3.1_RP2040.dir/C_/Program_Files/Raspberry_Pi/Pico_SDK_v1.5.1/pico-sdk/src/rp2_common/pico_double/double_aeabi.S.obj
                0x1000ef40                __wrap___aeabi_d2f
 .text.__wrap_sincostan_remainder
                0x1000ef58       0x14 CMakeFiles/PROGCC3.1_RP2040.dir/C_/Program_Files/Raspberry_Pi/Pico_SDK_v1.5.1/pico-sdk/src/rp2_common/pico_double/double_aeabi.S.obj
                0x1000ef58                sincostan_remainder
 .text.__wrap_cos