Archive member included to satisfy reference by file (symbol)

c:/progra~1/raspbe~1/picosd~1.1/gcc-ar~1/bin/../lib/gcc/arm-none-eabi/10.3.1/../../../../arm-none-eabi/lib/thumb/v6-m/nofp\libm.a(lib_a-s_fmin.o)
                              CMakeFiles/PROGCC3.1_RP2040.dir/lib/HOJA-LIB-RP2040/src/input/stick_scaling.c.obj (fmin)
c:/progra~1/raspbe~1/picosd~1.1/gcc-ar~1/bin/../lib/gcc/arm-none-eabi/10.3.1/../../../../arm-none-eabi/lib/thumb/v6-m/nofp\libm.a(lib_a-s_fpclassify.o)
                              c:/progra~1/raspbe~1/picosd~1.1/gcc-ar~1/bin/../lib/gcc/arm-none-eabi/10.3.1/../../../../arm-none-eabi/lib/thumb/v6-m/nofp\libm.a(lib_a-s_fmin.o) (__fpclassifyd)
c:/progra~1/raspbe~1/picosd~1.1/gcc-ar~1/bin/../lib/gcc/arm-none-eabi/10.3.1/thumb/v6-m/nofp\libgcc.a(_dvmd_tls.o)
                              CMakeFiles/PROGCC3.1_RP2040.dir/C_/Program_Files/Raspberry_Pi/Pico_SDK_v1.5.1/pico-sdk/src/rp2_common/pico_divider/divider.S.obj (__aeabi_idiv0)
c:/progra~1/raspbe~1/picosd~1.1/gcc-ar~1/bin/../lib/gcc/arm-none-eabi/10.3.1/../../../../arm-none-eabi/lib/thumb/v6-m/nofp\libg.a(lib_a-calloc.o)
                              CMakeFiles/PROGCC3.1_RP2040.dir/C_/Program_Files/Raspberry_Pi/Pico_SDK_v1.5.1/pico-sdk/src/rp2_common/pico_malloc/pico_malloc.c.obj (calloc)
c:/progra~1/raspbe~1/picosd~1.1/gcc-ar~1/bin/../lib/gcc/arm-none-eabi/10.3.1/../../../../arm-none-eabi/lib/thumb/v6-m/nofp\libg.a(lib_a-callocr.o)
                              c:/progra~1/raspbe~1/picosd~1.1/gcc-ar~1/bin/../lib/gcc/arm-none-eabi/10.3.1/../../../../arm-none-eabi/lib/thumb/v6-m/nofp\libg.a(lib_a-calloc.o) (_calloc_r)
c:/progra~1/raspbe~1/picosd~1.1/gcc-ar~1/bin/../lib/gcc/arm-none-eabi/10.3.1/../../../../arm-none-eabi/lib/thumb/v6-m/nofp\libg.a(lib_a-errno.o)
                              c:/progra~1/raspbe~1/picosd~1.1/gcc-ar~1/bin/../lib/gcc/arm-none-eabi/10.3.1/../../../../arm-none-eabi/lib/thumb/v6-m/nofp\libg.a(lib_a-callocr.o) (__errno)
c:/progra~1/raspbe~1/picosd~1.1/gcc-ar~1/bin/../lib/gcc/arm-none-eabi/10.3.1/../../../../arm-none-eabi/lib/thumb/v6-m/nofp\libg.a(lib_a-impure.o)
                              c:/progra~1/raspbe~1/picosd~1.1/gcc-ar~1/bin/../lib/gcc/arm-none-eabi/10.3.1/../../../../arm-none-eabi/lib/thumb/v6-m/nofp\libg.a(lib_a-calloc.o) (_impure_ptr)
c:/progra~1/raspbe~1/picosd~1.1/gcc-ar~1/bin/../lib/gcc/arm-none-eabi/10.3.1/../../../../arm-none-eabi/lib/thumb/v6-m/nofp\libg.a(lib_a-init.o)
                              c:/progra~1/raspbe~1/picosd~1.1/gcc-ar~1/bin/../lib/gcc/arm-none-eabi/10.3.1/../../../../arm-none-eabi/lib/thumb/v6-m/nofp/crt0.o (__libc_init_array)
c:/progra~1/raspbe~1/picosd~1.1/gcc-ar~1/bin/../lib/gcc/arm-none-eabi/10.3.1/../../../../arm-none-eabi/lib/thumb/v6-m/nofp\libg.a(lib_a-malloc.o)
                              CMakeFiles/PROGCC3.1_RP2040.dir/C_/Program_Files/Raspberry_Pi/Pico_SDK_v1.5.1/pico-sdk/src/rp2_common/pico_malloc/pico_malloc.c.obj (malloc)
c:/progra~1/raspbe~1/picosd~1.1/gcc-ar~1/bin/../lib/gcc/arm-none-eabi/10.3.1/../../../../arm-none-eabi/lib/thumb/v6-m/nofp\libg.a(lib_a-mallocr.o)
                              c:/progra~1/raspbe~1/picosd~1.1/gcc-ar~1/bin/../lib/gcc/arm-none-eabi/10.3.1/../../../../arm-none-eabi/lib/thumb/v6-m/nofp\libg.a(lib_a-callocr.o) (_malloc_r)
c:/progra~1/raspbe~1/picosd~1.1/gcc-ar~1/bin/../lib/gcc/arm-none-eabi/10.3.1/../../../../arm-none-eabi/lib/thumb/v6-m/nofp\libg.a(lib_a-mlock.o)
                              c:/progra~1/raspbe~1/picosd~1.1/gcc-ar~1/bin/../lib/gcc/arm-none-eabi/10.3.1/../../../../arm-none-eabi/lib/thumb/v6-m/nofp\libg.a(lib_a-mallocr.o) (__malloc_lock)
c:/progra~1/raspbe~1/picosd~1.1/gcc-ar~1/bin/../lib/gcc/arm-none-eabi/10.3.1/../../../../arm-none-eabi/lib/thumb/v6-m/nofp\libg.a(lib_a-realloc.o)
                              CMakeFiles/PROGCC3.1_RP2040.dir/C_/Program_Files/Raspberry_Pi/Pico_SDK_v1.5.1/pico-sdk/src/rp2_common/pico_malloc/pico_malloc.c.obj (realloc)
c:/progra~1/raspbe~1/picosd~1.1/gcc-ar~1/bin/../lib/gcc/arm-none-eabi/10.3.1/../../../../arm-none-eabi/lib/thumb/v6-m/nofp\libg.a(lib_a-reallocr.o)
                              c:/progra~1/raspbe~1/picosd~1.1/gcc-ar~1/bin/../lib/gcc/arm-none-eabi/10.3.1/../../../../arm-none-eabi/lib/thumb/v6-m/nofp\libg.a(lib_a-realloc.o) (_realloc_r)
c:/progra~1/raspbe~1/picosd~1.1/gcc-ar~1/bin/../lib/gcc/arm-none-eabi/10.3.1/../../../../arm-none-eabi/lib/thumb/v6-m/nofp\libg.a(lib_a-sbrkr.o)
                              c:/progra~1/raspbe~1/picosd~1.1/gcc-ar~1/bin/../lib/gcc/arm-none-eabi/10.3.1/../../../../arm-none-eabi/lib/thumb/v6-m/nofp\libg.a(lib_a-mallocr.o) (_sbrk_r)
c:/progra~1/raspbe~1/picosd~1.1/gcc-ar~1/bin/../lib/gcc/arm-none-eabi/10.3.1/../../../../arm-none-eabi/lib/thumb/v6-m/nofp\libg.a(lib_a-strlen-stub.o)
                              CMakeFiles/PROGCC3.1_RP2040.dir/lib/HOJA-LIB-RP2040/src/usb/hoja_usb.c.obj (strlen)
c:/progra~1/raspbe~1/picosd~1.1/gcc-ar~1/bin/../lib/gcc/arm-none-eabi/10.3.1/../../../../arm-none-eabi/lib/thumb/v6-m/nofp\libg.a(lib_a-freer.o)
[...]
Memory Configuration

Name             Origin             Length             Attributes
FLASH            0x10000000         0x00200000         xr
RAM              0x20000000         0x00040000         xrw
SCRATCH_X        0x20040000         0x00001000         xrw
SCRATCH_Y        0x20041000         0x00001000         xrw
*default*        0x00000000         0xffffffff

Linker script and memory map

LOAD c:/progra~1/raspbe~1/picosd~1.1/gcc-ar~1/bin/../lib/gcc/arm-none-eabi/10.3.1/thumb/v6-m/nofp/crti.o
LOAD c:/progra~1/raspbe~1/picosd~1.1/gcc-ar~1/bin/../lib/gcc/arm-none-eabi/10.3.1/thumb/v6-m/nofp/crtbegin.o
LOAD c:/progra~1/raspbe~1/picosd~1.1/gcc-ar~1/bin/../lib/gcc/arm-none-eabi/10.3.1/../../../../arm-none-eabi/lib/thumb/v6-m/nofp/crt0.o

.flash_begin    0x10000000        0x0
                0x10000000                __flash_binary_start = .

.boot2          0x10000000      0x100
                0x10000000                __boot2_start__ = .
 *(.boot2)
 .boot2         0x10000000      0x100 C:\Users\Mitch\AppData\Local\Temp\cc0O8k4D.o
                0x10000100                __boot2_end__ = .
                0x00000001                ASSERT (((__boot2_end__ - __boot2_start__) == 0x100), ERROR: Pico second stage bootloader must be 256 bytes in size)

.text           0x10000100    0x14768
                0x10000100                __logical_binary_start = .
 *(.vectors)
 .vectors       0x10000100       0xd4 CMakeFiles/PROGCC3.1_RP2040.dir/C_/Program_Files/Raspberry_Pi/Pico_SDK_v1.5.1/pico-sdk/src/rp2_common/pico_standard_link/crt0.S.obj
                0x10000100                __VECTOR_TABLE
                0x10000100                __vectors
                0x100001c0                isr_invalid
                0x100001c0                __default_isrs_start
                0x100001c2                isr_nmi
                0x100001c4                isr_hardfault
                0x100001c6                isr_svcall
                0x100001c8                isr_pendsv
                0x100001ca                isr_systick
                0x100001cc                isr_irq23
                0x100001cc                isr_irq18
                0x100001cc                isr_irq11
                0x100001cc                isr_irq28
                0x100001cc                isr_irq19
                0x100001cc                isr_irq0
                0x100001cc                isr_irq6
                0x100001cc                isr_irq5
                0x100001cc                isr_irq12
                0x100001cc                isr_irq22
                0x100001cc                isr_irq31
                0x100001cc                isr_irq17
                0x100001cc                isr_irq27
                0x100001cc                isr_irq30
                0x100001cc                isr_irq2
                0x100001cc                isr_irq10
                0x100001cc                isr_irq8
                0x100001cc                isr_irq24
                0x100001cc                isr_irq1
                0x100001cc                isr_irq7
                0x100001cc                isr_irq21
                0x100001cc                isr_irq20
                0x100001cc                isr_irq15
                0x100001cc                isr_irq25
                0x100001cc                isr_irq13
                0x100001cc                __unhandled_user_irq
                0x100001cc                isr_irq4
                0x100001cc                isr_irq16
                0x100001cc                isr_irq29
                0x100001cc                isr_irq26
                0x100001cc                __default_isrs_end
                0x100001cc                isr_irq3
                0x100001cc                isr_irq14
                0x100001cc                isr_irq9
                0x100001d2                unhandled_user_irq_num_in_r0
 *(.binary_info_header)
 .binary_info_header
                0x100001d4       0x14 CMakeFiles/PROGCC3.1_RP2040.dir/C_/Program_Files/Raspberry_Pi/Pico_SDK_v1.5.1/pico-sdk/src/rp2_common/pico_standard_link/crt0.S.obj
                0x100001e8                __binary_info_header_end = .
 *(.reset)
 .reset         0x100001e8       0xa0 CMakeFiles/PROGCC3.1_RP2040.dir/C_/Program_Files/Raspberry_Pi/Pico_SDK_v1.5.1/pico-sdk/src/rp2_common/pico_standard_link/crt0.S.obj
                0x100001e8                _entry_point
 .reset         0x10000288       0x30 CMakeFiles/PROGCC3.1_RP2040.dir/C_/Program_Files/Raspberry_Pi/Pico_SDK_v1.5.1/pico-sdk/src/rp2_common/pico_standard_link/binary_info.c.obj
 *(.init)
 .init          0x100002b8        0x4 c:/progra~1/raspbe~1/picosd~1.1/gcc-ar~1/bin/../lib/gcc/arm-none-eabi/10.3.1/thumb/v6-m/nofp/crti.o
                0x100002b8                _init
 *(EXCLUDE_FILE(*libm.a: *libc.a:*lib_a-mem*.o *libgcc.a:) .text*)
 .text          0x100002bc       0x48 c:/progra~1/raspbe~1/picosd~1.1/gcc-ar~1/bin/../lib/gcc/arm-none-eabi/10.3.1/thumb/v6-m/nofp/crtbegin.o
 .text._gpio_put_od
                0x10000304       0x32 CMakeFiles/PROGCC3.1_RP2040.dir/src/main.c.obj
                0x10000304                _gpio_put_od
 *fill*         0x10000336        0x2 
 .text.cb_hoja_baseband_update_loop
                0x10000338       0x64 CMakeFiles/PROGCC3.1_RP2040.dir/src/main.c.obj
                0x10000338                cb_hoja_baseband_update_loop
 .text.cb_hoja_set_uart_enabled
                0x1000039c       0x42 CMakeFiles/PROGCC3.1_RP2040.dir/src/main.c.obj
                0x1000039c                cb_hoja_set_uart_enabled
 .text.cb_hoja_set_bluetooth_enabled
                0x100003de       0x1a CMakeFiles/PROGCC3.1_RP2040.dir/src/main.c.obj
                0x100003de                cb_hoja_set_bluetooth_enabled
 .text.cb_hoja_hardware_setup
                0x100003f8       0x40 CMakeFiles/PROGCC3.1_RP2040.dir/src/main.c.obj
                0x100003f8                cb_hoja_hardware_setup
 .text.cb_hoja_read_buttons
                0x10000438      0x25a CMakeFiles/PROGCC3.1_RP2040.dir/src/main.c.obj
                0x10000438                cb_hoja_read_buttons
 *fill*         0x10000692        0x2 
 .text.main     0x10000694       0xb4 CMakeFiles/PROGCC3.1_RP2040.dir/src/main.c.obj
                0x10000694                main
 .text._hwtest_pinok
                0x10000748       0x7c CMakeFiles/PROGCC3.1_RP2040.dir/src/app_hwtest.c.obj
                0x10000748                _hwtest_pinok
 .text._hwtest_data
                0x100007c4        0xa CMakeFiles/PROGCC3.1_RP2040.dir/src/app_hwtest.c.obj
                0x100007c4                _hwtest_data
 .text._hwtest_latch
                0x100007ce        0xa CMakeFiles/PROGCC3.1_RP2040.dir/src/app_hwtest.c.obj
                0x100007ce                _hwtest_latch
 .text._hwtest_clock
                0x100007d8        0xa CMakeFiles/PROGCC3.1_RP2040.dir/src/app_hwtest.c.obj
                0x100007d8                _hwtest_clock
 *fill*         0x100007e2        0x2 
 .text._hwtest_bluetooth
                0x100007e4       0x30 CMakeFiles/PROGCC3.1_RP2040.dir/src/app_hwtest.c.obj
                0x100007e4                _hwtest_bluetooth
 .text._hwtest_battery
                0x10000814        0x8 CMakeFiles/PROGCC3.1_RP2040.dir/src/app_hwtest.c.obj
                0x10000814                _hwtest_battery
 .text._hwtest_imu
                0x1000081c        0x4 CMakeFiles/PROGCC3.1_RP2040.dir/src/app_hwtest.c.obj
                0x1000081c                _hwtest_imu
 .text._hwtest_analog
                0x10000820        0x4 CMakeFiles/PROGCC3.1_RP2040.dir/src/app_hwtest.c.obj
                0x10000820                _hwtest_analog
 .text._hwtest_rumble
                0x10000824        0x4 CMakeFiles/PROGCC3.1_RP2040.dir/src/app_hwtest.c.obj
                0x10000824                _hwtest_rumble
 .text._hwtest_rgb
                0x10000828        0x4 CMakeFiles/PROGCC3.1_RP2040.dir/src/app_hwtest.c.obj
                0x10000828                _hwtest_rgb
 .text.cb_hoja_hardware_test
                0x1000082c       0xaa CMakeFiles/PROGCC3.1_RP2040.dir/src/app_hwtest.c.obj
                0x1000082c                cb_hoja_hardware_test
 .text.cb_hoja_rumble_init
                0x100008d6        0x2 CMakeFiles/PROGCC3.1_RP2040.dir/lib/HOJA-LIB-RP2040/src/hoja.c.obj
                0x100008d6                cb_hoja_rumble_init
 .text.cb_hoja_rumble_test
                0x100008d8        0x2 CMakeFiles/PROGCC3.1_RP2040.dir/lib/HOJA-LIB-RP2040/src/hoja.c.obj
                0x100008d8                cb_hoja_rumble_test
 *fill*         0x100008da        0x2 
 .text.hoja_get_input_method
                0x100008dc        0xc CMakeFiles/PROGCC3.1_RP2040.dir/lib/HOJA-LIB-RP2040/src/hoja.c.obj
                0x100008dc                hoja_get_input_method
 .text._hoja_hal_setup
                0x100008e8       0x1e CMakeFiles/PROGCC3.1_RP2040.dir/lib/HOJA-LIB-RP2040/src/hoja.c.obj
                0x100008e8                _hoja_hal_setup
 .text._hoja_driver_setup
                0x10000906       0x32 CMakeFiles/PROGCC3.1_RP2040.dir/lib/HOJA-LIB-RP2040/src/hoja.c.obj
                0x10000906                _hoja_driver_setup
 .text._hoja_set_idle_state
                0x10000938       0xc0 CMakeFiles/PROGCC3.1_RP2040.dir/lib/HOJA-LIB-RP2040/src/hoja.c.obj
                0x10000938                _hoja_set_idle_state
 .text.hoja_get_idle_state
                0x100009f8        0xc CMakeFiles/PROGCC3.1_RP2040.dir/lib/HOJA-LIB-RP2040/src/hoja.c.obj
                0x100009f8                hoja_get_idle_state
 .text.hoja_set_baseband_update
                0x10000a04       0x28 CMakeFiles/PROGCC3.1_RP2040.dir/lib/HOJA-LIB-RP2040/src/hoja.c.obj
                0x10000a04                hoja_set_baseband_update
 .text.hoja_shutdown_instant
                0x10000a2c       0x1a CMakeFiles/PROGCC3.1_RP2040.dir/lib/HOJA-LIB-RP2040/src/hoja.c.obj
                0x10000a2c                hoja_shutdown_instant
 *fill*         0x10000a46        0x2 
 .text.hoja_get_timestamp
                0x10000a48       0x34 CMakeFiles/PROGCC3.1_RP2040.dir/lib/HOJA-LIB-RP2040/src/hoja.c.obj
                0x10000a48                hoja_get_timestamp
 .text._hoja_task_1
                0x10000a7c       0x20 CMakeFiles/PROGCC3.1_RP2040.dir/lib/HOJA-LIB-RP2040/src/hoja.c.obj
                0x10000a7c                _hoja_task_1
 .text.hoja_deinit
                0x10000a9c       0x34 CMakeFiles/PROGCC3.1_RP2040.dir/lib/HOJA-LIB-RP2040/src/hoja.c.obj
                0x10000a9c                hoja_deinit
 .text.hoja_shutdown
                0x10000ad0       0x1c CMakeFiles/PROGCC3.1_RP2040.dir/lib/HOJA-LIB-RP2040/src/hoja.c.obj
                0x10000ad0                hoja_shutdown
 .text._hoja_task_0
                0x10000aec       0xd0 CMakeFiles/PROGCC3.1_RP2040.dir/lib/HOJA-LIB-RP2040/src/hoja.c.obj
                0x10000aec                _hoja_task_0
 .text.hoja_init
                0x10000bbc      0x224 CMakeFiles/PROGCC3.1_RP2040.dir/lib/HOJA-LIB-RP2040/src/hoja.c.obj
                0x10000bbc                hoja_init
 .text.hoja_setup_gpio_scan
                0x10000de0       0x20 CMakeFiles/PROGCC3.1_RP2040.dir/lib/HOJA-LIB-RP2040/src/hoja.c.obj
                0x10000de0                hoja_setup_gpio_scan
 .text.hoja_setup_gpio_push
                0x10000e00       0x1e CMakeFiles/PROGCC3.1_RP2040.dir/lib/HOJA-LIB-RP2040/src/hoja.c.obj
                0x10000e00                hoja_setup_gpio_push
 .text.hoja_setup_gpio_button
                0x10000e1e       0x1e CMakeFiles/PROGCC3.1_RP2040.dir/lib/HOJA-LIB-RP2040/src/hoja.c.obj
                0x10000e1e                hoja_setup_gpio_button
 .text._settings_validate
                0x10000e3c       0x2c CMakeFiles/PROGCC3.1_RP2040.dir/lib/HOJA-LIB-RP2040/src/hoja_settings.c.obj
                0x10000e3c                _settings_validate
 .text._settings_migrate
                0x10000e68      0x1d4 CMakeFiles/PROGCC3.1_RP2040.dir/lib/HOJA-LIB-RP2040/src/hoja_settings.c.obj
                0x10000e68                _settings_migrate
 .text._settings_get_config_version
                0x1000103c       0x24 CMakeFiles/PROGCC3.1_RP2040.dir/lib/HOJA-LIB-RP2040/src/hoja_settings.c.obj
                0x1000103c                _settings_get_config_version
 .text._generate_mac
                0x10001060       0x58 CMakeFiles/PROGCC3.1_RP2040.dir/lib/HOJA-LIB-RP2040/src/hoja_settings.c.obj
                0x10001060                _generate_mac
 .text._settings_init_default
                0x100010b8      0x20c CMakeFiles/PROGCC3.1_RP2040.dir/lib/HOJA-LIB-RP2040/src/hoja_settings.c.obj
                0x100010b8                _settings_init_default
 .text.settings_get_bank
                0x100012c4        0xc CMakeFiles/PROGCC3.1_RP2040.dir/lib/HOJA-LIB-RP2040/src/hoja_settings.c.obj
                0x100012c4                settings_get_bank
 .text.settings_set_charge_level
                0x100012d0        0xc CMakeFiles/PROGCC3.1_RP2040.dir/lib/HOJA-LIB-RP2040/src/hoja_settings.c.obj
                0x100012d0                settings_set_charge_level
 .text.settings_save_battery_from_core0
                0x100012dc       0x20 CMakeFiles/PROGCC3.1_RP2040.dir/lib/HOJA-LIB-RP2040/src/hoja_settings.c.obj
                0x100012dc                settings_save_battery_from_core0
 .text.settings_core1_save_check
                0x100012fc      0x100 CMakeFiles/PROGCC3.1_RP2040.dir/lib/HOJA-LIB-RP2040/src/hoja_settings.c.obj
                0x100012fc                settings_core1_save_check
 .text.settings_save_battery_from_core1
                0x100013fc       0x14 CMakeFiles/PROGCC3.1_RP2040.dir/lib/HOJA-LIB-RP2040/src/hoja_settings.c.obj
                0x100013fc                settings_save_battery_from_core1
 .text.settings_save_webindicate
                0x10001410        0xc CMakeFiles/PROGCC3.1_RP2040.dir/lib/HOJA-LIB-RP2040/src/hoja_settings.c.obj
                0x10001410                settings_save_webindicate
 .text.settings_save_from_core0
                0x1000141c        0xc CMakeFiles/PROGCC3.1_RP2040.dir/lib/HOJA-LIB-RP2040/src/hoja_settings.c.obj
                0x1000141c                settings_save_from_core0
 .text.settings_load
                0x10001428      0x134 CMakeFiles/PROGCC3.1_RP2040.dir/lib/HOJA-LIB-RP2040/src/hoja_settings.c.obj
                0x10001428                settings_load
 .text.settings_set_rumble
                0x1000155c       0x1c CMakeFiles/PROGCC3.1_RP2040.dir/lib/HOJA-LIB-RP2040/src/hoja_settings.c.obj
                0x1000155c                settings_set_rumble
 .text.settings_set_deadzone
                0x10001578       0x44 CMakeFiles/PROGCC3.1_RP2040.dir/lib/HOJA-LIB-RP2040/src/hoja_settings.c.obj
                0x10001578                settings_set_deadzone
 .text.settings_set_centers
                0x100015bc       0x44 CMakeFiles/PROGCC3.1_RP2040.dir/lib/HOJA-LIB-RP2040/src/hoja_settings.c.obj
                0x100015bc                settings_set_centers
 .text.settings_set_mode
                0x10001600       0x10 CMakeFiles/PROGCC3.1_RP2040.dir/lib/HOJA-LIB-RP2040/src/hoja_settings.c.obj
                0x10001600                settings_set_mode
 .text.hoja_comms_task
                0x10001610       0x14 CMakeFiles/PROGCC3.1_RP2040.dir/lib/HOJA-LIB-RP2040/src/hoja_comms.c.obj
                0x10001610                hoja_comms_task
 .text.hoja_comms_current_mode
                0x10001624        0xc CMakeFiles/PROGCC3.1_RP2040.dir/lib/HOJA-LIB-RP2040/src/hoja_comms.c.obj
                0x10001624                hoja_comms_current_mode
 .text.hoja_comms_init
                0x10001630       0xc8 CMakeFiles/PROGCC3.1_RP2040.dir/lib/HOJA-LIB-RP2040/src/hoja_comms.c.obj
                0x10001630                hoja_comms_init
 .text.ws2812_program_init
                0x100016f8      0x154 CMakeFiles/PROGCC3.1_RP2040.dir/lib/HOJA-LIB-RP2040/src/utilities/rgb.c.obj
 .text._rgb_set_dirty
                0x1000184c        0xc CMakeFiles/PROGCC3.1_RP2040.dir/lib/HOJA-LIB-RP2040/src/utilities/rgb.c.obj
                0x1000184c                _rgb_set_dirty
 .text._rgbanim_cycleoffset_do
                0x10001858       0xbc CMakeFiles/PROGCC3.1_RP2040.dir/lib/HOJA-LIB-RP2040/src/utilities/rgb.c.obj
                0x10001858                _rgbanim_cycleoffset_do
 .text.rgb_set_override
                0x10001914       0x1c CMakeFiles/PROGCC3.1_RP2040.dir/lib/HOJA-LIB-RP2040/src/utilities/rgb.c.obj
                0x10001914                rgb_set_override
 .text._rgb_convert_hue_saturation
                0x10001930       0x84 CMakeFiles/PROGCC3.1_RP2040.dir/lib/HOJA-LIB-RP2040/src/utilities/rgb.c.obj
                0x10001930                _rgb_convert_hue_saturation
 .text._rgb_set_color_brightness
                0x100019b4       0xa4 CMakeFiles/PROGCC3.1_RP2040.dir/lib/HOJA-LIB-RP2040/src/utilities/rgb.c.obj
                0x100019b4                _rgb_set_color_brightness
 .text._rgb_normalize_output_power
                0x10001a58       0x88 CMakeFiles/PROGCC3.1_RP2040.dir/lib/HOJA-LIB-RP2040/src/utilities/rgb.c.obj
                0x10001a58                _rgb_normalize_output_power
 .text._rgbanim_rainbowoffset_do
                0x10001ae0       0x8c CMakeFiles/PROGCC3.1_RP2040.dir/lib/HOJA-LIB-RP2040/src/utilities/rgb.c.obj
                0x10001ae0                _rgbanim_rainbowoffset_do
 .text._rgb_update_all
                0x10001b6c       0x28 CMakeFiles/PROGCC3.1_RP2040.dir/lib/HOJA-LIB-RP2040/src/utilities/rgb.c.obj
                0x10001b6c                _rgb_update_all
 .text._rgb_blend
                0x10001b94       0xb2 CMakeFiles/PROGCC3.1_RP2040.dir/lib/HOJA-LIB-RP2040/src/utilities/rgb.c.obj
                0x10001b94                _rgb_blend
 *fill*         0x10001c46        0x2 
 .text._rgb_set_player
                0x10001c48       0x5c CMakeFiles/PROGCC3.1_RP2040.dir/lib/HOJA-LIB-RP2040/src/utilities/rgb.c.obj
                0x10001c48                _rgb_set_player
 .text.rgb_set_player
                0x10001ca4       0x20 CMakeFiles/PROGCC3.1_RP2040.dir/lib/HOJA-LIB-RP2040/src/utilities/rgb.c.obj
                0x10001ca4                rgb_set_player
 .text._rgb_animate_step
                0x10001cc4       0xcc CMakeFiles/PROGCC3.1_RP2040.dir/lib/HOJA-LIB-RP2040/src/utilities/rgb.c.obj
                0x10001cc4                _rgb_animate_step
 .text._rgb_set_sequential
                0x10001d90       0x32 CMakeFiles/PROGCC3.1_RP2040.dir/lib/HOJA-LIB-RP2040/src/utilities/rgb.c.obj
                0x10001d90                _rgb_set_sequential
 *fill*         0x10001dc2        0x2 
 .text._rgb_set_brightness
                0x10001dc4       0x14 CMakeFiles/PROGCC3.1_RP2040.dir/lib/HOJA-LIB-RP2040/src/utilities/rgb.c.obj
                0x10001dc4                _rgb_set_brightness
 .text._rgb_set_all
                0x10001dd8       0x30 CMakeFiles/PROGCC3.1_RP2040.dir/lib/HOJA-LIB-RP2040/src/utilities/rgb.c.obj
                0x10001dd8                _rgb_set_all
 .text._rgbanim_rainbow_do
                0x10001e08       0x34 CMakeFiles/PROGCC3.1_RP2040.dir/lib/HOJA-LIB-RP2040/src/utilities/rgb.c.obj
                0x10001e08                _rgbanim_rainbow_do
 .text._rgbanim_cycle_do
                0x10001e3c       0x88 CMakeFiles/PROGCC3.1_RP2040.dir/lib/HOJA-LIB-RP2040/src/utilities/rgb.c.obj
                0x10001e3c                _rgbanim_cycle_do
 .text._rgbanim_flash_do
                0x10001ec4       0x4c CMakeFiles/PROGCC3.1_RP2040.dir/lib/HOJA-LIB-RP2040/src/utilities/rgb.c.obj
                0x10001ec4                _rgbanim_flash_do
 .text._rgb_indicate_override_do
                0x10001f10       0x7c CMakeFiles/PROGCC3.1_RP2040.dir/lib/HOJA-LIB-RP2040/src/utilities/rgb.c.obj
                0x10001f10                _rgb_indicate_override_do
 .text._rgb_shutdown_start_override_do
                0x10001f8c       0x48 CMakeFiles/PROGCC3.1_RP2040.dir/lib/HOJA-LIB-RP2040/src/utilities/rgb.c.obj
                0x10001f8c                _rgb_shutdown_start_override_do
 .text.rgb_set_group
                0x10001fd4      0x100 CMakeFiles/PROGCC3.1_RP2040.dir/lib/HOJA-LIB-RP2040/src/utilities/rgb.c.obj
                0x10001fd4                rgb_set_group
 .text._rgb_preset_reload
                0x100020d4       0x3c CMakeFiles/PROGCC3.1_RP2040.dir/lib/HOJA-LIB-RP2040/src/utilities/rgb.c.obj
                0x100020d4                _rgb_preset_reload
 .text._rgb_load_preset
                0x10002110       0x10 CMakeFiles/PROGCC3.1_RP2040.dir/lib/HOJA-LIB-RP2040/src/utilities/rgb.c.obj
                0x10002110                _rgb_load_preset
 .text._rgbanim_preset_do
                0x10002120       0x28 CMakeFiles/PROGCC3.1_RP2040.dir/lib/HOJA-LIB-RP2040/src/utilities/rgb.c.obj
                0x10002120                _rgbanim_preset_do
 .text.rgb_update_speed
                0x10002148       0x70 CMakeFiles/PROGCC3.1_RP2040.dir/lib/HOJA-LIB-RP2040/src/utilities/rgb.c.obj
                0x10002148                rgb_update_speed
 .text.rgb_indicate
                0x100021b8       0x24 CMakeFiles/PROGCC3.1_RP2040.dir/lib/HOJA-LIB-RP2040/src/utilities/rgb.c.obj
                0x100021b8                rgb_indicate
 .text.rgb_shutdown_start
                0x100021dc       0x2c CMakeFiles/PROGCC3.1_RP2040.dir/lib/HOJA-LIB-RP2040/src/utilities/rgb.c.obj
                0x100021dc                rgb_shutdown_start
 .text.rgb_init
                0x10002208       0xd8 CMakeFiles/PROGCC3.1_RP2040.dir/lib/HOJA-LIB-RP2040/src/utilities/rgb.c.obj
                0x10002208                rgb_init
 .text.rgb_flash
                0x100022e0       0x2c CMakeFiles/PROGCC3.1_RP2040.dir/lib/HOJA-LIB-RP2040/src/utilities/rgb.c.obj
                0x100022e0                rgb_flash
 .text.rgb_task
                0x1000230c       0x70 CMakeFiles/PROGCC3.1_RP2040.dir/lib/HOJA-LIB-RP2040/src/utilities/rgb.c.obj
                0x1000230c                rgb_task
 .text.battery_get_level
                0x1000237c        0xc CMakeFiles/PROGCC3.1_RP2040.dir/lib/HOJA-LIB-RP2040/src/utilities/battery.c.obj
                0x1000237c                battery_get_level
 .text.battery_update_status
                0x10002388       0xb4 CMakeFiles/PROGCC3.1_RP2040.dir/lib/HOJA-LIB-RP2040/src/utilities/battery.c.obj
                0x10002388                battery_update_status
 .text.battery_monitor_task
                0x1000243c      0x1b0 CMakeFiles/PROGCC3.1_RP2040.dir/lib/HOJA-LIB-RP2040/src/utilities/battery.c.obj
                0x1000243c                battery_monitor_task
 .text.battery_comms_check
                0x100025ec       0x50 CMakeFiles/PROGCC3.1_RP2040.dir/lib/HOJA-LIB-RP2040/src/utilities/battery.c.obj
                0x100025ec                battery_comms_check
 .text.battery_enable_ship_mode
                0x1000263c       0x70 CMakeFiles/PROGCC3.1_RP2040.dir/lib/HOJA-LIB-RP2040/src/utilities/battery.c.obj
                0x1000263c                battery_enable_ship_mode
 .text.battery_set_charge_rate
                0x100026ac       0x80 CMakeFiles/PROGCC3.1_RP2040.dir/lib/HOJA-LIB-RP2040/src/utilities/battery.c.obj
                0x100026ac                battery_set_charge_rate
 .text.battery_set_source
                0x1000272c       0x48 CMakeFiles/PROGCC3.1_RP2040.dir/lib/HOJA-LIB-RP2040/src/utilities/battery.c.obj
                0x1000272c                battery_set_source
 .text.battery_get_plugged_status
                0x10002774       0x14 CMakeFiles/PROGCC3.1_RP2040.dir/lib/HOJA-LIB-RP2040/src/utilities/battery.c.obj
                0x10002774                battery_get_plugged_status
 .text.battery_get_charging_status
                0x10002788       0x14 CMakeFiles/PROGCC3.1_RP2040.dir/lib/HOJA-LIB-RP2040/src/utilities/battery.c.obj
                0x10002788                battery_get_charging_status
 .text._software_reset
                0x1000279c        0xe CMakeFiles/PROGCC3.1_RP2040.dir/lib/HOJA-LIB-RP2040/src/utilities/reboot.c.obj
                0x1000279c                _software_reset
 *fill*         0x100027aa        0x2 
 .text._scratch_set
                0x100027ac       0x14 CMakeFiles/PROGCC3.1_RP2040.dir/lib/HOJA-LIB-RP2040/src/utilities/reboot.c.obj
                0x100027ac                _scratch_set
 .text._scratch_get
                0x100027c0       0x24 CMakeFiles/PROGCC3.1_RP2040.dir/lib/HOJA-LIB-RP2040/src/utilities/reboot.c.obj
                0x100027c0                _scratch_get
 .text.reboot_with_memory
                0x100027e4        0xe CMakeFiles/PROGCC3.1_RP2040.dir/lib/HOJA-LIB-RP2040/src/utilities/reboot.c.obj
                0x100027e4                reboot_with_memory
 .text.reboot_get_memory
                0x100027f2        0xa CMakeFiles/PROGCC3.1_RP2040.dir/lib/HOJA-LIB-RP2040/src/utilities/reboot.c.obj
                0x100027f2                reboot_get_memory
 .text.interval_run
                0x100027fc       0x26 CMakeFiles/PROGCC3.1_RP2040.dir/lib/HOJA-LIB-RP2040/src/utilities/interval.c.obj
                0x100027fc                interval_run
 .text.interval_resettable_run
                0x10002822       0x3a CMakeFiles/PROGCC3.1_RP2040.dir/lib/HOJA-LIB-RP2040/src/utilities/interval.c.obj
                0x10002822                interval_resettable_run
 .text.i2c_safe_enter_blocking
                0x1000285c       0x1c CMakeFiles/PROGCC3.1_RP2040.dir/lib/HOJA-LIB-RP2040/src/utilities/i2c_safe.c.obj
                0x1000285c                i2c_safe_enter_blocking
 .text.i2c_safe_exit
                0x10002878       0x10 CMakeFiles/PROGCC3.1_RP2040.dir/lib/HOJA-LIB-RP2040/src/utilities/i2c_safe.c.obj
                0x10002878                i2c_safe_exit
 .text.i2c_safe_write_timeout_us
                0x10002888       0x8c CMakeFiles/PROGCC3.1_RP2040.dir/lib/HOJA-LIB-RP2040/src/utilities/i2c_safe.c.obj
                0x10002888                i2c_safe_write_timeout_us
 .text.i2c_safe_read_timeout_us
                0x10002914       0x8c CMakeFiles/PROGCC3.1_RP2040.dir/lib/HOJA-LIB-RP2040/src/utilities/i2c_safe.c.obj
                0x10002914                i2c_safe_read_timeout_us
 .text.i2c_safe_write_read_timeout_us
                0x100029a0       0xdc CMakeFiles/PROGCC3.1_RP2040.dir/lib/HOJA-LIB-RP2040/src/utilities/i2c_safe.c.obj
                0x100029a0                i2c_safe_write_read_timeout_us
 .text.haptics_get
                0x10002a7c       0x8c CMakeFiles/PROGCC3.1_RP2040.dir/lib/HOJA-LIB-RP2040/src/utilities/haptics.c.obj
                0x10002a7c                haptics_get
 .text.haptics_set
                0x10002b08       0x58 CMakeFiles/PROGCC3.1_RP2040.dir/lib/HOJA-LIB-RP2040/src/utilities/haptics.c.obj
                0x10002b08                haptics_set
 .text.haptics_set_all
                0x10002b60       0xb0 CMakeFiles/PROGCC3.1_RP2040.dir/lib/HOJA-LIB-RP2040/src/utilities/haptics.c.obj
                0x10002b60                haptics_set_all
 .text.tud_descriptor_bos_cb
                0x10002c10       0x1c CMakeFiles/PROGCC3.1_RP2040.dir/lib/HOJA-LIB-RP2040/src/usb/desc_bos.c.obj
                0x10002c10                tud_descriptor_bos_cb
 .text.tud_hid_ready
                0x10002c2c        0xa CMakeFiles/PROGCC3.1_RP2040.dir/lib/HOJA-LIB-RP2040/src/usb/hoja_usb.c.obj
 *fill*         0x10002c36        0x2 
 .text.hoja_usb_set_usb_clear
                0x10002c38       0x28 CMakeFiles/PROGCC3.1_RP2040.dir/lib/HOJA-LIB-RP2040/src/usb/hoja_usb.c.obj
                0x10002c38                hoja_usb_set_usb_clear
 .text.hoja_usb_unset_usb_clear
                0x10002c60       0x28 CMakeFiles/PROGCC3.1_RP2040.dir/lib/HOJA-LIB-RP2040/src/usb/hoja_usb.c.obj
                0x10002c60                hoja_usb_unset_usb_clear
 .text.hoja_usb_get_usb_clear
                0x10002c88       0x4c CMakeFiles/PROGCC3.1_RP2040.dir/lib/HOJA-LIB-RP2040/src/usb/hoja_usb.c.obj
                0x10002c88                hoja_usb_get_usb_clear
 .text.usbd_app_driver_get_cb
                0x10002cd4       0x24 CMakeFiles/PROGCC3.1_RP2040.dir/lib/HOJA-LIB-RP2040/src/usb/hoja_usb.c.obj
                0x10002cd4                usbd_app_driver_get_cb
 .text._hoja_usb_set_interval
                0x10002cf8       0x44 CMakeFiles/PROGCC3.1_RP2040.dir/lib/HOJA-LIB-RP2040/src/usb/hoja_usb.c.obj
                0x10002cf8                _hoja_usb_set_interval
 .text.hoja_usb_start
                0x10002d3c       0xb0 CMakeFiles/PROGCC3.1_RP2040.dir/lib/HOJA-LIB-RP2040/src/usb/hoja_usb.c.obj
                0x10002d3c                hoja_usb_start
 .text.hoja_usb_task
                0x10002dec       0xcc CMakeFiles/PROGCC3.1_RP2040.dir/lib/HOJA-LIB-RP2040/src/usb/hoja_usb.c.obj
                0x10002dec                hoja_usb_task
 .text.tud_descriptor_device_cb
                0x10002eb8       0x38 CMakeFiles/PROGCC3.1_RP2040.dir/lib/HOJA-LIB-RP2040/src/usb/hoja_usb.c.obj
                0x10002eb8                tud_descriptor_device_cb
 .text.tud_descriptor_configuration_cb
                0x10002ef0       0x38 CMakeFiles/PROGCC3.1_RP2040.dir/lib/HOJA-LIB-RP2040/src/usb/hoja_usb.c.obj
                0x10002ef0                tud_descriptor_configuration_cb
 .text.tud_hid_get_report_cb
                0x10002f28        0x4 CMakeFiles/PROGCC3.1_RP2040.dir/lib/HOJA-LIB-RP2040/src/usb/hoja_usb.c.obj
                0x10002f28                tud_hid_get_report_cb
 .text.tud_hid_report_complete_cb
                0x10002f2c       0x54 CMakeFiles/PROGCC3.1_RP2040.dir/lib/HOJA-LIB-RP2040/src/usb/hoja_usb.c.obj
                0x10002f2c                tud_hid_report_complete_cb
 .text.tud_hid_set_report_cb
                0x10002f80       0xe4 CMakeFiles/PROGCC3.1_RP2040.dir/lib/HOJA-LIB-RP2040/src/usb/hoja_usb.c.obj
                0x10002f80                tud_hid_set_report_cb
 .text.tud_hid_descriptor_report_cb
                0x10003064       0x2c CMakeFiles/PROGCC3.1_RP2040.dir/lib/HOJA-LIB-RP2040/src/usb/hoja_usb.c.obj
                0x10003064                tud_hid_descriptor_report_cb
 .text.tud_descriptor_string_cb
                0x10003090       0x9c CMakeFiles/PROGCC3.1_RP2040.dir/lib/HOJA-LIB-RP2040/src/usb/hoja_usb.c.obj
                0x10003090                tud_descriptor_string_cb
 .text.tud_vendor_rx_cb
                0x1000312c       0x38 CMakeFiles/PROGCC3.1_RP2040.dir/lib/HOJA-LIB-RP2040/src/usb/hoja_usb.c.obj
                0x1000312c                tud_vendor_rx_cb
 .text.tud_vendor_control_xfer_cb
                0x10003164      0x100 CMakeFiles/PROGCC3.1_RP2040.dir/lib/HOJA-LIB-RP2040/src/usb/hoja_usb.c.obj
                0x10003164                tud_vendor_control_xfer_cb
 .text.dir_to_hat
                0x10003264       0x88 CMakeFiles/PROGCC3.1_RP2040.dir/lib/HOJA-LIB-RP2040/src/usb/hoja_usb.c.obj
                0x10003264                dir_to_hat
 .text.xinputd_control_xfer_cb
                0x100032ec        0x4 CMakeFiles/PROGCC3.1_RP2040.dir/lib/HOJA-LIB-RP2040/src/usb/xinput_device.c.obj
                0x100032ec                xinputd_control_xfer_cb
 .text.xinputd_reset
                0x100032f0       0x14 CMakeFiles/PROGCC3.1_RP2040.dir/lib/HOJA-LIB-RP2040/src/usb/xinput_device.c.obj
                0x100032f0                xinputd_reset
 .text.xinputd_init
                0x10003304        0xa CMakeFiles/PROGCC3.1_RP2040.dir/lib/HOJA-LIB-RP2040/src/usb/xinput_device.c.obj
                0x10003304                xinputd_init
 *fill*         0x1000330e        0x2 
 .text.xinputd_open
                0x10003310       0x70 CMakeFiles/PROGCC3.1_RP2040.dir/lib/HOJA-LIB-RP2040/src/usb/xinput_device.c.obj
                0x10003310                xinputd_open
 .text.xinputd_xfer_cb
                0x10003380       0x68 CMakeFiles/PROGCC3.1_RP2040.dir/lib/HOJA-LIB-RP2040/src/usb/xinput_device.c.obj
                0x10003380                xinputd_xfer_cb
 .text.tud_xinput_getout
                0x100033e8       0x54 CMakeFiles/PROGCC3.1_RP2040.dir/lib/HOJA-LIB-RP2040/src/usb/xinput_device.c.obj
                0x100033e8                tud_xinput_getout
 .text.tud_xinput_report
                0x1000343c       0x58 CMakeFiles/PROGCC3.1_RP2040.dir/lib/HOJA-LIB-RP2040/src/usb/xinput_device.c.obj
                0x1000343c                tud_xinput_report
 .text.tud_xinput_ready
                0x10003494       0x48 CMakeFiles/PROGCC3.1_RP2040.dir/lib/HOJA-LIB-RP2040/src/usb/xinput_device.c.obj
                0x10003494                tud_xinput_ready
 .text.ginputd_reset
                0x100034dc       0x14 CMakeFiles/PROGCC3.1_RP2040.dir/lib/HOJA-LIB-RP2040/src/usb/ginput_device.c.obj
                0x100034dc                ginputd_reset
 .text.ginputd_init
                0x100034f0        0xa CMakeFiles/PROGCC3.1_RP2040.dir/lib/HOJA-LIB-RP2040/src/usb/ginput_device.c.obj
                0x100034f0                ginputd_init
 *fill*         0x100034fa        0x2 
 .text.ginputd_open
                0x100034fc       0xc4 CMakeFiles/PROGCC3.1_RP2040.dir/lib/HOJA-LIB-RP2040/src/usb/ginput_device.c.obj
                0x100034fc                ginputd_open
 .text.ginputd_xfer_cb
                0x100035c0       0x84 CMakeFiles/PROGCC3.1_RP2040.dir/lib/HOJA-LIB-RP2040/src/usb/ginput_device.c.obj
                0x100035c0                ginputd_xfer_cb
 .text.ginputd_control_xfer_cb
                0x10003644      0x28c CMakeFiles/PROGCC3.1_RP2040.dir/lib/HOJA-LIB-RP2040/src/usb/ginput_device.c.obj
                0x10003644                ginputd_control_xfer_cb
 .text.tud_ginput_n_ready
                0x100038d0       0x50 CMakeFiles/PROGCC3.1_RP2040.dir/lib/HOJA-LIB-RP2040/src/usb/ginput_device.c.obj
                0x100038d0                tud_ginput_n_ready
 .text.tud_ginput_ready
                0x10003920        0xa CMakeFiles/PROGCC3.1_RP2040.dir/lib/HOJA-LIB-RP2040/src/usb/ginput_device.c.obj
                0x10003920                tud_ginput_ready
 *fill*         0x1000392a        0x2 
 .text.tud_ginput_n_report
                0x1000392c       0x94 CMakeFiles/PROGCC3.1_RP2040.dir/lib/HOJA-LIB-RP2040/src/usb/ginput_device.c.obj
                0x1000392c                tud_ginput_n_report
 .text.tud_ginput_report
                0x100039c0       0x10 CMakeFiles/PROGCC3.1_RP2040.dir/lib/HOJA-LIB-RP2040/src/usb/ginput_device.c.obj
                0x100039c0                tud_ginput_report
 .text.switch_analog_encode
                0x100039d0       0x16 CMakeFiles/PROGCC3.1_RP2040.dir/lib/HOJA-LIB-RP2040/src/switch/switch_analog.c.obj
                0x100039d0                switch_analog_encode
 *fill*         0x100039e6        0x2 
 .text.switch_analog_calibration_init
                0x100039e8       0x50 CMakeFiles/PROGCC3.1_RP2040.dir/lib/HOJA-LIB-RP2040/src/switch/switch_analog.c.obj
                0x100039e8                switch_analog_calibration_init
 .text.clear_report
                0x10003a38       0x14 CMakeFiles/PROGCC3.1_RP2040.dir/lib/HOJA-LIB-RP2040/src/switch/switch_commands.c.obj
                0x10003a38                clear_report
 .text.set_report_id
                0x10003a4c        0xc CMakeFiles/PROGCC3.1_RP2040.dir/lib/HOJA-LIB-RP2040/src/switch/switch_commands.c.obj
                0x10003a4c                set_report_id
 .text.set_ack  0x10003a58        0xc CMakeFiles/PROGCC3.1_RP2040.dir/lib/HOJA-LIB-RP2040/src/switch/switch_commands.c.obj
                0x10003a58                set_ack
 .text.set_command
                0x10003a64        0xc CMakeFiles/PROGCC3.1_RP2040.dir/lib/HOJA-LIB-RP2040/src/switch/switch_commands.c.obj
                0x10003a64                set_command
 .text.set_timer
                0x10003a70       0x54 CMakeFiles/PROGCC3.1_RP2040.dir/lib/HOJA-LIB-RP2040/src/switch/switch_commands.c.obj
                0x10003a70                set_timer
 .text.set_battconn
                0x10003ac4       0x14 CMakeFiles/PROGCC3.1_RP2040.dir/lib/HOJA-LIB-RP2040/src/switch/switch_commands.c.obj
                0x10003ac4                set_battconn
 .text.set_devinfo
                0x10003ad8       0x20 CMakeFiles/PROGCC3.1_RP2040.dir/lib/HOJA-LIB-RP2040/src/switch/switch_commands.c.obj
                0x10003ad8                set_devinfo
 .text.set_sub_triggertime
                0x10003af8       0x24 CMakeFiles/PROGCC3.1_RP2040.dir/lib/HOJA-LIB-RP2040/src/switch/switch_commands.c.obj
                0x10003af8                set_sub_triggertime
 .text.info_set_mac
                0x10003b1c       0x34 CMakeFiles/PROGCC3.1_RP2040.dir/lib/HOJA-LIB-RP2040/src/switch/switch_commands.c.obj
                0x10003b1c                info_set_mac
 .text.info_handler
                0x10003b50       0x34 CMakeFiles/PROGCC3.1_RP2040.dir/lib/HOJA-LIB-RP2040/src/switch/switch_commands.c.obj
                0x10003b50                info_handler
 .text.pairing_set
                0x10003b84       0xc0 CMakeFiles/PROGCC3.1_RP2040.dir/lib/HOJA-LIB-RP2040/src/switch/switch_commands.c.obj
                0x10003b84                pairing_set
 .text.command_handler
                0x10003c44      0x138 CMakeFiles/PROGCC3.1_RP2040.dir/lib/HOJA-LIB-RP2040/src/switch/switch_commands.c.obj
                0x10003c44                command_handler
 .text.report_handler
                0x10003d7c       0x36 CMakeFiles/PROGCC3.1_RP2040.dir/lib/HOJA-LIB-RP2040/src/switch/switch_commands.c.obj
                0x10003d7c                report_handler
 *fill*         0x10003db2        0x2 
 .text._unknown_thing
                0x10003db4       0x2c CMakeFiles/PROGCC3.1_RP2040.dir/lib/HOJA-LIB-RP2040/src/switch/switch_commands.c.obj
                0x10003db4                _unknown_thing
 .text.switch_commands_process
                0x10003de0      0x1a0 CMakeFiles/PROGCC3.1_RP2040.dir/lib/HOJA-LIB-RP2040/src/switch/switch_commands.c.obj
                0x10003de0                switch_commands_process
 .text.switch_commands_future_handle
                0x10003f80       0x28 CMakeFiles/PROGCC3.1_RP2040.dir/lib/HOJA-LIB-RP2040/src/switch/switch_commands.c.obj
                0x10003f80                switch_commands_future_handle
 .text.switch_commands_bulkset
                0x10003fa8       0x10 CMakeFiles/PROGCC3.1_RP2040.dir/lib/HOJA-LIB-RP2040/src/switch/switch_commands.c.obj
                0x10003fa8                switch_commands_bulkset
 .text.sw_spi_getaddressdata
                0x10003fb8      0x18c CMakeFiles/PROGCC3.1_RP2040.dir/lib/HOJA-LIB-RP2040/src/switch/switch_spi.c.obj
                0x10003fb8                sw_spi_getaddressdata
 .text.sw_spi_readfromaddress
                0x10004144       0x50 CMakeFiles/PROGCC3.1_RP2040.dir/lib/HOJA-LIB-RP2040/src/switch/switch_spi.c.obj
                0x10004144                sw_spi_readfromaddress
 .text.initialize_exp_base2_lookup
                0x10004194       0x54 CMakeFiles/PROGCC3.1_RP2040.dir/lib/HOJA-LIB-RP2040/src/switch/switch_haptics.c.obj
                0x10004194                initialize_exp_base2_lookup
 .text.initialize_rumble_amp_lookup
                0x100041e8       0x88 CMakeFiles/PROGCC3.1_RP2040.dir/lib/HOJA-LIB-RP2040/src/switch/switch_haptics.c.obj
                0x100041e8                initialize_rumble_amp_lookup
 .text.initialize_rumble_freq_lookup
                0x10004270       0x30 CMakeFiles/PROGCC3.1_RP2040.dir/lib/HOJA-LIB-RP2040/src/switch/switch_haptics.c.obj
                0x10004270                initialize_rumble_freq_lookup
 .text.haptics_get_lookup_index
                0x100042a0       0x38 CMakeFiles/PROGCC3.1_RP2040.dir/lib/HOJA-LIB-RP2040/src/switch/switch_haptics.c.obj
                0x100042a0                haptics_get_lookup_index
 .text.haptics_apply_command
                0x100042d8       0x42 CMakeFiles/PROGCC3.1_RP2040.dir/lib/HOJA-LIB-RP2040/src/switch/switch_haptics.c.obj
                0x100042d8                haptics_apply_command
 .text.haptics_initialize_lookup_tables
                0x1000431a       0x10 CMakeFiles/PROGCC3.1_RP2040.dir/lib/HOJA-LIB-RP2040/src/switch/switch_haptics.c.obj
                0x1000431a                haptics_initialize_lookup_tables
 *fill*         0x1000432a        0x2 
 .text.haptics_linear_to_normal
                0x1000432c       0xcc CMakeFiles/PROGCC3.1_RP2040.dir/lib/HOJA-LIB-RP2040/src/switch/switch_haptics.c.obj
                0x1000432c                haptics_linear_to_normal
 .text._haptics_decode_type_1
                0x100043f8      0x3d4 CMakeFiles/PROGCC3.1_RP2040.dir/lib/HOJA-LIB-RP2040/src/switch/switch_haptics.c.obj
                0x100043f8                _haptics_decode_type_1
 .text._haptics_decode_type_2
                0x100047cc       0x8c CMakeFiles/PROGCC3.1_RP2040.dir/lib/HOJA-LIB-RP2040/src/switch/switch_haptics.c.obj
                0x100047cc                _haptics_decode_type_2
 .text._haptics_decode_type_3
                0x10004858      0x324 CMakeFiles/PROGCC3.1_RP2040.dir/lib/HOJA-LIB-RP2040/src/switch/switch_haptics.c.obj
                0x10004858                _haptics_decode_type_3
 .text._haptics_decode_type_4
                0x10004b7c      0x348 CMakeFiles/PROGCC3.1_RP2040.dir/lib/HOJA-LIB-RP2040/src/switch/switch_haptics.c.obj
                0x10004b7c                _haptics_decode_type_4
 .text._haptics_decode_samples
                0x10004ec4       0x76 CMakeFiles/PROGCC3.1_RP2040.dir/lib/HOJA-LIB-RP2040/src/switch/switch_haptics.c.obj
                0x10004ec4                _haptics_decode_samples
 *fill*         0x10004f3a        0x2 
 .text.haptics_rumble_translate
                0x10004f3c       0xbc CMakeFiles/PROGCC3.1_RP2040.dir/lib/HOJA-LIB-RP2040/src/switch/switch_haptics.c.obj
                0x10004f3c                haptics_rumble_translate
 .text._imu_read
                0x10004ff8       0x1c CMakeFiles/PROGCC3.1_RP2040.dir/lib/HOJA-LIB-RP2040/src/input/imu.c.obj
                0x10004ff8                _imu_read
 .text.imu_pack_quat
                0x10005014      0x254 CMakeFiles/PROGCC3.1_RP2040.dir/lib/HOJA-LIB-RP2040/src/input/imu.c.obj
                0x10005014                imu_pack_quat
 .text._imu_rotate_quaternion
                0x10005268      0x146 CMakeFiles/PROGCC3.1_RP2040.dir/lib/HOJA-LIB-RP2040/src/input/imu.c.obj
                0x10005268                _imu_rotate_quaternion
 .text._imu_quat_normalize
                0x100053ae       0x7c CMakeFiles/PROGCC3.1_RP2040.dir/lib/HOJA-LIB-RP2040/src/input/imu.c.obj
                0x100053ae                _imu_quat_normalize
 *fill*         0x1000542a        0x2 
 .text._imu_update_quaternion
                0x1000542c      0x29c CMakeFiles/PROGCC3.1_RP2040.dir/lib/HOJA-LIB-RP2040/src/input/imu.c.obj
                0x1000542c                _imu_update_quaternion
 .text.imu_fifo_push
                0x100056c8       0xa8 CMakeFiles/PROGCC3.1_RP2040.dir/lib/HOJA-LIB-RP2040/src/input/imu.c.obj
                0x100056c8                imu_fifo_push
 .text.imu_fifo_last
                0x10005770       0x38 CMakeFiles/PROGCC3.1_RP2040.dir/lib/HOJA-LIB-RP2040/src/input/imu.c.obj
                0x10005770                imu_fifo_last
 .text._imu_average_value
                0x100057a8       0x30 CMakeFiles/PROGCC3.1_RP2040.dir/lib/HOJA-LIB-RP2040/src/input/imu.c.obj
                0x100057a8                _imu_average_value
 .text.imu_calibrate_start
                0x100057d8       0xc4 CMakeFiles/PROGCC3.1_RP2040.dir/lib/HOJA-LIB-RP2040/src/input/imu.c.obj
                0x100057d8                imu_calibrate_start
 .text.imu_calibrate_stop
                0x1000589c       0x2c CMakeFiles/PROGCC3.1_RP2040.dir/lib/HOJA-LIB-RP2040/src/input/imu.c.obj
                0x1000589c                imu_calibrate_stop
 .text._imu_calibrate_task
                0x100058c8      0x160 CMakeFiles/PROGCC3.1_RP2040.dir/lib/HOJA-LIB-RP2040/src/input/imu.c.obj
                0x100058c8                _imu_calibrate_task
 .text.imu_set_enabled
                0x10005a28        0xc CMakeFiles/PROGCC3.1_RP2040.dir/lib/HOJA-LIB-RP2040/src/input/imu.c.obj
                0x10005a28                imu_set_enabled
 .text.imu_task
                0x10005a34      0x158 CMakeFiles/PROGCC3.1_RP2040.dir/lib/HOJA-LIB-RP2040/src/input/imu.c.obj
                0x10005a34                imu_task
 .text._remap_load_remap
                0x10005b8c       0x60 CMakeFiles/PROGCC3.1_RP2040.dir/lib/HOJA-LIB-RP2040/src/input/remap.c.obj
                0x10005b8c                _remap_load_remap
 .text._remap_pack_remap
                0x10005bec       0xda CMakeFiles/PROGCC3.1_RP2040.dir/lib/HOJA-LIB-RP2040/src/input/remap.c.obj
                0x10005bec                _remap_pack_remap
 .text._remap_unpack_remap
                0x10005cc6       0x72 CMakeFiles/PROGCC3.1_RP2040.dir/lib/HOJA-LIB-RP2040/src/input/remap.c.obj
                0x10005cc6                _remap_unpack_remap
 .text.remap_reset_default
                0x10005d38       0x74 CMakeFiles/PROGCC3.1_RP2040.dir/lib/HOJA-LIB-RP2040/src/input/remap.c.obj
                0x10005d38                remap_reset_default
 .text.remap_init
                0x10005dac       0x5c CMakeFiles/PROGCC3.1_RP2040.dir/lib/HOJA-LIB-RP2040/src/input/remap.c.obj
                0x10005dac                remap_init
 .text.remap_set_gc_sp
                0x10005e08       0x10 CMakeFiles/PROGCC3.1_RP2040.dir/lib/HOJA-LIB-RP2040/src/input/remap.c.obj
                0x10005e08                remap_set_gc_sp
 .text.remap_listen_stop
                0x10005e18       0x20 CMakeFiles/PROGCC3.1_RP2040.dir/lib/HOJA-LIB-RP2040/src/input/remap.c.obj
                0x10005e18                remap_listen_stop
 .text.remap_send_data_webusb
                0x10005e38       0xf8 CMakeFiles/PROGCC3.1_RP2040.dir/lib/HOJA-LIB-RP2040/src/input/remap.c.obj
                0x10005e38                remap_send_data_webusb
 .text._remap_listener
                0x10005f30       0xec CMakeFiles/PROGCC3.1_RP2040.dir/lib/HOJA-LIB-RP2040/src/input/remap.c.obj
                0x10005f30                _remap_listener
 .text.remap_listen_enable
                0x1000601c       0x40 CMakeFiles/PROGCC3.1_RP2040.dir/lib/HOJA-LIB-RP2040/src/input/remap.c.obj
                0x1000601c                remap_listen_enable
 .text.remap_buttons_task
                0x1000605c      0x364 CMakeFiles/PROGCC3.1_RP2040.dir/lib/HOJA-LIB-RP2040/src/input/remap.c.obj
                0x1000605c                remap_buttons_task
 .text._is_opposite_direction
                0x100063c0       0x1c CMakeFiles/PROGCC3.1_RP2040.dir/lib/HOJA-LIB-RP2040/src/input/snapback.c.obj
                0x100063c0                _is_opposite_direction
 .text._get_2d_distance
                0x100063dc       0x42 CMakeFiles/PROGCC3.1_RP2040.dir/lib/HOJA-LIB-RP2040/src/input/snapback.c.obj
                0x100063dc                _get_2d_distance
 .text._is_distance_falling
                0x1000641e       0x18 CMakeFiles/PROGCC3.1_RP2040.dir/lib/HOJA-LIB-RP2040/src/input/snapback.c.obj
                0x1000641e                _is_distance_falling
 .text._center_trigger_detect
                0x10006436       0x2a CMakeFiles/PROGCC3.1_RP2040.dir/lib/HOJA-LIB-RP2040/src/input/snapback.c.obj
                0x10006436                _center_trigger_detect
 .text._add_axis
                0x10006460      0x110 CMakeFiles/PROGCC3.1_RP2040.dir/lib/HOJA-LIB-RP2040/src/input/snapback.c.obj
                0x10006460                _add_axis
 .text.snapback_process
                0x10006570       0x38 CMakeFiles/PROGCC3.1_RP2040.dir/lib/HOJA-LIB-RP2040/src/input/snapback.c.obj
                0x10006570                snapback_process
 .text._snapback_add_value
                0x100065a8       0x30 CMakeFiles/PROGCC3.1_RP2040.dir/lib/HOJA-LIB-RP2040/src/input/snapback.c.obj
                0x100065a8                _snapback_add_value
 .text.snapback_webcapture_task
                0x100065d8      0x118 CMakeFiles/PROGCC3.1_RP2040.dir/lib/HOJA-LIB-RP2040/src/input/snapback.c.obj
                0x100065d8                snapback_webcapture_task
 .text._stick_sub_angle_scale
                0x100066f0       0x40 CMakeFiles/PROGCC3.1_RP2040.dir/lib/HOJA-LIB-RP2040/src/input/stick_scaling.c.obj
                0x100066f0                _stick_sub_angle_scale
 .text._get_angle_distance
                0x10006730       0x34 CMakeFiles/PROGCC3.1_RP2040.dir/lib/HOJA-LIB-RP2040/src/input/stick_scaling.c.obj
                0x10006730                _get_angle_distance
 .text._is_angle_between
                0x10006764       0x58 CMakeFiles/PROGCC3.1_RP2040.dir/lib/HOJA-LIB-RP2040/src/input/stick_scaling.c.obj
                0x10006764                _is_angle_between
 .text._stick_get_processed_octant
                0x100067bc       0x38 CMakeFiles/PROGCC3.1_RP2040.dir/lib/HOJA-LIB-RP2040/src/input/stick_scaling.c.obj
                0x100067bc                _stick_get_processed_octant
 .text._stick_get_octant
                0x100067f4       0x58 CMakeFiles/PROGCC3.1_RP2040.dir/lib/HOJA-LIB-RP2040/src/input/stick_scaling.c.obj
                0x100067f4                _stick_get_octant
 .text._stick_angle_adjust
                0x1000684c       0x3c CMakeFiles/PROGCC3.1_RP2040.dir/lib/HOJA-LIB-RP2040/src/input/stick_scaling.c.obj
                0x1000684c                _stick_angle_adjust
 .text.stick_get_angle
                0x10006888       0x70 CMakeFiles/PROGCC3.1_RP2040.dir/lib/HOJA-LIB-RP2040/src/input/stick_scaling.c.obj
                0x10006888                stick_get_angle
 .text.stick_get_distance
                0x100068f8       0x56 CMakeFiles/PROGCC3.1_RP2040.dir/lib/HOJA-LIB-RP2040/src/input/stick_scaling.c.obj
                0x100068f8                stick_get_distance
 *fill*         0x1000694e        0x2 
 .text.stick_normalized_vector
                0x10006950       0x40 CMakeFiles/PROGCC3.1_RP2040.dir/lib/HOJA-LIB-RP2040/src/input/stick_scaling.c.obj
                0x10006950                stick_normalized_vector
 .text._stick_process_input
                0x10006990      0x168 CMakeFiles/PROGCC3.1_RP2040.dir/lib/HOJA-LIB-RP2040/src/input/stick_scaling.c.obj
                0x10006990                _stick_process_input
 .text._precalculate_distance_scalers
                0x10006af8       0x24 CMakeFiles/PROGCC3.1_RP2040.dir/lib/HOJA-LIB-RP2040/src/input/stick_scaling.c.obj
                0x10006af8                _precalculate_distance_scalers
 .text._precalculate_angle_scalers
                0x10006b1c       0x38 CMakeFiles/PROGCC3.1_RP2040.dir/lib/HOJA-LIB-RP2040/src/input/stick_scaling.c.obj
                0x10006b1c                _precalculate_angle_scalers
 .text._precalculate_angle_substate
                0x10006b54       0x7c CMakeFiles/PROGCC3.1_RP2040.dir/lib/HOJA-LIB-RP2040/src/input/stick_scaling.c.obj
                0x10006b54                _precalculate_angle_substate
 .text.stick_scaling_get_settings
                0x10006bd0       0x40 CMakeFiles/PROGCC3.1_RP2040.dir/lib/HOJA-LIB-RP2040/src/input/stick_scaling.c.obj
                0x10006bd0                stick_scaling_get_settings
 .text.stick_scaling_set_settings
                0x10006c10       0x28 CMakeFiles/PROGCC3.1_RP2040.dir/lib/HOJA-LIB-RP2040/src/input/stick_scaling.c.obj
                0x10006c10                stick_scaling_set_settings
 .text.stick_scaling_init
                0x10006c38       0x60 CMakeFiles/PROGCC3.1_RP2040.dir/lib/HOJA-LIB-RP2040/src/input/stick_scaling.c.obj
                0x10006c38                stick_scaling_init
 .text.stick_scaling_reset_distances
                0x10006c98       0x44 CMakeFiles/PROGCC3.1_RP2040.dir/lib/HOJA-LIB-RP2040/src/input/stick_scaling.c.obj
                0x10006c98                stick_scaling_reset_distances
 .text.stick_scaling_capture_distances
                0x10006cdc      0x1bc CMakeFiles/PROGCC3.1_RP2040.dir/lib/HOJA-LIB-RP2040/src/input/stick_scaling.c.obj
                0x10006cdc                stick_scaling_capture_distances
 .text.stick_scaling_capture_center
                0x10006e98       0x2c CMakeFiles/PROGCC3.1_RP2040.dir/lib/HOJA-LIB-RP2040/src/input/stick_scaling.c.obj
                0x10006e98                stick_scaling_capture_center
 .text.stick_scaling_get_octant_axis
                0x10006ec4       0xac CMakeFiles/PROGCC3.1_RP2040.dir/lib/HOJA-LIB-RP2040/src/input/stick_scaling.c.obj
                0x10006ec4                stick_scaling_get_octant_axis
 .text.stick_scaling_get_octant_axis_offset
                0x10006f70       0xd4 CMakeFiles/PROGCC3.1_RP2040.dir/lib/HOJA-LIB-RP2040/src/input/stick_scaling.c.obj
                0x10006f70                stick_scaling_get_octant_axis_offset
 .text.stick_scaling_capture_angle
                0x10007044       0xfc CMakeFiles/PROGCC3.1_RP2040.dir/lib/HOJA-LIB-RP2040/src/input/stick_scaling.c.obj
                0x10007044                stick_scaling_capture_angle
 .text.stick_scaling_process_data
                0x10007140      0x168 CMakeFiles/PROGCC3.1_RP2040.dir/lib/HOJA-LIB-RP2040/src/input/stick_scaling.c.obj
                0x10007140                stick_scaling_process_data
 .text.analog_send_reset
                0x100072a8       0x24 CMakeFiles/PROGCC3.1_RP2040.dir/lib/HOJA-LIB-RP2040/src/input/analog.c.obj
                0x100072a8                analog_send_reset
 .text.analog_calibrate_start
                0x100072cc       0x4c CMakeFiles/PROGCC3.1_RP2040.dir/lib/HOJA-LIB-RP2040/src/input/analog.c.obj
                0x100072cc                analog_calibrate_start
 .text.analog_init
                0x10007318       0x40 CMakeFiles/PROGCC3.1_RP2040.dir/lib/HOJA-LIB-RP2040/src/input/analog.c.obj
                0x10007318                analog_init
 .text.analog_calibrate_stop
                0x10007358       0x2c CMakeFiles/PROGCC3.1_RP2040.dir/lib/HOJA-LIB-RP2040/src/input/analog.c.obj
                0x10007358                analog_calibrate_stop
 .text.analog_calibrate_save
                0x10007384       0x34 CMakeFiles/PROGCC3.1_RP2040.dir/lib/HOJA-LIB-RP2040/src/input/analog.c.obj
                0x10007384                analog_calibrate_save
 .text.analog_calibrate_angle
                0x100073b8       0x10 CMakeFiles/PROGCC3.1_RP2040.dir/lib/HOJA-LIB-RP2040/src/input/analog.c.obj
                0x100073b8                analog_calibrate_angle
 .text._analog_calibrate_loop
                0x100073c8       0x64 CMakeFiles/PROGCC3.1_RP2040.dir/lib/HOJA-LIB-RP2040/src/input/analog.c.obj
                0x100073c8                _analog_calibrate_loop
 .text._analog_distance_check
                0x1000742c       0x4e CMakeFiles/PROGCC3.1_RP2040.dir/lib/HOJA-LIB-RP2040/src/input/analog.c.obj
                0x1000742c                _analog_distance_check
 *fill*         0x1000747a        0x2 
 .text.analog_get_octoangle_data
                0x1000747c       0x18 CMakeFiles/PROGCC3.1_RP2040.dir/lib/HOJA-LIB-RP2040/src/input/analog.c.obj
                0x1000747c                analog_get_octoangle_data
 .text.analog_get_subangle_data
                0x10007494       0x18 CMakeFiles/PROGCC3.1_RP2040.dir/lib/HOJA-LIB-RP2040/src/input/analog.c.obj
                0x10007494                analog_get_subangle_data
 .text._analog_process_deadzone
                0x100074ac      0x244 CMakeFiles/PROGCC3.1_RP2040.dir/lib/HOJA-LIB-RP2040/src/input/analog.c.obj
                0x100074ac                _analog_process_deadzone
 .text.addSample
                0x100076f0       0x30 CMakeFiles/PROGCC3.1_RP2040.dir/lib/HOJA-LIB-RP2040/src/input/analog.c.obj
                0x100076f0                addSample
 .text.getAverage
                0x10007720        0xe CMakeFiles/PROGCC3.1_RP2040.dir/lib/HOJA-LIB-RP2040/src/input/analog.c.obj
                0x10007720                getAverage
 *fill*         0x1000772e        0x2 
 .text._analog_read
                0x10007730       0xc8 CMakeFiles/PROGCC3.1_RP2040.dir/lib/HOJA-LIB-RP2040/src/input/analog.c.obj
                0x10007730                _analog_read
 .text.analog_task
                0x100077f8       0xa8 CMakeFiles/PROGCC3.1_RP2040.dir/lib/HOJA-LIB-RP2040/src/input/analog.c.obj
                0x100077f8                analog_task
 .text.triggers_set_disabled
                0x100078a0       0x38 CMakeFiles/PROGCC3.1_RP2040.dir/lib/HOJA-LIB-RP2040/src/input/triggers.c.obj
                0x100078a0                triggers_set_disabled
 .text.triggers_scale_init
                0x100078d8       0x60 CMakeFiles/PROGCC3.1_RP2040.dir/lib/HOJA-LIB-RP2040/src/input/triggers.c.obj
                0x100078d8                triggers_scale_init
 .text.macro_deinit_complete
                0x10007938        0xc CMakeFiles/PROGCC3.1_RP2040.dir/lib/HOJA-LIB-RP2040/src/input/macros.c.obj
                0x10007938                macro_deinit_complete
 .text.macro_handler_task
                0x10007944      0x150 CMakeFiles/PROGCC3.1_RP2040.dir/lib/HOJA-LIB-RP2040/src/input/macros.c.obj
                0x10007944                macro_handler_task
 .text.macro_safe_mode_check
                0x10007a94        0xc CMakeFiles/PROGCC3.1_RP2040.dir/lib/HOJA-LIB-RP2040/src/input/macros.c.obj
                0x10007a94                macro_safe_mode_check
 .text.gcinput_hid_report
                0x10007aa0      0x45c CMakeFiles/PROGCC3.1_RP2040.dir/lib/HOJA-LIB-RP2040/src/devices/gcinput.c.obj
                0x10007aa0                gcinput_hid_report
 .text.joybus_program_init
                0x10007efc      0x1a0 CMakeFiles/PROGCC3.1_RP2040.dir/lib/HOJA-LIB-RP2040/src/devices/gamecube.c.obj
 .text._gamecube_isr_txdone
                0x1000809c       0x68 CMakeFiles/PROGCC3.1_RP2040.dir/lib/HOJA-LIB-RP2040/src/devices/gamecube.c.obj
 .text._gamecube_send_probe
                0x10008104       0x34 CMakeFiles/PROGCC3.1_RP2040.dir/lib/HOJA-LIB-RP2040/src/devices/gamecube.c.obj
                0x10008104                _gamecube_send_probe
 .text._gamecube_send_origin
                0x10008138       0x9c CMakeFiles/PROGCC3.1_RP2040.dir/lib/HOJA-LIB-RP2040/src/devices/gamecube.c.obj
                0x10008138                _gamecube_send_origin
 .text._gamecube_send_poll
                0x100081d4       0xa0 CMakeFiles/PROGCC3.1_RP2040.dir/lib/HOJA-LIB-RP2040/src/devices/gamecube.c.obj
                0x100081d4                _gamecube_send_poll
 .text._gamecube_reset_state
                0x10008274       0x5c CMakeFiles/PROGCC3.1_RP2040.dir/lib/HOJA-LIB-RP2040/src/devices/gamecube.c.obj
                0x10008274                _gamecube_reset_state
 .text._gamecube_isr_handler
                0x100082d0       0x3c CMakeFiles/PROGCC3.1_RP2040.dir/lib/HOJA-LIB-RP2040/src/devices/gamecube.c.obj
 .text.gamecube_comms_task
                0x1000830c      0x65c CMakeFiles/PROGCC3.1_RP2040.dir/lib/HOJA-LIB-RP2040/src/devices/gamecube.c.obj
                0x1000830c                gamecube_comms_task
 .text.joybus_program_init
                0x10008968      0x1a0 CMakeFiles/PROGCC3.1_RP2040.dir/lib/HOJA-LIB-RP2040/src/devices/n64.c.obj
 .text._n64_isr_txdone
                0x10008b08       0x68 CMakeFiles/PROGCC3.1_RP2040.dir/lib/HOJA-LIB-RP2040/src/devices/n64.c.obj
 .text._n64_iterate_crc
                0x10008b70        0xc CMakeFiles/PROGCC3.1_RP2040.dir/lib/HOJA-LIB-RP2040/src/devices/n64.c.obj
                0x10008b70                _n64_iterate_crc
 .text._n64_send_rumble_identify
                0x10008b7c       0x30 CMakeFiles/PROGCC3.1_RP2040.dir/lib/HOJA-LIB-RP2040/src/devices/n64.c.obj
                0x10008b7c                _n64_send_rumble_identify
 .text._n64_send_null_identify
                0x10008bac       0x20 CMakeFiles/PROGCC3.1_RP2040.dir/lib/HOJA-LIB-RP2040/src/devices/n64.c.obj
                0x10008bac                _n64_send_null_identify
 .text._n64_send_probe
                0x10008bcc       0x34 CMakeFiles/PROGCC3.1_RP2040.dir/lib/HOJA-LIB-RP2040/src/devices/n64.c.obj
                0x10008bcc                _n64_send_probe
 .text._n64_send_pak_write
                0x10008c00       0x1c CMakeFiles/PROGCC3.1_RP2040.dir/lib/HOJA-LIB-RP2040/src/devices/n64.c.obj
                0x10008c00                _n64_send_pak_write
 .text._n64_send_poll
                0x10008c1c       0x5c CMakeFiles/PROGCC3.1_RP2040.dir/lib/HOJA-LIB-RP2040/src/devices/n64.c.obj
                0x10008c1c                _n64_send_poll
 .text._n64_isr_handler
                0x10008c78       0x34 CMakeFiles/PROGCC3.1_RP2040.dir/lib/HOJA-LIB-RP2040/src/devices/n64.c.obj
 .text._n64_reset_state
                0x10008cac       0x5c CMakeFiles/PROGCC3.1_RP2040.dir/lib/HOJA-LIB-RP2040/src/devices/n64.c.obj
                0x10008cac                _n64_reset_state
 .text.n64_comms_task
                0x10008d08      0x248 CMakeFiles/PROGCC3.1_RP2040.dir/lib/HOJA-LIB-RP2040/src/devices/n64.c.obj
                0x10008d08                n64_comms_task
 .text._nspi_isr_handler
                0x10008f50       0x78 CMakeFiles/PROGCC3.1_RP2040.dir/lib/HOJA-LIB-RP2040/src/devices/nspi.c.obj
 .text.nspi_init
                0x10008fc8      0x2c4 CMakeFiles/PROGCC3.1_RP2040.dir/lib/HOJA-LIB-RP2040/src/devices/nspi.c.obj
                0x10008fc8                nspi_init
 .text.nspi_comms_task
                0x1000928c      0x190 CMakeFiles/PROGCC3.1_RP2040.dir/lib/HOJA-LIB-RP2040/src/devices/nspi.c.obj
                0x1000928c                nspi_comms_task
 .text.swpro_hid_report
                0x1000941c      0x16c CMakeFiles/PROGCC3.1_RP2040.dir/lib/HOJA-LIB-RP2040/src/devices/swpro.c.obj
                0x1000941c                swpro_hid_report
 .text.webusb_output_enabled
                0x10009588        0xc CMakeFiles/PROGCC3.1_RP2040.dir/lib/HOJA-LIB-RP2040/src/devices/webusb.c.obj
                0x10009588                webusb_output_enabled
 .text.webusb_enable_output
                0x10009594        0xc CMakeFiles/PROGCC3.1_RP2040.dir/lib/HOJA-LIB-RP2040/src/devices/webusb.c.obj
                0x10009594                webusb_enable_output
 .text.webusb_ready_blocking
                0x100095a0       0x3e CMakeFiles/PROGCC3.1_RP2040.dir/lib/HOJA-LIB-RP2040/src/devices/webusb.c.obj
                0x100095a0                webusb_ready_blocking
 *fill*         0x100095de        0x2 
 .text.webusb_input_report_task
                0x100095e0      0x1bc CMakeFiles/PROGCC3.1_RP2040.dir/lib/HOJA-LIB-RP2040/src/devices/webusb.c.obj
                0x100095e0                webusb_input_report_task
 .text.webusb_save_confirm
                0x1000979c       0x48 CMakeFiles/PROGCC3.1_RP2040.dir/lib/HOJA-LIB-RP2040/src/devices/webusb.c.obj
                0x1000979c                webusb_save_confirm
 .text.webusb_command_processor
                0x100097e4      0x814 CMakeFiles/PROGCC3.1_RP2040.dir/lib/HOJA-LIB-RP2040/src/devices/webusb.c.obj
                0x100097e4                webusb_command_processor
 .text.sign_axis
                0x10009ff8       0x54 CMakeFiles/PROGCC3.1_RP2040.dir/lib/HOJA-LIB-RP2040/src/devices/xinput.c.obj
                0x10009ff8                sign_axis
 .text.xinput_hid_report
                0x1000a04c      0x17c CMakeFiles/PROGCC3.1_RP2040.dir/lib/HOJA-LIB-RP2040/src/devices/xinput.c.obj
                0x1000a04c                xinput_hid_report
 .text.crc8_compute
                0x1000a1c8       0x40 CMakeFiles/PROGCC3.1_RP2040.dir/lib/HOJA-LIB-RP2040/src/devices/btinput.c.obj
                0x1000a1c8                crc8_compute
 .text.crc8_verify
                0x1000a208       0x12 CMakeFiles/PROGCC3.1_RP2040.dir/lib/HOJA-LIB-RP2040/src/devices/btinput.c.obj
                0x1000a208                crc8_verify
 *fill*         0x1000a21a        0x2 
 .text._bt_clear_out
                0x1000a21c       0x14 CMakeFiles/PROGCC3.1_RP2040.dir/lib/HOJA-LIB-RP2040/src/devices/btinput.c.obj
                0x1000a21c                _bt_clear_out
 .text._bt_clear_in
                0x1000a230       0x14 CMakeFiles/PROGCC3.1_RP2040.dir/lib/HOJA-LIB-RP2040/src/devices/btinput.c.obj
                0x1000a230                _bt_clear_in
 .text.btinput_capability_reset_flag
                0x1000a244        0xc CMakeFiles/PROGCC3.1_RP2040.dir/lib/HOJA-LIB-RP2040/src/devices/btinput.c.obj
                0x1000a244                btinput_capability_reset_flag
 .text.btinput_get_version
                0x1000a250       0xac CMakeFiles/PROGCC3.1_RP2040.dir/lib/HOJA-LIB-RP2040/src/devices/btinput.c.obj
                0x1000a250                btinput_get_version
 .text.btinput_init
                0x1000a2fc       0xdc CMakeFiles/PROGCC3.1_RP2040.dir/lib/HOJA-LIB-RP2040/src/devices/btinput.c.obj
                0x1000a2fc                btinput_init
 .text._btinput_message_parse
                0x1000a3d8      0x150 CMakeFiles/PROGCC3.1_RP2040.dir/lib/HOJA-LIB-RP2040/src/devices/btinput.c.obj
                0x1000a3d8                _btinput_message_parse
 .text.btinput_comms_task
                0x1000a528      0x17c CMakeFiles/PROGCC3.1_RP2040.dir/lib/HOJA-LIB-RP2040/src/devices/btinput.c.obj
                0x1000a528                btinput_comms_task
 .text.ds4_hid_report
                0x1000a6a4      0x1d4 CMakeFiles/PROGCC3.1_RP2040.dir/lib/HOJA-LIB-RP2040/src/devices/ds4input.c.obj
                0x1000a6a4                ds4_hid_report
 .text.mcp3002_read
                0x1000a878       0x54 CMakeFiles/PROGCC3.1_RP2040.dir/lib/HOJA-LIB-RP2040/drivers/adc/mcp3002.c.obj
                0x1000a878                mcp3002_read
 .text.mcp3002_init
                0x1000a8cc        0xe CMakeFiles/PROGCC3.1_RP2040.dir/lib/HOJA-LIB-RP2040/drivers/adc/mcp3002.c.obj
                0x1000a8cc                mcp3002_init
 *fill*         0x1000a8da        0x2 
 .text.drv2605l_init
                0x1000a8dc       0xb8 CMakeFiles/PROGCC3.1_RP2040.dir/lib/HOJA-LIB-RP2040/drivers/haptic/drv2605l.c.obj
                0x1000a8dc                drv2605l_init
 .text._imu_write_register
                0x1000a994       0x38 CMakeFiles/PROGCC3.1_RP2040.dir/lib/HOJA-LIB-RP2040/drivers/imu/lsm6dsr.c.obj
                0x1000a994                _imu_write_register
 .text._imu_concat_16
                0x1000a9cc        0x8 CMakeFiles/PROGCC3.1_RP2040.dir/lib/HOJA-LIB-RP2040/drivers/imu/lsm6dsr.c.obj
                0x1000a9cc                _imu_concat_16
 .text.lsm6dsr_read
                0x1000a9d4      0x1a8 CMakeFiles/PROGCC3.1_RP2040.dir/lib/HOJA-LIB-RP2040/drivers/imu/lsm6dsr.c.obj
                0x1000a9d4                lsm6dsr_read
 .text.lsm6dsr_init
                0x1000ab7c       0x58 CMakeFiles/PROGCC3.1_RP2040.dir/lib/HOJA-LIB-RP2040/drivers/imu/lsm6dsr.c.obj
                0x1000ab7c                lsm6dsr_init
 .text.gpio_hal_init
                0x1000abd4       0x3a CMakeFiles/PROGCC3.1_RP2040.dir/lib/HOJA-LIB-RP2040/hal/rp2040/gpio_hal.c.obj
                0x1000abd4                gpio_hal_init
 .text.gpio_hal_write
                0x1000ac0e       0x18 CMakeFiles/PROGCC3.1_RP2040.dir/lib/HOJA-LIB-RP2040/hal/rp2040/gpio_hal.c.obj
                0x1000ac0e                gpio_hal_write
 *fill*         0x1000ac26        0x2 
 .text._sine_table_init
                0x1000ac28       0x48 CMakeFiles/PROGCC3.1_RP2040.dir/lib/HOJA-LIB-RP2040/hal/rp2040/hdrumble_hal.c.obj
                0x1000ac28                _sine_table_init
 .text._clamp_rumble_lo
                0x1000ac70       0x78 CMakeFiles/PROGCC3.1_RP2040.dir/lib/HOJA-LIB-RP2040/hal/rp2040/hdrumble_hal.c.obj
                0x1000ac70                _clamp_rumble_lo
 .text._clamp_rumble_hi
                0x1000ace8       0x78 CMakeFiles/PROGCC3.1_RP2040.dir/lib/HOJA-LIB-RP2040/hal/rp2040/hdrumble_hal.c.obj
                0x1000ace8                _clamp_rumble_hi
 .text._generate_sine_wave
                0x1000ad60      0x2c8 CMakeFiles/PROGCC3.1_RP2040.dir/lib/HOJA-LIB-RP2040/hal/rp2040/hdrumble_hal.c.obj
                0x1000ad60                _generate_sine_wave
 .text.hdrumble_hal_init
                0x1000b028      0x4ac CMakeFiles/PROGCC3.1_RP2040.dir/lib/HOJA-LIB-RP2040/hal/rp2040/hdrumble_hal.c.obj
                0x1000b028                hdrumble_hal_init
 .text.hdrumble_hal_task
                0x1000b4d4       0x40 CMakeFiles/PROGCC3.1_RP2040.dir/lib/HOJA-LIB-RP2040/hal/rp2040/hdrumble_hal.c.obj
                0x1000b4d4                hdrumble_hal_task
 .text._i2c_safe_enter_blocking
                0x1000b514       0x20 CMakeFiles/PROGCC3.1_RP2040.dir/lib/HOJA-LIB-RP2040/hal/rp2040/i2c_hal.c.obj
                0x1000b514                _i2c_safe_enter_blocking
 .text._i2c_safe_exit
                0x1000b534       0x10 CMakeFiles/PROGCC3.1_RP2040.dir/lib/HOJA-LIB-RP2040/hal/rp2040/i2c_hal.c.obj
                0x1000b534                _i2c_safe_exit
 .text.i2c_hal_init
                0x1000b544       0x30 CMakeFiles/PROGCC3.1_RP2040.dir/lib/HOJA-LIB-RP2040/hal/rp2040/i2c_hal.c.obj
                0x1000b544                i2c_hal_init
 .text.i2c_hal_write_blocking
                0x1000b574       0x48 CMakeFiles/PROGCC3.1_RP2040.dir/lib/HOJA-LIB-RP2040/hal/rp2040/i2c_hal.c.obj
                0x1000b574                i2c_hal_write_blocking
 .text._spi_safe_enter_blocking
                0x1000b5bc       0x20 CMakeFiles/PROGCC3.1_RP2040.dir/lib/HOJA-LIB-RP2040/hal/rp2040/spi_hal.c.obj
                0x1000b5bc                _spi_safe_enter_blocking
 .text._spi_safe_exit
                0x1000b5dc       0x10 CMakeFiles/PROGCC3.1_RP2040.dir/lib/HOJA-LIB-RP2040/hal/rp2040/spi_hal.c.obj
                0x1000b5dc                _spi_safe_exit
 .text.spi_hal_init
                0x1000b5ec       0x40 CMakeFiles/PROGCC3.1_RP2040.dir/lib/HOJA-LIB-RP2040/hal/rp2040/spi_hal.c.obj
                0x1000b5ec                spi_hal_init
 .text.spi_hal_read_blocking
                0x1000b62c       0x4c CMakeFiles/PROGCC3.1_RP2040.dir/lib/HOJA-LIB-RP2040/hal/rp2040/spi_hal.c.obj
                0x1000b62c                spi_hal_read_blocking
 .text.spi_hal_write_blocking
                0x1000b678       0x48 CMakeFiles/PROGCC3.1_RP2040.dir/lib/HOJA-LIB-RP2040/hal/rp2040/spi_hal.c.obj
                0x1000b678                spi_hal_write_blocking
 .text.spi_hal_read_write_blocking
                0x1000b6c0       0x64 CMakeFiles/PROGCC3.1_RP2040.dir/lib/HOJA-LIB-RP2040/hal/rp2040/spi_hal.c.obj
                0x1000b6c0                spi_hal_read_write_blocking
 .text.sys_hal_sleep_ms
                0x1000b724        0x8 CMakeFiles/PROGCC3.1_RP2040.dir/lib/HOJA-LIB-RP2040/hal/rp2040/sys_hal.c.obj
                0x1000b724                sys_hal_sleep_ms
 .text.set_sys_clock_pll
                0x1000b72c       0x78 CMakeFiles/PROGCC3.1_RP2040.dir/C_/Program_Files/Raspberry_Pi/Pico_SDK_v1.5.1/pico-sdk/src/rp2_common/pico_stdlib/stdlib.c.obj
                0x1000b72c                set_sys_clock_pll
 .text.check_sys_clock_khz
                0x1000b7a4       0xa4 CMakeFiles/PROGCC3.1_RP2040.dir/C_/Program_Files/Raspberry_Pi/Pico_SDK_v1.5.1/pico-sdk/src/rp2_common/pico_stdlib/stdlib.c.obj
                0x1000b7a4                check_sys_clock_khz
 .text.gpio_set_function
                0x1000b848       0x30 CMakeFiles/PROGCC3.1_RP2040.dir/C_/Program_Files/Raspberry_Pi/Pico_SDK_v1.5.1/pico-sdk/src/rp2_common/hardware_gpio/gpio.c.obj
                0x1000b848                gpio_set_function
 .text.gpio_set_pulls
                0x1000b878       0x34 CMakeFiles/PROGCC3.1_RP2040.dir/C_/Program_Files/Raspberry_Pi/Pico_SDK_v1.5.1/pico-sdk/src/rp2_common/hardware_gpio/gpio.c.obj
                0x1000b878                gpio_set_pulls
 .text.gpio_init
                0x1000b8ac       0x16 CMakeFiles/PROGCC3.1_RP2040.dir/C_/Program_Files/Raspberry_Pi/Pico_SDK_v1.5.1/pico-sdk/src/rp2_common/hardware_gpio/gpio.c.obj
                0x1000b8ac                gpio_init
 *fill*         0x1000b8c2        0x2 
 .text.running_on_fpga
                0x1000b8c4       0x14 CMakeFiles/PROGCC3.1_RP2040.dir/C_/Program_Files/Raspberry_Pi/Pico_SDK_v1.5.1/pico-sdk/src/rp2_common/pico_platform/platform.c.obj
                0x1000b8c4                running_on_fpga
 .text.hw_claim_lock
                0x1000b8d8       0x18 CMakeFiles/PROGCC3.1_RP2040.dir/C_/Program_Files/Raspberry_Pi/Pico_SDK_v1.5.1/pico-sdk/src/rp2_common/hardware_claim/claim.c.obj
                0x1000b8d8                hw_claim_lock
 .text.hw_claim_unlock
                0x1000b8f0       0x14 CMakeFiles/PROGCC3.1_RP2040.dir/C_/Program_Files/Raspberry_Pi/Pico_SDK_v1.5.1/pico-sdk/src/rp2_common/hardware_claim/claim.c.obj
                0x1000b8f0                hw_claim_unlock
 .text.hw_claim_or_assert
                0x1000b904       0x32 CMakeFiles/PROGCC3.1_RP2040.dir/C_/Program_Files/Raspberry_Pi/Pico_SDK_v1.5.1/pico-sdk/src/rp2_common/hardware_claim/claim.c.obj
                0x1000b904                hw_claim_or_assert
 .text.hw_claim_unused_from_range
                0x1000b936       0x50 CMakeFiles/PROGCC3.1_RP2040.dir/C_/Program_Files/Raspberry_Pi/Pico_SDK_v1.5.1/pico-sdk/src/rp2_common/hardware_claim/claim.c.obj
                0x1000b936                hw_claim_unused_from_range
 *fill*         0x1000b986        0x2 
 .text.spin_locks_reset
                0x1000b988       0x20 CMakeFiles/PROGCC3.1_RP2040.dir/C_/Program_Files/Raspberry_Pi/Pico_SDK_v1.5.1/pico-sdk/src/rp2_common/hardware_sync/sync.c.obj
                0x1000b988                spin_locks_reset
 .text.next_striped_spin_lock_num
                0x1000b9a8       0x1c CMakeFiles/PROGCC3.1_RP2040.dir/C_/Program_Files/Raspberry_Pi/Pico_SDK_v1.5.1/pico-sdk/src/rp2_common/hardware_sync/sync.c.obj
                0x1000b9a8                next_striped_spin_lock_num
 .text.spin_lock_claim_unused
                0x1000b9c4       0x20 CMakeFiles/PROGCC3.1_RP2040.dir/C_/Program_Files/Raspberry_Pi/Pico_SDK_v1.5.1/pico-sdk/src/rp2_common/hardware_sync/sync.c.obj
                0x1000b9c4                spin_lock_claim_unused
 .text.set_raw_irq_handler_and_unlock
                0x1000b9e4       0x28 CMakeFiles/PROGCC3.1_RP2040.dir/C_/Program_Files/Raspberry_Pi/Pico_SDK_v1.5.1/pico-sdk/src/rp2_common/hardware_irq/irq.c.obj
 .text.make_branch
                0x1000ba0c       0x48 CMakeFiles/PROGCC3.1_RP2040.dir/C_/Program_Files/Raspberry_Pi/Pico_SDK_v1.5.1/pico-sdk/src/rp2_common/hardware_irq/irq.c.obj
 .text.insert_branch_and_link
                0x1000ba54       0x40 CMakeFiles/PROGCC3.1_RP2040.dir/C_/Program_Files/Raspberry_Pi/Pico_SDK_v1.5.1/pico-sdk/src/rp2_common/hardware_irq/irq.c.obj
 .text.irq_is_enabled
                0x1000ba94       0x18 CMakeFiles/PROGCC3.1_RP2040.dir/C_/Program_Files/Raspberry_Pi/Pico_SDK_v1.5.1/pico-sdk/src/rp2_common/hardware_irq/irq.c.obj
                0x1000ba94                irq_is_enabled
 .text.irq_set_mask_enabled
                0x1000baac       0x20 CMakeFiles/PROGCC3.1_RP2040.dir/C_/Program_Files/Raspberry_Pi/Pico_SDK_v1.5.1/pico-sdk/src/rp2_common/hardware_irq/irq.c.obj
                0x1000baac                irq_set_mask_enabled
 .text.irq_set_enabled
                0x1000bacc        0xe CMakeFiles/PROGCC3.1_RP2040.dir/C_/Program_Files/Raspberry_Pi/Pico_SDK_v1.5.1/pico-sdk/src/rp2_common/hardware_irq/irq.c.obj
                0x1000bacc                irq_set_enabled
 *fill*         0x1000bada        0x2 
 .text.irq_get_vtable_handler
                0x1000badc       0x10 CMakeFiles/PROGCC3.1_RP2040.dir/C_/Program_Files/Raspberry_Pi/Pico_SDK_v1.5.1/pico-sdk/src/rp2_common/hardware_irq/irq.c.obj
                0x1000badc                irq_get_vtable_handler
 .text.irq_set_exclusive_handler
                0x1000baec       0x54 CMakeFiles/PROGCC3.1_RP2040.dir/C_/Program_Files/Raspberry_Pi/Pico_SDK_v1.5.1/pico-sdk/src/rp2_common/hardware_irq/irq.c.obj
                0x1000baec                irq_set_exclusive_handler
 .text.irq_add_shared_handler
                0x1000bb40      0x234 CMakeFiles/PROGCC3.1_RP2040.dir/C_/Program_Files/Raspberry_Pi/Pico_SDK_v1.5.1/pico-sdk/src/rp2_common/hardware_irq/irq.c.obj
                0x1000bb40                irq_add_shared_handler
 .text.irq_remove_handler
                0x1000bd74      0x1ac CMakeFiles/PROGCC3.1_RP2040.dir/C_/Program_Files/Raspberry_Pi/Pico_SDK_v1.5.1/pico-sdk/src/rp2_common/hardware_irq/irq.c.obj
                0x1000bd74                irq_remove_handler
 .text.irq_add_tail_to_free_list
                0x1000bf20       0xf0 CMakeFiles/PROGCC3.1_RP2040.dir/C_/Program_Files/Raspberry_Pi/Pico_SDK_v1.5.1/pico-sdk/src/rp2_common/hardware_irq/irq.c.obj
                0x1000bf20                irq_add_tail_to_free_list
 .text.irq_init_priorities
                0x1000c010       0x1c CMakeFiles/PROGCC3.1_RP2040.dir/C_/Program_Files/Raspberry_Pi/Pico_SDK_v1.5.1/pico-sdk/src/rp2_common/hardware_irq/irq.c.obj
                0x1000c010                irq_init_priorities
 .text.lock_init
                0x1000c02c       0x10 CMakeFiles/PROGCC3.1_RP2040.dir/C_/Program_Files/Raspberry_Pi/Pico_SDK_v1.5.1/pico-sdk/src/common/pico_sync/lock_core.c.obj
                0x1000c02c                lock_init
 .text.mutex_init
                0x1000c03c       0x1a CMakeFiles/PROGCC3.1_RP2040.dir/C_/Program_Files/Raspberry_Pi/Pico_SDK_v1.5.1/pico-sdk/src/common/pico_sync/mutex.c.obj
                0x1000c03c                mutex_init
 .text.recursive_mutex_init
                0x1000c056       0x1e CMakeFiles/PROGCC3.1_RP2040.dir/C_/Program_Files/Raspberry_Pi/Pico_SDK_v1.5.1/pico-sdk/src/common/pico_sync/mutex.c.obj
                0x1000c056                recursive_mutex_init
 .text.critical_section_init_with_lock_num
                0x1000c074       0x14 CMakeFiles/PROGCC3.1_RP2040.dir/C_/Program_Files/Raspberry_Pi/Pico_SDK_v1.5.1/pico-sdk/src/common/pico_sync/critical_section.c.obj
                0x1000c074                critical_section_init_with_lock_num
 .text.critical_section_init
                0x1000c088       0x14 CMakeFiles/PROGCC3.1_RP2040.dir/C_/Program_Files/Raspberry_Pi/Pico_SDK_v1.5.1/pico-sdk/src/common/pico_sync/critical_section.c.obj
                0x1000c088                critical_section_init
 .text.alarm_pool_post_alloc_init
                0x1000c09c       0x40 CMakeFiles/PROGCC3.1_RP2040.dir/C_/Program_Files/Raspberry_Pi/Pico_SDK_v1.5.1/pico-sdk/src/common/pico_time/time.c.obj
 .text.sleep_until_callback
                0x1000c0dc       0x30 CMakeFiles/PROGCC3.1_RP2040.dir/C_/Program_Files/Raspberry_Pi/Pico_SDK_v1.5.1/pico-sdk/src/common/pico_time/time.c.obj
 .text.timer_pool_entry_comparator
                0x1000c10c       0x7c CMakeFiles/PROGCC3.1_RP2040.dir/C_/Program_Files/Raspberry_Pi/Pico_SDK_v1.5.1/pico-sdk/src/common/pico_time/time.c.obj
                0x1000c10c                timer_pool_entry_comparator
 .text.ph_add_child_node
                0x1000c188       0xa4 CMakeFiles/PROGCC3.1_RP2040.dir/C_/Program_Files/Raspberry_Pi/Pico_SDK_v1.5.1/pico-sdk/src/common/pico_time/time.c.obj
 .text.ph_merge_nodes
                0x1000c22c       0x3e CMakeFiles/PROGCC3.1_RP2040.dir/C_/Program_Files/Raspberry_Pi/Pico_SDK_v1.5.1/pico-sdk/src/common/pico_time/time.c.obj
 *fill*         0x1000c26a        0x2 
 .text.add_alarm_under_lock
                0x1000c26c      0x174 CMakeFiles/PROGCC3.1_RP2040.dir/C_/Program_Files/Raspberry_Pi/Pico_SDK_v1.5.1/pico-sdk/src/common/pico_time/time.c.obj
 .text.alarm_pool_alarm_callback
                0x1000c3e0      0x33c CMakeFiles/PROGCC3.1_RP2040.dir/C_/Program_Files/Raspberry_Pi/Pico_SDK_v1.5.1/pico-sdk/src/common/pico_time/time.c.obj
 .text.alarm_pool_init_default
                0x1000c71c       0x40 CMakeFiles/PROGCC3.1_RP2040.dir/C_/Program_Files/Raspberry_Pi/Pico_SDK_v1.5.1/pico-sdk/src/common/pico_time/time.c.obj
                0x1000c71c                alarm_pool_init_default
 .text.alarm_pool_get_default
                0x1000c75c       0x2c CMakeFiles/PROGCC3.1_RP2040.dir/C_/Program_Files/Raspberry_Pi/Pico_SDK_v1.5.1/pico-sdk/src/common/pico_time/time.c.obj
                0x1000c75c                alarm_pool_get_default
 .text.alarm_pool_add_alarm_at
                0x1000c788      0x168 CMakeFiles/PROGCC3.1_RP2040.dir/C_/Program_Files/Raspberry_Pi/Pico_SDK_v1.5.1/pico-sdk/src/common/pico_time/time.c.obj
                0x1000c788                alarm_pool_add_alarm_at
 .text.alarm_pool_cancel_alarm
                0x1000c8f0       0xf8 CMakeFiles/PROGCC3.1_RP2040.dir/C_/Program_Files/Raspberry_Pi/Pico_SDK_v1.5.1/pico-sdk/src/common/pico_time/time.c.obj
                0x1000c8f0                alarm_pool_cancel_alarm
 .text.sleep_until
                0x1000c9e8       0xfc CMakeFiles/PROGCC3.1_RP2040.dir/C_/Program_Files/Raspberry_Pi/Pico_SDK_v1.5.1/pico-sdk/src/common/pico_time/time.c.obj
                0x1000c9e8                sleep_until
 .text.sleep_us
                0x1000cae4       0x58 CMakeFiles/PROGCC3.1_RP2040.dir/C_/Program_Files/Raspberry_Pi/Pico_SDK_v1.5.1/pico-sdk/src/common/pico_time/time.c.obj
                0x1000cae4                sleep_us
 .text.sleep_ms
                0x1000cb3c       0x14 CMakeFiles/PROGCC3.1_RP2040.dir/C_/Program_Files/Raspberry_Pi/Pico_SDK_v1.5.1/pico-sdk/src/common/pico_time/time.c.obj
                0x1000cb3c                sleep_ms
 .text.best_effort_wfe_or_timeout
                0x1000cb50       0xac CMakeFiles/PROGCC3.1_RP2040.dir/C_/Program_Files/Raspberry_Pi/Pico_SDK_v1.5.1/pico-sdk/src/common/pico_time/time.c.obj
                0x1000cb50                best_effort_wfe_or_timeout
 .text.check_single_timeout_us
                0x1000cbfc       0x2c CMakeFiles/PROGCC3.1_RP2040.dir/C_/Program_Files/Raspberry_Pi/Pico_SDK_v1.5.1/pico-sdk/src/common/pico_time/timeout_helper.c.obj
 .text.init_single_timeout_until
                0x1000cc28        0xc CMakeFiles/PROGCC3.1_RP2040.dir/C_/Program_Files/Raspberry_Pi/Pico_SDK_v1.5.1/pico-sdk/src/common/pico_time/timeout_helper.c.obj
                0x1000cc28                init_single_timeout_until
 .text.hardware_alarm_irq_handler
                0x1000cc34       0x90 CMakeFiles/PROGCC3.1_RP2040.dir/C_/Program_Files/Raspberry_Pi/Pico_SDK_v1.5.1/pico-sdk/src/rp2_common/hardware_timer/timer.c.obj
 .text.hardware_alarm_claim
                0x1000ccc4       0x18 CMakeFiles/PROGCC3.1_RP2040.dir/C_/Program_Files/Raspberry_Pi/Pico_SDK_v1.5.1/pico-sdk/src/rp2_common/hardware_timer/timer.c.obj
                0x1000ccc4                hardware_alarm_claim
 .text.time_us_64
                0x1000ccdc       0x18 CMakeFiles/PROGCC3.1_RP2040.dir/C_/Program_Files/Raspberry_Pi/Pico_SDK_v1.5.1/pico-sdk/src/rp2_common/hardware_timer/timer.c.obj
                0x1000ccdc                time_us_64
 .text.busy_wait_until
                0x1000ccf4       0x28 CMakeFiles/PROGCC3.1_RP2040.dir/C_/Program_Files/Raspberry_Pi/Pico_SDK_v1.5.1/pico-sdk/src/rp2_common/hardware_timer/timer.c.obj
                0x1000ccf4                busy_wait_until
 .text.hardware_alarm_set_callback
                0x1000cd1c       0x90 CMakeFiles/PROGCC3.1_RP2040.dir/C_/Program_Files/Raspberry_Pi/Pico_SDK_v1.5.1/pico-sdk/src/rp2_common/hardware_timer/timer.c.obj
                0x1000cd1c                hardware_alarm_set_callback
 .text.hardware_alarm_set_target
                0x1000cdac       0xe8 CMakeFiles/PROGCC3.1_RP2040.dir/C_/Program_Files/Raspberry_Pi/Pico_SDK_v1.5.1/pico-sdk/src/rp2_common/hardware_timer/timer.c.obj
                0x1000cdac                hardware_alarm_set_target
 .text.hardware_alarm_cancel
                0x1000ce94       0x40 CMakeFiles/PROGCC3.1_RP2040.dir/C_/Program_Files/Raspberry_Pi/Pico_SDK_v1.5.1/pico-sdk/src/rp2_common/hardware_timer/timer.c.obj
                0x1000ce94                hardware_alarm_cancel
 .text.ph_add_child_node
                0x1000ced4       0xa4 CMakeFiles/PROGCC3.1_RP2040.dir/C_/Program_Files/Raspberry_Pi/Pico_SDK_v1.5.1/pico-sdk/src/common/pico_util/pheap.c.obj
 .text.ph_merge_nodes
                0x1000cf78       0x3e CMakeFiles/PROGCC3.1_RP2040.dir/C_/Program_Files/Raspberry_Pi/Pico_SDK_v1.5.1/pico-sdk/src/common/pico_util/pheap.c.obj
 *fill*         0x1000cfb6        0x2 
 .text.ph_clear
                0x1000cfb8       0x70 CMakeFiles/PROGCC3.1_RP2040.dir/C_/Program_Files/Raspberry_Pi/Pico_SDK_v1.5.1/pico-sdk/src/common/pico_util/pheap.c.obj
                0x1000cfb8                ph_clear
 .text.ph_post_alloc_init
                0x1000d028        0xe CMakeFiles/PROGCC3.1_RP2040.dir/C_/Program_Files/Raspberry_Pi/Pico_SDK_v1.5.1/pico-sdk/src/common/pico_util/pheap.c.obj
                0x1000d028                ph_post_alloc_init
 *fill*         0x1000d036        0x2 
 .text.ph_merge_two_pass
                0x1000d038       0xa8 CMakeFiles/PROGCC3.1_RP2040.dir/C_/Program_Files/Raspberry_Pi/Pico_SDK_v1.5.1/pico-sdk/src/common/pico_util/pheap.c.obj
                0x1000d038                ph_merge_two_pass
 .text.ph_remove_any_head
                0x1000d0e0      0x128 CMakeFiles/PROGCC3.1_RP2040.dir/C_/Program_Files/Raspberry_Pi/Pico_SDK_v1.5.1/pico-sdk/src/common/pico_util/pheap.c.obj
 .text.ph_remove_head
                0x1000d208       0x14 CMakeFiles/PROGCC3.1_RP2040.dir/C_/Program_Files/Raspberry_Pi/Pico_SDK_v1.5.1/pico-sdk/src/common/pico_util/pheap.c.obj
                0x1000d208                ph_remove_head
 .text.ph_remove_and_free_node
                0x1000d21c       0xf8 CMakeFiles/PROGCC3.1_RP2040.dir/C_/Program_Files/Raspberry_Pi/Pico_SDK_v1.5.1/pico-sdk/src/common/pico_util/pheap.c.obj
                0x1000d21c                ph_remove_and_free_node
 .text.clock_configure
                0x1000d314      0x108 CMakeFiles/PROGCC3.1_RP2040.dir/C_/Program_Files/Raspberry_Pi/Pico_SDK_v1.5.1/pico-sdk/src/rp2_common/hardware_clocks/clocks.c.obj
                0x1000d314                clock_configure
 .text.clocks_init
                0x1000d41c      0x100 CMakeFiles/PROGCC3.1_RP2040.dir/C_/Program_Files/Raspberry_Pi/Pico_SDK_v1.5.1/pico-sdk/src/rp2_common/hardware_clocks/clocks.c.obj
                0x1000d41c                clocks_init
 .text.clock_get_hz
                0x1000d51c        0xc CMakeFiles/PROGCC3.1_RP2040.dir/C_/Program_Files/Raspberry_Pi/Pico_SDK_v1.5.1/pico-sdk/src/rp2_common/hardware_clocks/clocks.c.obj
                0x1000d51c                clock_get_hz
 .text.frequency_count_khz
                0x1000d528       0x40 CMakeFiles/PROGCC3.1_RP2040.dir/C_/Program_Files/Raspberry_Pi/Pico_SDK_v1.5.1/pico-sdk/src/rp2_common/hardware_clocks/clocks.c.obj
                0x1000d528                frequency_count_khz
 .text.pll_init
                0x1000d568      0x120 CMakeFiles/PROGCC3.1_RP2040.dir/C_/Program_Files/Raspberry_Pi/Pico_SDK_v1.5.1/pico-sdk/src/rp2_common/hardware_pll/pll.c.obj
                0x1000d568                pll_init
 .text.watchdog_start_tick
                0x1000d688       0x10 CMakeFiles/PROGCC3.1_RP2040.dir/C_/Program_Files/Raspberry_Pi/Pico_SDK_v1.5.1/pico-sdk/src/rp2_common/hardware_watchdog/watchdog.c.obj
                0x1000d688                watchdog_start_tick
 .text.watchdog_update
                0x1000d698       0x14 CMakeFiles/PROGCC3.1_RP2040.dir/C_/Program_Files/Raspberry_Pi/Pico_SDK_v1.5.1/pico-sdk/src/rp2_common/hardware_watchdog/watchdog.c.obj
                0x1000d698                watchdog_update
 .text._watchdog_enable
                0x1000d6ac       0x78 CMakeFiles/PROGCC3.1_RP2040.dir/C_/Program_Files/Raspberry_Pi/Pico_SDK_v1.5.1/pico-sdk/src/rp2_common/hardware_watchdog/watchdog.c.obj
                0x1000d6ac                _watchdog_enable
 .text.watchdog_enable
                0x1000d724       0x18 CMakeFiles/PROGCC3.1_RP2040.dir/C_/Program_Files/Raspberry_Pi/Pico_SDK_v1.5.1/pico-sdk/src/rp2_common/hardware_watchdog/watchdog.c.obj
                0x1000d724                watchdog_enable
 .text.watchdog_reboot
                0x1000d73c       0x48 CMakeFiles/PROGCC3.1_RP2040.dir/C_/Program_Files/Raspberry_Pi/Pico_SDK_v1.5.1/pico-sdk/src/rp2_common/hardware_watchdog/watchdog.c.obj
                0x1000d73c                watchdog_reboot
 .text.xosc_init
                0x1000d784       0x2c CMakeFiles/PROGCC3.1_RP2040.dir/C_/Program_Files/Raspberry_Pi/Pico_SDK_v1.5.1/pico-sdk/src/rp2_common/hardware_xosc/xosc.c.obj
                0x1000d784                xosc_init
 .text._exit    0x1000d7b0        0x4 CMakeFiles/PROGCC3.1_RP2040.dir/C_/Program_Files/Raspberry_Pi/Pico_SDK_v1.5.1/pico-sdk/src/rp2_common/pico_runtime/runtime.c.obj
                0x1000d7b0                _exit
 .text.exit     0x1000d7b4        0x6 CMakeFiles/PROGCC3.1_RP2040.dir/C_/Program_Files/Raspberry_Pi/Pico_SDK_v1.5.1/pico-sdk/src/rp2_common/pico_runtime/runtime.c.obj
                0x1000d7b4                exit
 *fill*         0x1000d7ba        0x2 
 .text.__assert_func
                0x1000d7bc       0x3c CMakeFiles/PROGCC3.1_RP2040.dir/C_/Program_Files/Raspberry_Pi/Pico_SDK_v1.5.1/pico-sdk/src/rp2_common/pico_runtime/runtime.c.obj
                0x1000d7bc                __assert_func
 .text.runtime_init
                0x1000d7f8       0xf8 CMakeFiles/PROGCC3.1_RP2040.dir/C_/Program_Files/Raspberry_Pi/Pico_SDK_v1.5.1/pico-sdk/src/rp2_common/pico_runtime/runtime.c.obj
                0x1000d7f8                runtime_init
 .text.panic    0x1000d8f0       0x30 CMakeFiles/PROGCC3.1_RP2040.dir/C_/Program_Files/Raspberry_Pi/Pico_SDK_v1.5.1/pico-sdk/src/rp2_common/pico_runtime/runtime.c.obj
                0x1000d8f0                panic
 .text._out_null
                0x1000d920        0x2 CMakeFiles/PROGCC3.1_RP2040.dir/C_/Program_Files/Raspberry_Pi/Pico_SDK_v1.5.1/pico-sdk/src/rp2_common/pico_printf/printf.c.obj
 .text._out_fct
                0x1000d922        0xe CMakeFiles/PROGCC3.1_RP2040.dir/C_/Program_Files/Raspberry_Pi/Pico_SDK_v1.5.1/pico-sdk/src/rp2_common/pico_printf/printf.c.obj
 .text._atoi    0x1000d930       0x24 CMakeFiles/PROGCC3.1_RP2040.dir/C_/Program_Files/Raspberry_Pi/Pico_SDK_v1.5.1/pico-sdk/src/rp2_common/pico_printf/printf.c.obj
 .text._out_rev
                0x1000d954       0xae CMakeFiles/PROGCC3.1_RP2040.dir/C_/Program_Files/Raspberry_Pi/Pico_SDK_v1.5.1/pico-sdk/src/rp2_common/pico_printf/printf.c.obj
 .text._ntoa_format
                0x1000da02      0x112 CMakeFiles/PROGCC3.1_RP2040.dir/C_/Program_Files/Raspberry_Pi/Pico_SDK_v1.5.1/pico-sdk/src/rp2_common/pico_printf/printf.c.obj
 .text._ntoa_long
                0x1000db14       0xbc CMakeFiles/PROGCC3.1_RP2040.dir/C_/Program_Files/Raspberry_Pi/Pico_SDK_v1.5.1/pico-sdk/src/rp2_common/pico_printf/printf.c.obj
 .text._ntoa_long_long
                0x1000dbd0       0xe2 CMakeFiles/PROGCC3.1_RP2040.dir/C_/Program_Files/Raspberry_Pi/Pico_SDK_v1.5.1/pico-sdk/src/rp2_common/pico_printf/printf.c.obj
 *fill*         0x1000dcb2        0x2 
 .text._etoa    0x1000dcb4      0x414 CMakeFiles/PROGCC3.1_RP2040.dir/C_/Program_Files/Raspberry_Pi/Pico_SDK_v1.5.1/pico-sdk/src/rp2_common/pico_printf/printf.c.obj
 .text._ftoa    0x1000e0c8      0x354 CMakeFiles/PROGCC3.1_RP2040.dir/C_/Program_Files/Raspberry_Pi/Pico_SDK_v1.5.1/pico-sdk/src/rp2_common/pico_printf/printf.c.obj
 .text._vsnprintf
                0x1000e41c      0x624 CMakeFiles/PROGCC3.1_RP2040.dir/C_/Program_Files/Raspberry_Pi/Pico_SDK_v1.5.1/pico-sdk/src/rp2_common/pico_printf/printf.c.obj
 .text.vfctprintf
                0x1000ea40       0x20 CMakeFiles/PROGCC3.1_RP2040.dir/C_/Program_Files/Raspberry_Pi/Pico_SDK_v1.5.1/pico-sdk/src/rp2_common/pico_printf/printf.c.obj
                0x1000ea40                vfctprintf
 .text          0x1000ea60       0x10 CMakeFiles/PROGCC3.1_RP2040.dir/C_/Program_Files/Raspberry_Pi/Pico_SDK_v1.5.1/pico-sdk/src/rp2_common/pico_bit_ops/bit_ops_aeabi.S.obj
 .text.rom_func_lookup
                0x1000ea70       0x10 CMakeFiles/PROGCC3.1_RP2040.dir/C_/Program_Files/Raspberry_Pi/Pico_SDK_v1.5.1/pico-sdk/src/rp2_common/pico_bootrom/bootrom.c.obj
                0x1000ea70                rom_func_lookup
 .text.rom_data_lookup
                0x1000ea80       0x10 CMakeFiles/PROGCC3.1_RP2040.dir/C_/Program_Files/Raspberry_Pi/Pico_SDK_v1.5.1/pico-sdk/src/rp2_common/pico_bootrom/bootrom.c.obj
                0x1000ea80                rom_data_lookup
 .text.rom_funcs_lookup
                0x1000ea90       0x36 CMakeFiles/PROGCC3.1_RP2040.dir/C_/Program_Files/Raspberry_Pi/Pico_SDK_v1.5.1/pico-sdk/src/rp2_common/pico_bootrom/bootrom.c.obj
                0x1000ea90                rom_funcs_lookup
 *fill*         0x1000eac6        0x2 
 .text.__wrap___aeabi_idiv
                0x1000eac8       0x50 CMakeFiles/PROGCC3.1_RP2040.dir/C_/Program_Files/Raspberry_Pi/Pico_SDK_v1.5.1/pico-sdk/src/rp2_common/pico_divider/divider.S.obj
                0x1000eac8                __wrap___aeabi_idivmod
                0x1000eac8                divmod_s32s32
                0x1000eac8                div_s32s32
                0x1000eac8                __wrap___aeabi_idiv
                0x1000ead0                divmod_s32s32_unsafe
                0x1000eafc                divmod_s32s32_savestate
 .text.__wrap___aeabi_uidiv
                0x1000eb18       0x4c CMakeFiles/PROGCC3.1_RP2040.dir/C_/Program_Files/Raspberry_Pi/Pico_SDK_v1.5.1/pico-sdk/src/rp2_common/pico_divider/divider.S.obj
                0x1000eb18                __wrap___aeabi_uidiv
                0x1000eb18                __wrap___aeabi_uidivmod
                0x1000eb18                div_u32u32
                0x1000eb18                divmod_u32u32
                0x1000eb20                divmod_u32u32_unsafe
                0x1000eb48                divmod_u32u32_savestate
 .text.__wrap___aeabi_ldiv
                0x1000eb64      0x424 CMakeFiles/PROGCC3.1_RP2040.dir/C_/Program_Files/Raspberry_Pi/Pico_SDK_v1.5.1/pico-sdk/src/rp2_common/pico_divider/divider.S.obj
                0x1000eb64                div_s64s64
                0x1000eb64                divmod_s64s64
                0x1000eb64                __wrap___aeabi_ldivmod
                0x1000eb94                divmod_u64u64
                0x1000eb94                div_u64u64
                0x1000eb94                __wrap___aeabi_uldivmod
                0x1000eba4                divmod_u64u64_savestate
                0x1000ebc4                divmod_s64s64_unsafe
                0x1000ec4c                divmod_u64u64_unsafe
 .text.push_r8_r11
                0x1000ef88        0xc CMakeFiles/PROGCC3.1_RP2040.dir/C_/Program_Files/Raspberry_Pi/Pico_SDK_v1.5.1/pico-sdk/src/rp2_common/pico_double/double_aeabi.S.obj
                0x1000ef88                push_r8_r11
 .text.pop_r8_r11
                0x1000ef94        0xc CMakeFiles/PROGCC3.1_RP2040.dir/C_/Program_Files/Raspberry_Pi/Pico_SDK_v1.5.1/pico-sdk/src/rp2_common/pico_double/double_aeabi.S.obj
                0x1000ef94                pop_r8_r11