Archive member included to satisfy reference by file (symbol)

c:/progra~1/raspbe~1/picosd~1.1/gcc-ar~1/bin/../lib/gcc/arm-none-eabi/10.3.1/thumb/v6-m/nofp\libgcc.a(_dvmd_tls.o)
                              CMakeFiles/PROGCCPLUS_RP2040.dir/C_/Program_Files/Raspberry_Pi/Pico_SDK_v1.5.1/pico-sdk/src/rp2_common/pico_divider/divider.S.obj (__aeabi_idiv0)
c:/progra~1/raspbe~1/picosd~1.1/gcc-ar~1/bin/../lib/gcc/arm-none-eabi/10.3.1/../../../../arm-none-eabi/lib/thumb/v6-m/nofp\libg.a(lib_a-calloc.o)
                              CMakeFiles/PROGCCPLUS_RP2040.dir/C_/Program_Files/Raspberry_Pi/Pico_SDK_v1.5.1/pico-sdk/src/rp2_common/pico_malloc/pico_malloc.c.obj (calloc)
c:/progra~1/raspbe~1/picosd~1.1/gcc-ar~1/bin/../lib/gcc/arm-none-eabi/10.3.1/../../../../arm-none-eabi/lib/thumb/v6-m/nofp\libg.a(lib_a-callocr.o)
                              c:/progra~1/raspbe~1/picosd~1.1/gcc-ar~1/bin/../lib/gcc/arm-none-eabi/10.3.1/../../../../arm-none-eabi/lib/thumb/v6-m/nofp\libg.a(lib_a-calloc.o) (_calloc_r)
c:/progra~1/raspbe~1/picosd~1.1/gcc-ar~1/bin/../lib/gcc/arm-none-eabi/10.3.1/../../../../arm-none-eabi/lib/thumb/v6-m/nofp\libg.a(lib_a-errno.o)
                              c:/progra~1/raspbe~1/picosd~1.1/gcc-ar~1/bin/../lib/gcc/arm-none-eabi/10.3.1/../../../../arm-none-eabi/lib/thumb/v6-m/nofp\libg.a(lib_a-callocr.o) (__errno)
c:/progra~1/raspbe~1/picosd~1.1/gcc-ar~1/bin/../lib/gcc/arm-none-eabi/10.3.1/../../../../arm-none-eabi/lib/thumb/v6-m/nofp\libg.a(lib_a-impure.o)
                              c:/progra~1/raspbe~1/picosd~1.1/gcc-ar~1/bin/../lib/gcc/arm-none-eabi/10.3.1/../../../../arm-none-eabi/lib/thumb/v6-m/nofp\libg.a(lib_a-calloc.o) (_impure_ptr)
c:/progra~1/raspbe~1/picosd~1.1/gcc-ar~1/bin/../lib/gcc/arm-none-eabi/10.3.1/../../../../arm-none-eabi/lib/thumb/v6-m/nofp\libg.a(lib_a-init.o)
                              c:/progra~1/raspbe~1/picosd~1.1/gcc-ar~1/bin/../lib/gcc/arm-none-eabi/10.3.1/../../../../arm-none-eabi/lib/thumb/v6-m/nofp/crt0.o (__libc_init_array)
c:/progra~1/raspbe~1/picosd~1.1/gcc-ar~1/bin/../lib/gcc/arm-none-eabi/10.3.1/../../../../arm-none-eabi/lib/thumb/v6-m/nofp\libg.a(lib_a-malloc.o)
                              CMakeFiles/PROGCCPLUS_RP2040.dir/C_/Program_Files/Raspberry_Pi/Pico_SDK_v1.5.1/pico-sdk/src/rp2_common/pico_malloc/pico_malloc.c.obj (malloc)
c:/progra~1/raspbe~1/picosd~1.1/gcc-ar~1/bin/../lib/gcc/arm-none-eabi/10.3.1/../../../../arm-none-eabi/lib/thumb/v6-m/nofp\libg.a(lib_a-mallocr.o)
                              c:/progra~1/raspbe~1/picosd~1.1/gcc-ar~1/bin/../lib/gcc/arm-none-eabi/10.3.1/../../../../arm-none-eabi/lib/thumb/v6-m/nofp\libg.a(lib_a-callocr.o) (_malloc_r)
c:/progra~1/raspbe~1/picosd~1.1/gcc-ar~1/bin/../lib/gcc/arm-none-eabi/10.3.1/../../../../arm-none-eabi/lib/thumb/v6-m/nofp\libg.a(lib_a-mlock.o)
                              c:/progra~1/raspbe~1/picosd~1.1/gcc-ar~1/bin/../lib/gcc/arm-none-eabi/10.3.1/../../../../arm-none-eabi/lib/thumb/v6-m/nofp\libg.a(lib_a-mallocr.o) (__malloc_lock)
c:/progra~1/raspbe~1/picosd~1.1/gcc-ar~1/bin/../lib/gcc/arm-none-eabi/10.3.1/../../../../arm-none-eabi/lib/thumb/v6-m/nofp\libg.a(lib_a-realloc.o)
                              CMakeFiles/PROGCCPLUS_RP2040.dir/C_/Program_Files/Raspberry_Pi/Pico_SDK_v1.5.1/pico-sdk/src/rp2_common/pico_malloc/pico_malloc.c.obj (realloc)
c:/progra~1/raspbe~1/picosd~1.1/gcc-ar~1/bin/../lib/gcc/arm-none-eabi/10.3.1/../../../../arm-none-eabi/lib/thumb/v6-m/nofp\libg.a(lib_a-reallocr.o)
                              c:/progra~1/raspbe~1/picosd~1.1/gcc-ar~1/bin/../lib/gcc/arm-none-eabi/10.3.1/../../../../arm-none-eabi/lib/thumb/v6-m/nofp\libg.a(lib_a-realloc.o) (_realloc_r)
c:/progra~1/raspbe~1/picosd~1.1/gcc-ar~1/bin/../lib/gcc/arm-none-eabi/10.3.1/../../../../arm-none-eabi/lib/thumb/v6-m/nofp\libg.a(lib_a-sbrkr.o)
                              c:/progra~1/raspbe~1/picosd~1.1/gcc-ar~1/bin/../lib/gcc/arm-none-eabi/10.3.1/../../../../arm-none-eabi/lib/thumb/v6-m/nofp\libg.a(lib_a-mallocr.o) (_sbrk_r)
c:/progra~1/raspbe~1/picosd~1.1/gcc-ar~1/bin/../lib/gcc/arm-none-eabi/10.3.1/../../../../arm-none-eabi/lib/thumb/v6-m/nofp\libg.a(lib_a-strlen-stub.o)
                              CMakeFiles/PROGCCPLUS_RP2040.dir/lib/HOJA-LIB-RP2040/src/usb/hoja_usb.c.obj (strlen)
c:/progra~1/raspbe~1/picosd~1.1/gcc-ar~1/bin/../lib/gcc/arm-none-eabi/10.3.1/../../../../arm-none-eabi/lib/thumb/v6-m/nofp\libg.a(lib_a-freer.o)
                              c:/progra~1/raspbe~1/picosd~1.1/gcc-ar~1/bin/../lib/gcc/arm-none-eabi/10.3.1/../../../../arm-none-eabi/lib/thumb/v6-m/nofp\libg.a(lib_a-malloc.o) (_free_r)
c:/progra~1/raspbe~1/picosd~1.1/gcc-ar~1/bin/../lib/gcc/arm-none-eabi/10.3.1/../../../../arm-none-eabi/lib/thumb/v6-m/nofp\libg.a(lib_a-lock.o)
                              c:/progra~1/raspbe~1/picosd~1.1/gcc-ar~1/bin/../lib/gcc/arm-none-eabi/10.3.1/../../../../arm-none-eabi/lib/thumb/v6-m/nofp\libg.a(lib_a-mlock.o) (__retarget_lock_acquire_recursive)
[...]
Memory Configuration

Name             Origin             Length             Attributes
FLASH            0x10000000         0x00200000         xr
RAM              0x20000000         0x00040000         xrw
SCRATCH_X        0x20040000         0x00001000         xrw
SCRATCH_Y        0x20041000         0x00001000         xrw
*default*        0x00000000         0xffffffff

Linker script and memory map

LOAD c:/progra~1/raspbe~1/picosd~1.1/gcc-ar~1/bin/../lib/gcc/arm-none-eabi/10.3.1/thumb/v6-m/nofp/crti.o
LOAD c:/progra~1/raspbe~1/picosd~1.1/gcc-ar~1/bin/../lib/gcc/arm-none-eabi/10.3.1/thumb/v6-m/nofp/crtbegin.o
LOAD c:/progra~1/raspbe~1/picosd~1.1/gcc-ar~1/bin/../lib/gcc/arm-none-eabi/10.3.1/../../../../arm-none-eabi/lib/thumb/v6-m/nofp/crt0.o

.flash_begin    0x10000000        0x0
                0x10000000                __flash_binary_start = .

.boot2          0x10000000      0x100
                0x10000000                __boot2_start__ = .
 *(.boot2)
 .boot2         0x10000000      0x100 C:\Users\Mitch\AppData\Local\Temp\ccikWSGr.o
                0x10000100                __boot2_end__ = .
                0x00000001                ASSERT (((__boot2_end__ - __boot2_start__) == 0x100), ERROR: Pico second stage bootloader must be 256 bytes in size)

.text           0x10000100     0xe778
                0x10000100                __logical_binary_start = .
 *(.vectors)
 .vectors       0x10000100       0xd4 CMakeFiles/PROGCCPLUS_RP2040.dir/C_/Program_Files/Raspberry_Pi/Pico_SDK_v1.5.1/pico-sdk/src/rp2_common/pico_standard_link/crt0.S.obj
                0x10000100                __VECTOR_TABLE
                0x10000100                __vectors
                0x100001c0                isr_invalid
                0x100001c0                __default_isrs_start
                0x100001c2                isr_nmi
                0x100001c4                isr_hardfault
                0x100001c6                isr_svcall
                0x100001c8                isr_pendsv
                0x100001ca                isr_systick
                0x100001cc                isr_irq23
                0x100001cc                isr_irq18
                0x100001cc                isr_irq11
                0x100001cc                isr_irq28
                0x100001cc                isr_irq19
                0x100001cc                isr_irq0
                0x100001cc                isr_irq6
                0x100001cc                isr_irq5
                0x100001cc                isr_irq12
                0x100001cc                isr_irq22
                0x100001cc                isr_irq31
                0x100001cc                isr_irq17
                0x100001cc                isr_irq27
                0x100001cc                isr_irq30
                0x100001cc                isr_irq2
                0x100001cc                isr_irq10
                0x100001cc                isr_irq8
                0x100001cc                isr_irq24
                0x100001cc                isr_irq1
                0x100001cc                isr_irq7
                0x100001cc                isr_irq21
                0x100001cc                isr_irq20
                0x100001cc                isr_irq15
                0x100001cc                isr_irq25
                0x100001cc                isr_irq13
                0x100001cc                __unhandled_user_irq
                0x100001cc                isr_irq4
                0x100001cc                isr_irq16
                0x100001cc                isr_irq29
                0x100001cc                isr_irq26
                0x100001cc                __default_isrs_end
                0x100001cc                isr_irq3
                0x100001cc                isr_irq14
                0x100001cc                isr_irq9
                0x100001d2                unhandled_user_irq_num_in_r0
 *(.binary_info_header)
 .binary_info_header
                0x100001d4       0x14 CMakeFiles/PROGCCPLUS_RP2040.dir/C_/Program_Files/Raspberry_Pi/Pico_SDK_v1.5.1/pico-sdk/src/rp2_common/pico_standard_link/crt0.S.obj
                0x100001e8                __binary_info_header_end = .
 *(.reset)
 .reset         0x100001e8       0xa0 CMakeFiles/PROGCCPLUS_RP2040.dir/C_/Program_Files/Raspberry_Pi/Pico_SDK_v1.5.1/pico-sdk/src/rp2_common/pico_standard_link/crt0.S.obj
                0x100001e8                _entry_point
 .reset         0x10000288       0x30 CMakeFiles/PROGCCPLUS_RP2040.dir/C_/Program_Files/Raspberry_Pi/Pico_SDK_v1.5.1/pico-sdk/src/rp2_common/pico_standard_link/binary_info.c.obj
 *(.init)
 .init          0x100002b8        0x4 c:/progra~1/raspbe~1/picosd~1.1/gcc-ar~1/bin/../lib/gcc/arm-none-eabi/10.3.1/thumb/v6-m/nofp/crti.o
                0x100002b8                _init
 *(EXCLUDE_FILE(*libm.a: *libc.a:*lib_a-mem*.o *libgcc.a:) .text*)
 .text          0x100002bc       0x48 c:/progra~1/raspbe~1/picosd~1.1/gcc-ar~1/bin/../lib/gcc/arm-none-eabi/10.3.1/thumb/v6-m/nofp/crtbegin.o
 .text.cb_hoja_hardware_setup
                0x10000304      0x184 CMakeFiles/PROGCCPLUS_RP2040.dir/src/main.c.obj
                0x10000304                cb_hoja_hardware_setup
 .text.cb_hoja_read_buttons
                0x10000488      0x22c CMakeFiles/PROGCCPLUS_RP2040.dir/src/main.c.obj
                0x10000488                cb_hoja_read_buttons
 .text.cb_hoja_read_analog
                0x100006b4      0x108 CMakeFiles/PROGCCPLUS_RP2040.dir/src/main.c.obj
                0x100006b4                cb_hoja_read_analog
 .text.cb_hoja_task_1_hook
                0x100007bc        0x8 CMakeFiles/PROGCCPLUS_RP2040.dir/src/main.c.obj
                0x100007bc                cb_hoja_task_1_hook
 .text.main     0x100007c4       0xcc CMakeFiles/PROGCCPLUS_RP2040.dir/src/main.c.obj
                0x100007c4                main
 .text.app_rumble_task
                0x10000890       0xec CMakeFiles/PROGCCPLUS_RP2040.dir/src/app_rumble.c.obj
                0x10000890                app_rumble_task
 .text.cb_hoja_rumble_enable
                0x1000097c       0x64 CMakeFiles/PROGCCPLUS_RP2040.dir/src/app_rumble.c.obj
                0x1000097c                cb_hoja_rumble_enable
 .text.cb_hoja_set_rumble_intensity
                0x100009e0       0x24 CMakeFiles/PROGCCPLUS_RP2040.dir/src/app_rumble.c.obj
                0x100009e0                cb_hoja_set_rumble_intensity
 .text._app_imu_concat_16
                0x10000a04        0x8 CMakeFiles/PROGCCPLUS_RP2040.dir/src/app_imu.c.obj
                0x10000a04                _app_imu_concat_16
 .text._app_imu_write_register
                0x10000a0c       0x48 CMakeFiles/PROGCCPLUS_RP2040.dir/src/app_imu.c.obj
                0x10000a0c                _app_imu_write_register
 .text.cb_hoja_read_imu
                0x10000a54      0x174 CMakeFiles/PROGCCPLUS_RP2040.dir/src/app_imu.c.obj
                0x10000a54                cb_hoja_read_imu
 .text.app_imu_init
                0x10000bc8       0x34 CMakeFiles/PROGCCPLUS_RP2040.dir/src/app_imu.c.obj
                0x10000bc8                app_imu_init
 .text._hoja_task_1
                0x10000bfc       0x50 CMakeFiles/PROGCCPLUS_RP2040.dir/lib/HOJA-LIB-RP2040/src/hoja.c.obj
                0x10000bfc                _hoja_task_1
 .text._hoja_task_0
                0x10000c4c       0x80 CMakeFiles/PROGCCPLUS_RP2040.dir/lib/HOJA-LIB-RP2040/src/hoja.c.obj
                0x10000c4c                _hoja_task_0
 .text.hoja_init
                0x10000ccc       0xf4 CMakeFiles/PROGCCPLUS_RP2040.dir/lib/HOJA-LIB-RP2040/src/hoja.c.obj
                0x10000ccc                hoja_init
 .text.hoja_setup_gpio_scan
                0x10000dc0       0x20 CMakeFiles/PROGCCPLUS_RP2040.dir/lib/HOJA-LIB-RP2040/src/hoja.c.obj
                0x10000dc0                hoja_setup_gpio_scan
 .text.hoja_setup_gpio_push
                0x10000de0       0x1e CMakeFiles/PROGCCPLUS_RP2040.dir/lib/HOJA-LIB-RP2040/src/hoja.c.obj
                0x10000de0                hoja_setup_gpio_push
 .text.hoja_setup_gpio_button
                0x10000dfe       0x1e CMakeFiles/PROGCCPLUS_RP2040.dir/lib/HOJA-LIB-RP2040/src/hoja.c.obj
                0x10000dfe                hoja_setup_gpio_button
 .text._generate_mac
                0x10000e1c       0x3c CMakeFiles/PROGCCPLUS_RP2040.dir/lib/HOJA-LIB-RP2040/src/hoja_settings.c.obj
                0x10000e1c                _generate_mac
 .text.settings_reset_to_default
                0x10000e58      0x124 CMakeFiles/PROGCCPLUS_RP2040.dir/lib/HOJA-LIB-RP2040/src/hoja_settings.c.obj
                0x10000e58                settings_reset_to_default
 .text.settings_core1_save_check
                0x10000f7c       0x90 CMakeFiles/PROGCCPLUS_RP2040.dir/lib/HOJA-LIB-RP2040/src/hoja_settings.c.obj
                0x10000f7c                settings_core1_save_check
 .text.settings_save_webindicate
                0x1000100c        0xc CMakeFiles/PROGCCPLUS_RP2040.dir/lib/HOJA-LIB-RP2040/src/hoja_settings.c.obj
                0x1000100c                settings_save_webindicate
 .text.settings_save
                0x10001018        0xc CMakeFiles/PROGCCPLUS_RP2040.dir/lib/HOJA-LIB-RP2040/src/hoja_settings.c.obj
                0x10001018                settings_save
 .text.settings_load
                0x10001024       0x40 CMakeFiles/PROGCCPLUS_RP2040.dir/lib/HOJA-LIB-RP2040/src/hoja_settings.c.obj
                0x10001024                settings_load
 .text.settings_set_rumble
                0x10001064       0x20 CMakeFiles/PROGCCPLUS_RP2040.dir/lib/HOJA-LIB-RP2040/src/hoja_settings.c.obj
                0x10001064                settings_set_rumble
 .text.settings_set_centers
                0x10001084       0x14 CMakeFiles/PROGCCPLUS_RP2040.dir/lib/HOJA-LIB-RP2040/src/hoja_settings.c.obj
                0x10001084                settings_set_centers
 .text.settings_set_distances
                0x10001098       0x24 CMakeFiles/PROGCCPLUS_RP2040.dir/lib/HOJA-LIB-RP2040/src/hoja_settings.c.obj
                0x10001098                settings_set_distances
 .text.settings_set_angles
                0x100010bc       0x24 CMakeFiles/PROGCCPLUS_RP2040.dir/lib/HOJA-LIB-RP2040/src/hoja_settings.c.obj
                0x100010bc                settings_set_angles
 .text.hoja_comms_task
                0x100010e0       0x14 CMakeFiles/PROGCCPLUS_RP2040.dir/lib/HOJA-LIB-RP2040/src/hoja_comms.c.obj
                0x100010e0                hoja_comms_task
 .text.hoja_comms_current_mode
                0x100010f4        0xc CMakeFiles/PROGCCPLUS_RP2040.dir/lib/HOJA-LIB-RP2040/src/hoja_comms.c.obj
                0x100010f4                hoja_comms_current_mode
 .text.hoja_comms_init
                0x10001100       0x64 CMakeFiles/PROGCCPLUS_RP2040.dir/lib/HOJA-LIB-RP2040/src/hoja_comms.c.obj
                0x10001100                hoja_comms_init
 .text._rgb_set_color_brightness
                0x10001164       0x64 CMakeFiles/PROGCCPLUS_RP2040.dir/lib/HOJA-LIB-RP2040/src/utilities/rgb.c.obj
                0x10001164                _rgb_set_color_brightness
 .text._rgb_normalize_output_power
                0x100011c8       0x88 CMakeFiles/PROGCCPLUS_RP2040.dir/lib/HOJA-LIB-RP2040/src/utilities/rgb.c.obj
                0x100011c8                _rgb_normalize_output_power
 .text._rgb_update_all
                0x10001250       0x28 CMakeFiles/PROGCCPLUS_RP2040.dir/lib/HOJA-LIB-RP2040/src/utilities/rgb.c.obj
                0x10001250                _rgb_update_all
 .text._rgb_blend
                0x10001278       0xac CMakeFiles/PROGCCPLUS_RP2040.dir/lib/HOJA-LIB-RP2040/src/utilities/rgb.c.obj
                0x10001278                _rgb_blend
 .text._rgb_animate_step
                0x10001324       0x94 CMakeFiles/PROGCCPLUS_RP2040.dir/lib/HOJA-LIB-RP2040/src/utilities/rgb.c.obj
                0x10001324                _rgb_animate_step
 .text._rgb_set_sequential
                0x100013b8       0x32 CMakeFiles/PROGCCPLUS_RP2040.dir/lib/HOJA-LIB-RP2040/src/utilities/rgb.c.obj
                0x100013b8                _rgb_set_sequential
 *fill*         0x100013ea        0x2 
 .text.rgb_set_brightness
                0x100013ec       0x14 CMakeFiles/PROGCCPLUS_RP2040.dir/lib/HOJA-LIB-RP2040/src/utilities/rgb.c.obj
                0x100013ec                rgb_set_brightness
 .text.rgb_set_dirty
                0x10001400        0xc CMakeFiles/PROGCCPLUS_RP2040.dir/lib/HOJA-LIB-RP2040/src/utilities/rgb.c.obj
                0x10001400                rgb_set_dirty
 .text.rgb_set_all
                0x1000140c       0x30 CMakeFiles/PROGCCPLUS_RP2040.dir/lib/HOJA-LIB-RP2040/src/utilities/rgb.c.obj
                0x1000140c                rgb_set_all
 .text.rgb_set_group
                0x1000143c       0xc8 CMakeFiles/PROGCCPLUS_RP2040.dir/lib/HOJA-LIB-RP2040/src/utilities/rgb.c.obj
                0x1000143c                rgb_set_group
 .text.rgb_preset_reload
                0x10001504       0x38 CMakeFiles/PROGCCPLUS_RP2040.dir/lib/HOJA-LIB-RP2040/src/utilities/rgb.c.obj
                0x10001504                rgb_preset_reload
 .text.rgb_load_preset
                0x1000153c       0x10 CMakeFiles/PROGCCPLUS_RP2040.dir/lib/HOJA-LIB-RP2040/src/utilities/rgb.c.obj
                0x1000153c                rgb_load_preset
 .text.rgb_init
                0x1000154c      0x134 CMakeFiles/PROGCCPLUS_RP2040.dir/lib/HOJA-LIB-RP2040/src/utilities/rgb.c.obj
                0x1000154c                rgb_init
 .text.rgb_task
                0x10001680       0x48 CMakeFiles/PROGCCPLUS_RP2040.dir/lib/HOJA-LIB-RP2040/src/utilities/rgb.c.obj
                0x10001680                rgb_task
 .text.tud_descriptor_bos_cb
                0x100016c8       0x1c CMakeFiles/PROGCCPLUS_RP2040.dir/lib/HOJA-LIB-RP2040/src/usb/desc_bos.c.obj
                0x100016c8                tud_descriptor_bos_cb
 .text.tud_hid_ready
                0x100016e4        0xa CMakeFiles/PROGCCPLUS_RP2040.dir/lib/HOJA-LIB-RP2040/src/usb/hoja_usb.c.obj
 *fill*         0x100016ee        0x2 
 .text.usbd_app_driver_get_cb
                0x100016f0       0x24 CMakeFiles/PROGCCPLUS_RP2040.dir/lib/HOJA-LIB-RP2040/src/usb/hoja_usb.c.obj
                0x100016f0                usbd_app_driver_get_cb
 .text._hoja_usb_set_interval
                0x10001714        0xc CMakeFiles/PROGCCPLUS_RP2040.dir/lib/HOJA-LIB-RP2040/src/usb/hoja_usb.c.obj
                0x10001714                _hoja_usb_set_interval
 .text.hoja_usb_start
                0x10001720       0x80 CMakeFiles/PROGCCPLUS_RP2040.dir/lib/HOJA-LIB-RP2040/src/usb/hoja_usb.c.obj
                0x10001720                hoja_usb_start
 .text.hoja_usb_task
                0x100017a0       0xa8 CMakeFiles/PROGCCPLUS_RP2040.dir/lib/HOJA-LIB-RP2040/src/usb/hoja_usb.c.obj
                0x100017a0                hoja_usb_task
 .text.tud_descriptor_device_cb
                0x10001848       0x28 CMakeFiles/PROGCCPLUS_RP2040.dir/lib/HOJA-LIB-RP2040/src/usb/hoja_usb.c.obj
                0x10001848                tud_descriptor_device_cb
 .text.tud_descriptor_configuration_cb
                0x10001870       0x28 CMakeFiles/PROGCCPLUS_RP2040.dir/lib/HOJA-LIB-RP2040/src/usb/hoja_usb.c.obj
                0x10001870                tud_descriptor_configuration_cb
 .text.tud_hid_get_report_cb
                0x10001898        0x4 CMakeFiles/PROGCCPLUS_RP2040.dir/lib/HOJA-LIB-RP2040/src/usb/hoja_usb.c.obj
                0x10001898                tud_hid_get_report_cb
 .text.tud_hid_report_complete_cb
                0x1000189c        0xc CMakeFiles/PROGCCPLUS_RP2040.dir/lib/HOJA-LIB-RP2040/src/usb/hoja_usb.c.obj
                0x1000189c                tud_hid_report_complete_cb
 .text.tud_hid_set_report_cb
                0x100018a8       0x9c CMakeFiles/PROGCCPLUS_RP2040.dir/lib/HOJA-LIB-RP2040/src/usb/hoja_usb.c.obj
                0x100018a8                tud_hid_set_report_cb
 .text.tud_hid_descriptor_report_cb
                0x10001944       0x1c CMakeFiles/PROGCCPLUS_RP2040.dir/lib/HOJA-LIB-RP2040/src/usb/hoja_usb.c.obj
                0x10001944                tud_hid_descriptor_report_cb
 .text.tud_descriptor_string_cb
                0x10001960       0x9c CMakeFiles/PROGCCPLUS_RP2040.dir/lib/HOJA-LIB-RP2040/src/usb/hoja_usb.c.obj
                0x10001960                tud_descriptor_string_cb
 .text.tud_vendor_rx_cb
                0x100019fc       0x38 CMakeFiles/PROGCCPLUS_RP2040.dir/lib/HOJA-LIB-RP2040/src/usb/hoja_usb.c.obj
                0x100019fc                tud_vendor_rx_cb
 .text.tud_vendor_control_xfer_cb
                0x10001a34      0x100 CMakeFiles/PROGCCPLUS_RP2040.dir/lib/HOJA-LIB-RP2040/src/usb/hoja_usb.c.obj
                0x10001a34                tud_vendor_control_xfer_cb
 .text.xinputd_control_xfer_cb
                0x10001b34        0x4 CMakeFiles/PROGCCPLUS_RP2040.dir/lib/HOJA-LIB-RP2040/src/usb/xinput_device.c.obj
                0x10001b34                xinputd_control_xfer_cb
 .text.xinputd_reset
                0x10001b38       0x14 CMakeFiles/PROGCCPLUS_RP2040.dir/lib/HOJA-LIB-RP2040/src/usb/xinput_device.c.obj
                0x10001b38                xinputd_reset
 .text.xinputd_init
                0x10001b4c        0xa CMakeFiles/PROGCCPLUS_RP2040.dir/lib/HOJA-LIB-RP2040/src/usb/xinput_device.c.obj
                0x10001b4c                xinputd_init
 *fill*         0x10001b56        0x2 
 .text.xinputd_open
                0x10001b58       0x70 CMakeFiles/PROGCCPLUS_RP2040.dir/lib/HOJA-LIB-RP2040/src/usb/xinput_device.c.obj
                0x10001b58                xinputd_open
 .text.xinputd_xfer_cb
                0x10001bc8       0x68 CMakeFiles/PROGCCPLUS_RP2040.dir/lib/HOJA-LIB-RP2040/src/usb/xinput_device.c.obj
                0x10001bc8                xinputd_xfer_cb
 .text.tud_xinput_getout
                0x10001c30       0x54 CMakeFiles/PROGCCPLUS_RP2040.dir/lib/HOJA-LIB-RP2040/src/usb/xinput_device.c.obj
                0x10001c30                tud_xinput_getout
 .text.tud_xinput_report
                0x10001c84       0x58 CMakeFiles/PROGCCPLUS_RP2040.dir/lib/HOJA-LIB-RP2040/src/usb/xinput_device.c.obj
                0x10001c84                tud_xinput_report
 .text.tud_xinput_ready
                0x10001cdc       0x48 CMakeFiles/PROGCCPLUS_RP2040.dir/lib/HOJA-LIB-RP2040/src/usb/xinput_device.c.obj
                0x10001cdc                tud_xinput_ready
 .text.ginputd_reset
                0x10001d24       0x14 CMakeFiles/PROGCCPLUS_RP2040.dir/lib/HOJA-LIB-RP2040/src/usb/ginput_device.c.obj
                0x10001d24                ginputd_reset
 .text.ginputd_init
                0x10001d38        0xa CMakeFiles/PROGCCPLUS_RP2040.dir/lib/HOJA-LIB-RP2040/src/usb/ginput_device.c.obj
                0x10001d38                ginputd_init
 *fill*         0x10001d42        0x2 
 .text.ginputd_open
                0x10001d44       0xc4 CMakeFiles/PROGCCPLUS_RP2040.dir/lib/HOJA-LIB-RP2040/src/usb/ginput_device.c.obj
                0x10001d44                ginputd_open
 .text.ginputd_xfer_cb
                0x10001e08       0x84 CMakeFiles/PROGCCPLUS_RP2040.dir/lib/HOJA-LIB-RP2040/src/usb/ginput_device.c.obj
                0x10001e08                ginputd_xfer_cb
 .text.ginputd_control_xfer_cb
                0x10001e8c      0x28c CMakeFiles/PROGCCPLUS_RP2040.dir/lib/HOJA-LIB-RP2040/src/usb/ginput_device.c.obj
                0x10001e8c                ginputd_control_xfer_cb
 .text.tud_ginput_n_ready
                0x10002118       0x50 CMakeFiles/PROGCCPLUS_RP2040.dir/lib/HOJA-LIB-RP2040/src/usb/ginput_device.c.obj
                0x10002118                tud_ginput_n_ready
 .text.tud_ginput_ready
                0x10002168        0xa CMakeFiles/PROGCCPLUS_RP2040.dir/lib/HOJA-LIB-RP2040/src/usb/ginput_device.c.obj
                0x10002168                tud_ginput_ready
 *fill*         0x10002172        0x2 
 .text.tud_ginput_n_report
                0x10002174       0x94 CMakeFiles/PROGCCPLUS_RP2040.dir/lib/HOJA-LIB-RP2040/src/usb/ginput_device.c.obj
                0x10002174                tud_ginput_n_report
 .text.tud_ginput_report
                0x10002208       0x10 CMakeFiles/PROGCCPLUS_RP2040.dir/lib/HOJA-LIB-RP2040/src/usb/ginput_device.c.obj
                0x10002208                tud_ginput_report
 .text.switch_analog_encode
                0x10002218       0x16 CMakeFiles/PROGCCPLUS_RP2040.dir/lib/HOJA-LIB-RP2040/src/switch/switch_analog.c.obj
                0x10002218                switch_analog_encode
 *fill*         0x1000222e        0x2 
 .text.switch_analog_calibration_init
                0x10002230       0x50 CMakeFiles/PROGCCPLUS_RP2040.dir/lib/HOJA-LIB-RP2040/src/switch/switch_analog.c.obj
                0x10002230                switch_analog_calibration_init
 .text.clear_report
                0x10002280       0x14 CMakeFiles/PROGCCPLUS_RP2040.dir/lib/HOJA-LIB-RP2040/src/switch/switch_commands.c.obj
                0x10002280                clear_report
 .text.set_report_id
                0x10002294        0xc CMakeFiles/PROGCCPLUS_RP2040.dir/lib/HOJA-LIB-RP2040/src/switch/switch_commands.c.obj
                0x10002294                set_report_id
 .text.set_ack  0x100022a0        0xc CMakeFiles/PROGCCPLUS_RP2040.dir/lib/HOJA-LIB-RP2040/src/switch/switch_commands.c.obj
                0x100022a0                set_ack
 .text.set_command
                0x100022ac        0xc CMakeFiles/PROGCCPLUS_RP2040.dir/lib/HOJA-LIB-RP2040/src/switch/switch_commands.c.obj
                0x100022ac                set_command
 .text.set_timer
                0x100022b8       0x28 CMakeFiles/PROGCCPLUS_RP2040.dir/lib/HOJA-LIB-RP2040/src/switch/switch_commands.c.obj
                0x100022b8                set_timer
 .text.set_battconn
                0x100022e0       0x14 CMakeFiles/PROGCCPLUS_RP2040.dir/lib/HOJA-LIB-RP2040/src/switch/switch_commands.c.obj
                0x100022e0                set_battconn
 .text.set_devinfo
                0x100022f4       0x1c CMakeFiles/PROGCCPLUS_RP2040.dir/lib/HOJA-LIB-RP2040/src/switch/switch_commands.c.obj
                0x100022f4                set_devinfo
 .text.set_sub_triggertime
                0x10002310       0x24 CMakeFiles/PROGCCPLUS_RP2040.dir/lib/HOJA-LIB-RP2040/src/switch/switch_commands.c.obj
                0x10002310                set_sub_triggertime
 .text.shouldControllerRumble
                0x10002334       0x36 CMakeFiles/PROGCCPLUS_RP2040.dir/lib/HOJA-LIB-RP2040/src/switch/switch_commands.c.obj
                0x10002334                shouldControllerRumble
 *fill*         0x1000236a        0x2 
 .text.rumble_translate
                0x1000236c       0x84 CMakeFiles/PROGCCPLUS_RP2040.dir/lib/HOJA-LIB-RP2040/src/switch/switch_commands.c.obj
                0x1000236c                rumble_translate
 .text.info_set_mac
                0x100023f0       0x28 CMakeFiles/PROGCCPLUS_RP2040.dir/lib/HOJA-LIB-RP2040/src/switch/switch_commands.c.obj
                0x100023f0                info_set_mac
 .text.info_handler
                0x10002418       0x4c CMakeFiles/PROGCCPLUS_RP2040.dir/lib/HOJA-LIB-RP2040/src/switch/switch_commands.c.obj
                0x10002418                info_handler
 .text.pairing_set
                0x10002464       0x7c CMakeFiles/PROGCCPLUS_RP2040.dir/lib/HOJA-LIB-RP2040/src/switch/switch_commands.c.obj
                0x10002464                pairing_set
 .text.command_handler
                0x100024e0      0x228 CMakeFiles/PROGCCPLUS_RP2040.dir/lib/HOJA-LIB-RP2040/src/switch/switch_commands.c.obj
                0x100024e0                command_handler
 .text.report_handler
                0x10002708       0x44 CMakeFiles/PROGCCPLUS_RP2040.dir/lib/HOJA-LIB-RP2040/src/switch/switch_commands.c.obj
                0x10002708                report_handler
 .text._unknown_thing
                0x1000274c       0x2c CMakeFiles/PROGCCPLUS_RP2040.dir/lib/HOJA-LIB-RP2040/src/switch/switch_commands.c.obj
                0x1000274c                _unknown_thing
 .text.switch_commands_process
                0x10002778       0xb8 CMakeFiles/PROGCCPLUS_RP2040.dir/lib/HOJA-LIB-RP2040/src/switch/switch_commands.c.obj
                0x10002778                switch_commands_process
 .text.switch_commands_future_handle
                0x10002830       0x28 CMakeFiles/PROGCCPLUS_RP2040.dir/lib/HOJA-LIB-RP2040/src/switch/switch_commands.c.obj
                0x10002830                switch_commands_future_handle
 .text.switch_commands_bulkset
                0x10002858       0x10 CMakeFiles/PROGCCPLUS_RP2040.dir/lib/HOJA-LIB-RP2040/src/switch/switch_commands.c.obj
                0x10002858                switch_commands_bulkset
 .text.sw_spi_getaddressdata
                0x10002868      0x18c CMakeFiles/PROGCCPLUS_RP2040.dir/lib/HOJA-LIB-RP2040/src/switch/switch_spi.c.obj
                0x10002868                sw_spi_getaddressdata
 .text.sw_spi_readfromaddress
                0x100029f4       0x50 CMakeFiles/PROGCCPLUS_RP2040.dir/lib/HOJA-LIB-RP2040/src/switch/switch_spi.c.obj
                0x100029f4                sw_spi_readfromaddress
 .text._imu_average_value
                0x10002a44       0x30 CMakeFiles/PROGCCPLUS_RP2040.dir/lib/HOJA-LIB-RP2040/src/input/imu.c.obj
                0x10002a44                _imu_average_value
 .text.imu_calibrate_start
                0x10002a74       0x88 CMakeFiles/PROGCCPLUS_RP2040.dir/lib/HOJA-LIB-RP2040/src/input/imu.c.obj
                0x10002a74                imu_calibrate_start
 .text.imu_calibrate_stop
                0x10002afc       0x20 CMakeFiles/PROGCCPLUS_RP2040.dir/lib/HOJA-LIB-RP2040/src/input/imu.c.obj
                0x10002afc                imu_calibrate_stop
 .text._imu_calibrate_task
                0x10002b1c       0x88 CMakeFiles/PROGCCPLUS_RP2040.dir/lib/HOJA-LIB-RP2040/src/input/imu.c.obj
                0x10002b1c                _imu_calibrate_task
 .text._imu_process_8
                0x10002ba4        0x8 CMakeFiles/PROGCCPLUS_RP2040.dir/lib/HOJA-LIB-RP2040/src/input/imu.c.obj
                0x10002ba4                _imu_process_8
 .text.imu_switch_buffer_out
                0x10002bac       0xe8 CMakeFiles/PROGCCPLUS_RP2040.dir/lib/HOJA-LIB-RP2040/src/input/imu.c.obj
                0x10002bac                imu_switch_buffer_out
 .text.imu_set_enabled
                0x10002c94        0xc CMakeFiles/PROGCCPLUS_RP2040.dir/lib/HOJA-LIB-RP2040/src/input/imu.c.obj
                0x10002c94                imu_set_enabled
 .text.imu_task
                0x10002ca0      0x200 CMakeFiles/PROGCCPLUS_RP2040.dir/lib/HOJA-LIB-RP2040/src/input/imu.c.obj
                0x10002ca0                imu_task
 .text._remap_load_remap
                0x10002ea0       0x58 CMakeFiles/PROGCCPLUS_RP2040.dir/lib/HOJA-LIB-RP2040/src/input/remap.c.obj
                0x10002ea0                _remap_load_remap
 .text._remap_pack_remap
                0x10002ef8       0xda CMakeFiles/PROGCCPLUS_RP2040.dir/lib/HOJA-LIB-RP2040/src/input/remap.c.obj
                0x10002ef8                _remap_pack_remap
 .text._remap_unpack_remap
                0x10002fd2       0x72 CMakeFiles/PROGCCPLUS_RP2040.dir/lib/HOJA-LIB-RP2040/src/input/remap.c.obj
                0x10002fd2                _remap_unpack_remap
 .text.remap_reset_default
                0x10003044       0x74 CMakeFiles/PROGCCPLUS_RP2040.dir/lib/HOJA-LIB-RP2040/src/input/remap.c.obj
                0x10003044                remap_reset_default
 .text.remap_init
                0x100030b8       0x3c CMakeFiles/PROGCCPLUS_RP2040.dir/lib/HOJA-LIB-RP2040/src/input/remap.c.obj
                0x100030b8                remap_init
 .text.remap_set_gc_sp
                0x100030f4       0x10 CMakeFiles/PROGCCPLUS_RP2040.dir/lib/HOJA-LIB-RP2040/src/input/remap.c.obj
                0x100030f4                remap_set_gc_sp
 .text.remap_listen_stop
                0x10003104       0x20 CMakeFiles/PROGCCPLUS_RP2040.dir/lib/HOJA-LIB-RP2040/src/input/remap.c.obj
                0x10003104                remap_listen_stop
 .text.remap_send_data_webusb
                0x10003124       0xe8 CMakeFiles/PROGCCPLUS_RP2040.dir/lib/HOJA-LIB-RP2040/src/input/remap.c.obj
                0x10003124                remap_send_data_webusb
 .text._remap_listener
                0x1000320c       0xe8 CMakeFiles/PROGCCPLUS_RP2040.dir/lib/HOJA-LIB-RP2040/src/input/remap.c.obj
                0x1000320c                _remap_listener
 .text.remap_listen_enable
                0x100032f4       0x40 CMakeFiles/PROGCCPLUS_RP2040.dir/lib/HOJA-LIB-RP2040/src/input/remap.c.obj
                0x100032f4                remap_listen_enable
 .text.remap_buttons_task
                0x10003334      0x470 CMakeFiles/PROGCCPLUS_RP2040.dir/lib/HOJA-LIB-RP2040/src/input/remap.c.obj
                0x10003334                remap_buttons_task
 .text._add_axis
                0x100037a4      0x230 CMakeFiles/PROGCCPLUS_RP2040.dir/lib/HOJA-LIB-RP2040/src/input/snapback.c.obj
                0x100037a4                _add_axis
 .text.snapback_process
                0x100039d4       0x54 CMakeFiles/PROGCCPLUS_RP2040.dir/lib/HOJA-LIB-RP2040/src/input/snapback.c.obj
                0x100039d4                snapback_process
 .text._snapback_add_value
                0x10003a28       0x30 CMakeFiles/PROGCCPLUS_RP2040.dir/lib/HOJA-LIB-RP2040/src/input/snapback.c.obj
                0x10003a28                _snapback_add_value
 .text.snapback_webcapture_task
                0x10003a58      0x138 CMakeFiles/PROGCCPLUS_RP2040.dir/lib/HOJA-LIB-RP2040/src/input/snapback.c.obj
                0x10003a58                snapback_webcapture_task
 .text._stick_angle_adjust
                0x10003b90       0x3c CMakeFiles/PROGCCPLUS_RP2040.dir/lib/HOJA-LIB-RP2040/src/input/stick_scaling.c.obj
                0x10003b90                _stick_angle_adjust
 .text._stick_get_octant_adjusted
                0x10003bcc       0x18 CMakeFiles/PROGCCPLUS_RP2040.dir/lib/HOJA-LIB-RP2040/src/input/stick_scaling.c.obj
                0x10003bcc                _stick_get_octant_adjusted
 .text._stick_get_octant
                0x10003be4       0xcc CMakeFiles/PROGCCPLUS_RP2040.dir/lib/HOJA-LIB-RP2040/src/input/stick_scaling.c.obj
                0x10003be4                _stick_get_octant
 .text._stick_get_angle
                0x10003cb0       0x70 CMakeFiles/PROGCCPLUS_RP2040.dir/lib/HOJA-LIB-RP2040/src/input/stick_scaling.c.obj
                0x10003cb0                _stick_get_angle
 .text._stick_get_distance
                0x10003d20       0x56 CMakeFiles/PROGCCPLUS_RP2040.dir/lib/HOJA-LIB-RP2040/src/input/stick_scaling.c.obj
                0x10003d20                _stick_get_distance
 *fill*         0x10003d76        0x2 
 .text._stick_normalized_vector
                0x10003d78       0x40 CMakeFiles/PROGCCPLUS_RP2040.dir/lib/HOJA-LIB-RP2040/src/input/stick_scaling.c.obj
                0x10003d78                _stick_normalized_vector
 .text._stick_angle_distance_scaled
                0x10003db8      0x150 CMakeFiles/PROGCCPLUS_RP2040.dir/lib/HOJA-LIB-RP2040/src/input/stick_scaling.c.obj
                0x10003db8                _stick_angle_distance_scaled
 .text._stick_calculate_distance_scalers
                0x10003f08       0x24 CMakeFiles/PROGCCPLUS_RP2040.dir/lib/HOJA-LIB-RP2040/src/input/stick_scaling.c.obj
                0x10003f08                _stick_calculate_distance_scalers
 .text.stick_scaling_get_settings
                0x10003f2c       0x90 CMakeFiles/PROGCCPLUS_RP2040.dir/lib/HOJA-LIB-RP2040/src/input/stick_scaling.c.obj
                0x10003f2c                stick_scaling_get_settings
 .text.stick_scaling_set_settings
                0x10003fbc       0x48 CMakeFiles/PROGCCPLUS_RP2040.dir/lib/HOJA-LIB-RP2040/src/input/stick_scaling.c.obj
                0x10003fbc                stick_scaling_set_settings
 .text.stick_scaling_init
                0x10004004       0x24 CMakeFiles/PROGCCPLUS_RP2040.dir/lib/HOJA-LIB-RP2040/src/input/stick_scaling.c.obj
                0x10004004                stick_scaling_init
 .text.stick_scaling_reset_distances
                0x10004028       0x48 CMakeFiles/PROGCCPLUS_RP2040.dir/lib/HOJA-LIB-RP2040/src/input/stick_scaling.c.obj
                0x10004028                stick_scaling_reset_distances
 .text.stick_scaling_capture_distances
                0x10004070      0x178 CMakeFiles/PROGCCPLUS_RP2040.dir/lib/HOJA-LIB-RP2040/src/input/stick_scaling.c.obj
                0x10004070                stick_scaling_capture_distances
 .text.stick_scaling_capture_center
                0x100041e8       0x2c CMakeFiles/PROGCCPLUS_RP2040.dir/lib/HOJA-LIB-RP2040/src/input/stick_scaling.c.obj
                0x100041e8                stick_scaling_capture_center
 .text.stick_scaling_capture_angle
                0x10004214      0x134 CMakeFiles/PROGCCPLUS_RP2040.dir/lib/HOJA-LIB-RP2040/src/input/stick_scaling.c.obj
                0x10004214                stick_scaling_capture_angle
 .text.stick_scaling_process_data
                0x10004348       0xe0 CMakeFiles/PROGCCPLUS_RP2040.dir/lib/HOJA-LIB-RP2040/src/input/stick_scaling.c.obj
                0x10004348                stick_scaling_process_data
 .text.analog_send_reset
                0x10004428       0x24 CMakeFiles/PROGCCPLUS_RP2040.dir/lib/HOJA-LIB-RP2040/src/input/analog.c.obj
                0x10004428                analog_send_reset
 .text.analog_calibrate_start
                0x1000444c       0x30 CMakeFiles/PROGCCPLUS_RP2040.dir/lib/HOJA-LIB-RP2040/src/input/analog.c.obj
                0x1000444c                analog_calibrate_start
 .text.analog_init
                0x1000447c       0x40 CMakeFiles/PROGCCPLUS_RP2040.dir/lib/HOJA-LIB-RP2040/src/input/analog.c.obj
                0x1000447c                analog_init
 .text.analog_calibrate_stop
                0x100044bc       0x34 CMakeFiles/PROGCCPLUS_RP2040.dir/lib/HOJA-LIB-RP2040/src/input/analog.c.obj
                0x100044bc                analog_calibrate_stop
 .text.analog_calibrate_save
                0x100044f0       0x3c CMakeFiles/PROGCCPLUS_RP2040.dir/lib/HOJA-LIB-RP2040/src/input/analog.c.obj
                0x100044f0                analog_calibrate_save
 .text.analog_calibrate_angle
                0x1000452c       0x10 CMakeFiles/PROGCCPLUS_RP2040.dir/lib/HOJA-LIB-RP2040/src/input/analog.c.obj
                0x1000452c                analog_calibrate_angle
 .text._analog_calibrate_loop
                0x1000453c       0x64 CMakeFiles/PROGCCPLUS_RP2040.dir/lib/HOJA-LIB-RP2040/src/input/analog.c.obj
                0x1000453c                _analog_calibrate_loop
 .text._analog_distance_check
                0x100045a0       0x44 CMakeFiles/PROGCCPLUS_RP2040.dir/lib/HOJA-LIB-RP2040/src/input/analog.c.obj
                0x100045a0                _analog_distance_check
 .text.analog_task
                0x100045e4       0xe0 CMakeFiles/PROGCCPLUS_RP2040.dir/lib/HOJA-LIB-RP2040/src/input/analog.c.obj
                0x100045e4                analog_task
 .text.safe_mode_task
                0x100046c4       0xac CMakeFiles/PROGCCPLUS_RP2040.dir/lib/HOJA-LIB-RP2040/src/input/safemode.c.obj
                0x100046c4                safe_mode_task
 .text.safe_mode_check
                0x10004770        0xc CMakeFiles/PROGCCPLUS_RP2040.dir/lib/HOJA-LIB-RP2040/src/input/safemode.c.obj
                0x10004770                safe_mode_check
 .text.gcinput_hid_report
                0x1000477c      0x2f8 CMakeFiles/PROGCCPLUS_RP2040.dir/lib/HOJA-LIB-RP2040/src/devices/gcinput.c.obj
                0x1000477c                gcinput_hid_report
 .text.joybus_program_init
                0x10004a74      0x1a0 CMakeFiles/PROGCCPLUS_RP2040.dir/lib/HOJA-LIB-RP2040/src/devices/gamecube.c.obj
 .text._gamecube_isr_txdone
                0x10004c14       0x54 CMakeFiles/PROGCCPLUS_RP2040.dir/lib/HOJA-LIB-RP2040/src/devices/gamecube.c.obj
 .text._gamecube_send_probe
                0x10004c68       0x34 CMakeFiles/PROGCCPLUS_RP2040.dir/lib/HOJA-LIB-RP2040/src/devices/gamecube.c.obj
                0x10004c68                _gamecube_send_probe
 .text._gamecube_send_origin
                0x10004c9c       0x9c CMakeFiles/PROGCCPLUS_RP2040.dir/lib/HOJA-LIB-RP2040/src/devices/gamecube.c.obj
                0x10004c9c                _gamecube_send_origin
 .text._gamecube_send_poll
                0x10004d38       0xa0 CMakeFiles/PROGCCPLUS_RP2040.dir/lib/HOJA-LIB-RP2040/src/devices/gamecube.c.obj
                0x10004d38                _gamecube_send_poll
 .text._gamecube_reset_state
                0x10004dd8       0x48 CMakeFiles/PROGCCPLUS_RP2040.dir/lib/HOJA-LIB-RP2040/src/devices/gamecube.c.obj
                0x10004dd8                _gamecube_reset_state
 .text._gamecube_isr_handler
                0x10004e20       0x34 CMakeFiles/PROGCCPLUS_RP2040.dir/lib/HOJA-LIB-RP2040/src/devices/gamecube.c.obj
 .text.gamecube_comms_task
                0x10004e54      0x3cc CMakeFiles/PROGCCPLUS_RP2040.dir/lib/HOJA-LIB-RP2040/src/devices/gamecube.c.obj
                0x10004e54                gamecube_comms_task
 .text.joybus_program_init
                0x10005220      0x1a0 CMakeFiles/PROGCCPLUS_RP2040.dir/lib/HOJA-LIB-RP2040/src/devices/n64.c.obj
 .text._n64_isr_txdone
                0x100053c0       0x54 CMakeFiles/PROGCCPLUS_RP2040.dir/lib/HOJA-LIB-RP2040/src/devices/n64.c.obj
 .text._n64_get_crc
                0x10005414       0x10 CMakeFiles/PROGCCPLUS_RP2040.dir/lib/HOJA-LIB-RP2040/src/devices/n64.c.obj
                0x10005414                _n64_get_crc
 .text._n64_send_probe
                0x10005424       0x34 CMakeFiles/PROGCCPLUS_RP2040.dir/lib/HOJA-LIB-RP2040/src/devices/n64.c.obj
                0x10005424                _n64_send_probe
 .text._n64_send_pak_write
                0x10005458       0x1c CMakeFiles/PROGCCPLUS_RP2040.dir/lib/HOJA-LIB-RP2040/src/devices/n64.c.obj
                0x10005458                _n64_send_pak_write
 .text._n64_send_poll
                0x10005474       0x5c CMakeFiles/PROGCCPLUS_RP2040.dir/lib/HOJA-LIB-RP2040/src/devices/n64.c.obj
                0x10005474                _n64_send_poll
 .text._n64_isr_handler
                0x100054d0       0x34 CMakeFiles/PROGCCPLUS_RP2040.dir/lib/HOJA-LIB-RP2040/src/devices/n64.c.obj
 .text._n64_reset_state
                0x10005504       0x48 CMakeFiles/PROGCCPLUS_RP2040.dir/lib/HOJA-LIB-RP2040/src/devices/n64.c.obj
                0x10005504                _n64_reset_state
 .text.n64_comms_task
                0x1000554c      0x254 CMakeFiles/PROGCCPLUS_RP2040.dir/lib/HOJA-LIB-RP2040/src/devices/n64.c.obj
                0x1000554c                n64_comms_task
 .text.swpro_hid_report
                0x100057a0      0x16c CMakeFiles/PROGCCPLUS_RP2040.dir/lib/HOJA-LIB-RP2040/src/devices/swpro.c.obj
                0x100057a0                swpro_hid_report
 .text.webusb_output_enabled
                0x1000590c        0xc CMakeFiles/PROGCCPLUS_RP2040.dir/lib/HOJA-LIB-RP2040/src/devices/webusb.c.obj
                0x1000590c                webusb_output_enabled
 .text.webusb_enable_output
                0x10005918        0xc CMakeFiles/PROGCCPLUS_RP2040.dir/lib/HOJA-LIB-RP2040/src/devices/webusb.c.obj
                0x10005918                webusb_enable_output
 .text.webusb_ready_blocking
                0x10005924       0x3e CMakeFiles/PROGCCPLUS_RP2040.dir/lib/HOJA-LIB-RP2040/src/devices/webusb.c.obj
                0x10005924                webusb_ready_blocking
 *fill*         0x10005962        0x2 
 .text.webusb_save_confirm
                0x10005964       0x40 CMakeFiles/PROGCCPLUS_RP2040.dir/lib/HOJA-LIB-RP2040/src/devices/webusb.c.obj
                0x10005964                webusb_save_confirm
 .text.webusb_input_report_task
                0x100059a4       0xdc CMakeFiles/PROGCCPLUS_RP2040.dir/lib/HOJA-LIB-RP2040/src/devices/webusb.c.obj
                0x100059a4                webusb_input_report_task
 .text.webusb_command_processor
                0x10005a80      0x2dc CMakeFiles/PROGCCPLUS_RP2040.dir/lib/HOJA-LIB-RP2040/src/devices/webusb.c.obj
                0x10005a80                webusb_command_processor
 .text.sign_axis
                0x10005d5c       0x24 CMakeFiles/PROGCCPLUS_RP2040.dir/lib/HOJA-LIB-RP2040/src/devices/xinput.c.obj
                0x10005d5c                sign_axis
 .text.xinput_hid_report
                0x10005d80      0x144 CMakeFiles/PROGCCPLUS_RP2040.dir/lib/HOJA-LIB-RP2040/src/devices/xinput.c.obj
                0x10005d80                xinput_hid_report
 .text.gpio_set_function
                0x10005ec4       0x30 CMakeFiles/PROGCCPLUS_RP2040.dir/C_/Program_Files/Raspberry_Pi/Pico_SDK_v1.5.1/pico-sdk/src/rp2_common/hardware_gpio/gpio.c.obj
                0x10005ec4                gpio_set_function
 .text.gpio_set_pulls
                0x10005ef4       0x34 CMakeFiles/PROGCCPLUS_RP2040.dir/C_/Program_Files/Raspberry_Pi/Pico_SDK_v1.5.1/pico-sdk/src/rp2_common/hardware_gpio/gpio.c.obj
                0x10005ef4                gpio_set_pulls
 .text.gpio_init
                0x10005f28       0x16 CMakeFiles/PROGCCPLUS_RP2040.dir/C_/Program_Files/Raspberry_Pi/Pico_SDK_v1.5.1/pico-sdk/src/rp2_common/hardware_gpio/gpio.c.obj
                0x10005f28                gpio_init
 *fill*         0x10005f3e        0x2 
 .text.running_on_fpga
                0x10005f40       0x14 CMakeFiles/PROGCCPLUS_RP2040.dir/C_/Program_Files/Raspberry_Pi/Pico_SDK_v1.5.1/pico-sdk/src/rp2_common/pico_platform/platform.c.obj
                0x10005f40                running_on_fpga
 .text.hw_claim_lock
                0x10005f54       0x18 CMakeFiles/PROGCCPLUS_RP2040.dir/C_/Program_Files/Raspberry_Pi/Pico_SDK_v1.5.1/pico-sdk/src/rp2_common/hardware_claim/claim.c.obj
                0x10005f54                hw_claim_lock
 .text.hw_claim_unlock
                0x10005f6c       0x14 CMakeFiles/PROGCCPLUS_RP2040.dir/C_/Program_Files/Raspberry_Pi/Pico_SDK_v1.5.1/pico-sdk/src/rp2_common/hardware_claim/claim.c.obj
                0x10005f6c                hw_claim_unlock
 .text.hw_claim_or_assert
                0x10005f80       0x32 CMakeFiles/PROGCCPLUS_RP2040.dir/C_/Program_Files/Raspberry_Pi/Pico_SDK_v1.5.1/pico-sdk/src/rp2_common/hardware_claim/claim.c.obj
                0x10005f80                hw_claim_or_assert
 .text.hw_claim_unused_from_range
                0x10005fb2       0x50 CMakeFiles/PROGCCPLUS_RP2040.dir/C_/Program_Files/Raspberry_Pi/Pico_SDK_v1.5.1/pico-sdk/src/rp2_common/hardware_claim/claim.c.obj
                0x10005fb2                hw_claim_unused_from_range
 *fill*         0x10006002        0x2 
 .text.spin_locks_reset
                0x10006004       0x20 CMakeFiles/PROGCCPLUS_RP2040.dir/C_/Program_Files/Raspberry_Pi/Pico_SDK_v1.5.1/pico-sdk/src/rp2_common/hardware_sync/sync.c.obj
                0x10006004                spin_locks_reset
 .text.next_striped_spin_lock_num
                0x10006024       0x1c CMakeFiles/PROGCCPLUS_RP2040.dir/C_/Program_Files/Raspberry_Pi/Pico_SDK_v1.5.1/pico-sdk/src/rp2_common/hardware_sync/sync.c.obj
                0x10006024                next_striped_spin_lock_num
 .text.spin_lock_claim_unused
                0x10006040       0x20 CMakeFiles/PROGCCPLUS_RP2040.dir/C_/Program_Files/Raspberry_Pi/Pico_SDK_v1.5.1/pico-sdk/src/rp2_common/hardware_sync/sync.c.obj
                0x10006040                spin_lock_claim_unused
 .text.set_raw_irq_handler_and_unlock
                0x10006060       0x28 CMakeFiles/PROGCCPLUS_RP2040.dir/C_/Program_Files/Raspberry_Pi/Pico_SDK_v1.5.1/pico-sdk/src/rp2_common/hardware_irq/irq.c.obj
 .text.make_branch
                0x10006088       0x48 CMakeFiles/PROGCCPLUS_RP2040.dir/C_/Program_Files/Raspberry_Pi/Pico_SDK_v1.5.1/pico-sdk/src/rp2_common/hardware_irq/irq.c.obj
 .text.insert_branch_and_link
                0x100060d0       0x40 CMakeFiles/PROGCCPLUS_RP2040.dir/C_/Program_Files/Raspberry_Pi/Pico_SDK_v1.5.1/pico-sdk/src/rp2_common/hardware_irq/irq.c.obj
 .text.irq_is_enabled
                0x10006110       0x18 CMakeFiles/PROGCCPLUS_RP2040.dir/C_/Program_Files/Raspberry_Pi/Pico_SDK_v1.5.1/pico-sdk/src/rp2_common/hardware_irq/irq.c.obj
                0x10006110                irq_is_enabled
 .text.irq_set_mask_enabled
                0x10006128       0x20 CMakeFiles/PROGCCPLUS_RP2040.dir/C_/Program_Files/Raspberry_Pi/Pico_SDK_v1.5.1/pico-sdk/src/rp2_common/hardware_irq/irq.c.obj
                0x10006128                irq_set_mask_enabled
 .text.irq_set_enabled
                0x10006148        0xe CMakeFiles/PROGCCPLUS_RP2040.dir/C_/Program_Files/Raspberry_Pi/Pico_SDK_v1.5.1/pico-sdk/src/rp2_common/hardware_irq/irq.c.obj
                0x10006148                irq_set_enabled
 *fill*         0x10006156        0x2 
 .text.irq_get_vtable_handler
                0x10006158       0x10 CMakeFiles/PROGCCPLUS_RP2040.dir/C_/Program_Files/Raspberry_Pi/Pico_SDK_v1.5.1/pico-sdk/src/rp2_common/hardware_irq/irq.c.obj
                0x10006158                irq_get_vtable_handler
 .text.irq_set_exclusive_handler
                0x10006168       0x54 CMakeFiles/PROGCCPLUS_RP2040.dir/C_/Program_Files/Raspberry_Pi/Pico_SDK_v1.5.1/pico-sdk/src/rp2_common/hardware_irq/irq.c.obj
                0x10006168                irq_set_exclusive_handler
 .text.irq_add_shared_handler
                0x100061bc      0x234 CMakeFiles/PROGCCPLUS_RP2040.dir/C_/Program_Files/Raspberry_Pi/Pico_SDK_v1.5.1/pico-sdk/src/rp2_common/hardware_irq/irq.c.obj
                0x100061bc                irq_add_shared_handler
 .text.irq_remove_handler
                0x100063f0      0x1ac CMakeFiles/PROGCCPLUS_RP2040.dir/C_/Program_Files/Raspberry_Pi/Pico_SDK_v1.5.1/pico-sdk/src/rp2_common/hardware_irq/irq.c.obj
                0x100063f0                irq_remove_handler
 .text.irq_add_tail_to_free_list
                0x1000659c       0xf0 CMakeFiles/PROGCCPLUS_RP2040.dir/C_/Program_Files/Raspberry_Pi/Pico_SDK_v1.5.1/pico-sdk/src/rp2_common/hardware_irq/irq.c.obj
                0x1000659c                irq_add_tail_to_free_list
 .text.irq_init_priorities
                0x1000668c       0x1c CMakeFiles/PROGCCPLUS_RP2040.dir/C_/Program_Files/Raspberry_Pi/Pico_SDK_v1.5.1/pico-sdk/src/rp2_common/hardware_irq/irq.c.obj
                0x1000668c                irq_init_priorities
 .text.lock_init
                0x100066a8       0x10 CMakeFiles/PROGCCPLUS_RP2040.dir/C_/Program_Files/Raspberry_Pi/Pico_SDK_v1.5.1/pico-sdk/src/common/pico_sync/lock_core.c.obj
                0x100066a8                lock_init
 .text.mutex_init
                0x100066b8       0x1a CMakeFiles/PROGCCPLUS_RP2040.dir/C_/Program_Files/Raspberry_Pi/Pico_SDK_v1.5.1/pico-sdk/src/common/pico_sync/mutex.c.obj
                0x100066b8                mutex_init
 .text.recursive_mutex_init
                0x100066d2       0x1e CMakeFiles/PROGCCPLUS_RP2040.dir/C_/Program_Files/Raspberry_Pi/Pico_SDK_v1.5.1/pico-sdk/src/common/pico_sync/mutex.c.obj
                0x100066d2                recursive_mutex_init
 .text.critical_section_init_with_lock_num
                0x100066f0       0x14 CMakeFiles/PROGCCPLUS_RP2040.dir/C_/Program_Files/Raspberry_Pi/Pico_SDK_v1.5.1/pico-sdk/src/common/pico_sync/critical_section.c.obj
                0x100066f0                critical_section_init_with_lock_num
 .text.critical_section_init
                0x10006704       0x14 CMakeFiles/PROGCCPLUS_RP2040.dir/C_/Program_Files/Raspberry_Pi/Pico_SDK_v1.5.1/pico-sdk/src/common/pico_sync/critical_section.c.obj
                0x10006704                critical_section_init
 .text.alarm_pool_post_alloc_init
                0x10006718       0x40 CMakeFiles/PROGCCPLUS_RP2040.dir/C_/Program_Files/Raspberry_Pi/Pico_SDK_v1.5.1/pico-sdk/src/common/pico_time/time.c.obj
 .text.sleep_until_callback
                0x10006758       0x30 CMakeFiles/PROGCCPLUS_RP2040.dir/C_/Program_Files/Raspberry_Pi/Pico_SDK_v1.5.1/pico-sdk/src/common/pico_time/time.c.obj
 .text.timer_pool_entry_comparator
                0x10006788       0x7c CMakeFiles/PROGCCPLUS_RP2040.dir/C_/Program_Files/Raspberry_Pi/Pico_SDK_v1.5.1/pico-sdk/src/common/pico_time/time.c.obj
                0x10006788                timer_pool_entry_comparator
 .text.ph_add_child_node
                0x10006804       0xa4 CMakeFiles/PROGCCPLUS_RP2040.dir/C_/Program_Files/Raspberry_Pi/Pico_SDK_v1.5.1/pico-sdk/src/common/pico_time/time.c.obj
 .text.ph_merge_nodes
                0x100068a8       0x3e CMakeFiles/PROGCCPLUS_RP2040.dir/C_/Program_Files/Raspberry_Pi/Pico_SDK_v1.5.1/pico-sdk/src/common/pico_time/time.c.obj
 *fill*         0x100068e6        0x2 
 .text.add_alarm_under_lock
                0x100068e8      0x174 CMakeFiles/PROGCCPLUS_RP2040.dir/C_/Program_Files/Raspberry_Pi/Pico_SDK_v1.5.1/pico-sdk/src/common/pico_time/time.c.obj
 .text.alarm_pool_alarm_callback
                0x10006a5c      0x33c CMakeFiles/PROGCCPLUS_RP2040.dir/C_/Program_Files/Raspberry_Pi/Pico_SDK_v1.5.1/pico-sdk/src/common/pico_time/time.c.obj
 .text.alarm_pool_init_default
                0x10006d98       0x40 CMakeFiles/PROGCCPLUS_RP2040.dir/C_/Program_Files/Raspberry_Pi/Pico_SDK_v1.5.1/pico-sdk/src/common/pico_time/time.c.obj
                0x10006d98                alarm_pool_init_default
 .text.alarm_pool_get_default
                0x10006dd8       0x2c CMakeFiles/PROGCCPLUS_RP2040.dir/C_/Program_Files/Raspberry_Pi/Pico_SDK_v1.5.1/pico-sdk/src/common/pico_time/time.c.obj
                0x10006dd8                alarm_pool_get_default
 .text.alarm_pool_add_alarm_at
                0x10006e04      0x168 CMakeFiles/PROGCCPLUS_RP2040.dir/C_/Program_Files/Raspberry_Pi/Pico_SDK_v1.5.1/pico-sdk/src/common/pico_time/time.c.obj
                0x10006e04                alarm_pool_add_alarm_at
 .text.alarm_pool_cancel_alarm
                0x10006f6c       0xf8 CMakeFiles/PROGCCPLUS_RP2040.dir/C_/Program_Files/Raspberry_Pi/Pico_SDK_v1.5.1/pico-sdk/src/common/pico_time/time.c.obj
                0x10006f6c                alarm_pool_cancel_alarm
 .text.sleep_until
                0x10007064       0xfc CMakeFiles/PROGCCPLUS_RP2040.dir/C_/Program_Files/Raspberry_Pi/Pico_SDK_v1.5.1/pico-sdk/src/common/pico_time/time.c.obj
                0x10007064                sleep_until
 .text.sleep_us
                0x10007160       0x58 CMakeFiles/PROGCCPLUS_RP2040.dir/C_/Program_Files/Raspberry_Pi/Pico_SDK_v1.5.1/pico-sdk/src/common/pico_time/time.c.obj
                0x10007160                sleep_us
 .text.sleep_ms
                0x100071b8       0x14 CMakeFiles/PROGCCPLUS_RP2040.dir/C_/Program_Files/Raspberry_Pi/Pico_SDK_v1.5.1/pico-sdk/src/common/pico_time/time.c.obj
                0x100071b8                sleep_ms
 .text.best_effort_wfe_or_timeout
                0x100071cc       0xac CMakeFiles/PROGCCPLUS_RP2040.dir/C_/Program_Files/Raspberry_Pi/Pico_SDK_v1.5.1/pico-sdk/src/common/pico_time/time.c.obj
                0x100071cc                best_effort_wfe_or_timeout
 .text.hardware_alarm_irq_handler
                0x10007278       0x90 CMakeFiles/PROGCCPLUS_RP2040.dir/C_/Program_Files/Raspberry_Pi/Pico_SDK_v1.5.1/pico-sdk/src/rp2_common/hardware_timer/timer.c.obj
 .text.hardware_alarm_claim
                0x10007308       0x18 CMakeFiles/PROGCCPLUS_RP2040.dir/C_/Program_Files/Raspberry_Pi/Pico_SDK_v1.5.1/pico-sdk/src/rp2_common/hardware_timer/timer.c.obj
                0x10007308                hardware_alarm_claim
 .text.time_us_64
                0x10007320       0x18 CMakeFiles/PROGCCPLUS_RP2040.dir/C_/Program_Files/Raspberry_Pi/Pico_SDK_v1.5.1/pico-sdk/src/rp2_common/hardware_timer/timer.c.obj
                0x10007320                time_us_64
 .text.busy_wait_until
                0x10007338       0x28 CMakeFiles/PROGCCPLUS_RP2040.dir/C_/Program_Files/Raspberry_Pi/Pico_SDK_v1.5.1/pico-sdk/src/rp2_common/hardware_timer/timer.c.obj
                0x10007338                busy_wait_until
 .text.busy_wait_us
                0x10007360       0x48 CMakeFiles/PROGCCPLUS_RP2040.dir/C_/Program_Files/Raspberry_Pi/Pico_SDK_v1.5.1/pico-sdk/src/rp2_common/hardware_timer/timer.c.obj
                0x10007360                busy_wait_us
 .text.hardware_alarm_set_callback
                0x100073a8       0x90 CMakeFiles/PROGCCPLUS_RP2040.dir/C_/Program_Files/Raspberry_Pi/Pico_SDK_v1.5.1/pico-sdk/src/rp2_common/hardware_timer/timer.c.obj
                0x100073a8                hardware_alarm_set_callback
 .text.hardware_alarm_set_target
                0x10007438       0xe8 CMakeFiles/PROGCCPLUS_RP2040.dir/C_/Program_Files/Raspberry_Pi/Pico_SDK_v1.5.1/pico-sdk/src/rp2_common/hardware_timer/timer.c.obj
                0x10007438                hardware_alarm_set_target
 .text.hardware_alarm_cancel
                0x10007520       0x40 CMakeFiles/PROGCCPLUS_RP2040.dir/C_/Program_Files/Raspberry_Pi/Pico_SDK_v1.5.1/pico-sdk/src/rp2_common/hardware_timer/timer.c.obj
                0x10007520                hardware_alarm_cancel
 .text.ph_add_child_node
                0x10007560       0xa4 CMakeFiles/PROGCCPLUS_RP2040.dir/C_/Program_Files/Raspberry_Pi/Pico_SDK_v1.5.1/pico-sdk/src/common/pico_util/pheap.c.obj
 .text.ph_merge_nodes
                0x10007604       0x3e CMakeFiles/PROGCCPLUS_RP2040.dir/C_/Program_Files/Raspberry_Pi/Pico_SDK_v1.5.1/pico-sdk/src/common/pico_util/pheap.c.obj
 *fill*         0x10007642        0x2 
 .text.ph_clear
                0x10007644       0x70 CMakeFiles/PROGCCPLUS_RP2040.dir/C_/Program_Files/Raspberry_Pi/Pico_SDK_v1.5.1/pico-sdk/src/common/pico_util/pheap.c.obj
                0x10007644                ph_clear
 .text.ph_post_alloc_init
                0x100076b4        0xe CMakeFiles/PROGCCPLUS_RP2040.dir/C_/Program_Files/Raspberry_Pi/Pico_SDK_v1.5.1/pico-sdk/src/common/pico_util/pheap.c.obj
                0x100076b4                ph_post_alloc_init
 *fill*         0x100076c2        0x2 
 .text.ph_merge_two_pass
                0x100076c4       0xa8 CMakeFiles/PROGCCPLUS_RP2040.dir/C_/Program_Files/Raspberry_Pi/Pico_SDK_v1.5.1/pico-sdk/src/common/pico_util/pheap.c.obj
                0x100076c4                ph_merge_two_pass
 .text.ph_remove_any_head
                0x1000776c      0x128 CMakeFiles/PROGCCPLUS_RP2040.dir/C_/Program_Files/Raspberry_Pi/Pico_SDK_v1.5.1/pico-sdk/src/common/pico_util/pheap.c.obj
 .text.ph_remove_head
                0x10007894       0x14 CMakeFiles/PROGCCPLUS_RP2040.dir/C_/Program_Files/Raspberry_Pi/Pico_SDK_v1.5.1/pico-sdk/src/common/pico_util/pheap.c.obj
                0x10007894                ph_remove_head
 .text.ph_remove_and_free_node
                0x100078a8       0xf8 CMakeFiles/PROGCCPLUS_RP2040.dir/C_/Program_Files/Raspberry_Pi/Pico_SDK_v1.5.1/pico-sdk/src/common/pico_util/pheap.c.obj
                0x100078a8                ph_remove_and_free_node
 .text.uart_disable_before_lcr_write
                0x100079a0       0x48 CMakeFiles/PROGCCPLUS_RP2040.dir/C_/Program_Files/Raspberry_Pi/Pico_SDK_v1.5.1/pico-sdk/src/rp2_common/hardware_uart/uart.c.obj
 .text.uart_write_lcr_bits_masked
                0x100079e8       0x22 CMakeFiles/PROGCCPLUS_RP2040.dir/C_/Program_Files/Raspberry_Pi/Pico_SDK_v1.5.1/pico-sdk/src/rp2_common/hardware_uart/uart.c.obj
 *fill*         0x10007a0a        0x2 
 .text.uart_set_baudrate
                0x10007a0c       0x5c CMakeFiles/PROGCCPLUS_RP2040.dir/C_/Program_Files/Raspberry_Pi/Pico_SDK_v1.5.1/pico-sdk/src/rp2_common/hardware_uart/uart.c.obj
                0x10007a0c                uart_set_baudrate
 .text.uart_set_format
                0x10007a68       0x2c CMakeFiles/PROGCCPLUS_RP2040.dir/C_/Program_Files/Raspberry_Pi/Pico_SDK_v1.5.1/pico-sdk/src/rp2_common/hardware_uart/uart.c.obj
                0x10007a68                uart_set_format
 .text.uart_set_translate_crlf
                0x10007a94       0x28 CMakeFiles/PROGCCPLUS_RP2040.dir/C_/Program_Files/Raspberry_Pi/Pico_SDK_v1.5.1/pico-sdk/src/rp2_common/hardware_uart/uart.c.obj
                0x10007a94                uart_set_translate_crlf
 .text.uart_init
                0x10007abc       0x80 CMakeFiles/PROGCCPLUS_RP2040.dir/C_/Program_Files/Raspberry_Pi/Pico_SDK_v1.5.1/pico-sdk/src/rp2_common/hardware_uart/uart.c.obj
                0x10007abc                uart_init
 .text.clock_configure
                0x10007b3c      0x108 CMakeFiles/PROGCCPLUS_RP2040.dir/C_/Program_Files/Raspberry_Pi/Pico_SDK_v1.5.1/pico-sdk/src/rp2_common/hardware_clocks/clocks.c.obj
                0x10007b3c                clock_configure
 .text.clocks_init
                0x10007c44      0x100 CMakeFiles/PROGCCPLUS_RP2040.dir/C_/Program_Files/Raspberry_Pi/Pico_SDK_v1.5.1/pico-sdk/src/rp2_common/hardware_clocks/clocks.c.obj
                0x10007c44                clocks_init
 .text.clock_get_hz
                0x10007d44        0xc CMakeFiles/PROGCCPLUS_RP2040.dir/C_/Program_Files/Raspberry_Pi/Pico_SDK_v1.5.1/pico-sdk/src/rp2_common/hardware_clocks/clocks.c.obj
                0x10007d44                clock_get_hz
 .text.pll_init
                0x10007d50      0x120 CMakeFiles/PROGCCPLUS_RP2040.dir/C_/Program_Files/Raspberry_Pi/Pico_SDK_v1.5.1/pico-sdk/src/rp2_common/hardware_pll/pll.c.obj
                0x10007d50                pll_init
 .text.watchdog_start_tick
                0x10007e70       0x10 CMakeFiles/PROGCCPLUS_RP2040.dir/C_/Program_Files/Raspberry_Pi/Pico_SDK_v1.5.1/pico-sdk/src/rp2_common/hardware_watchdog/watchdog.c.obj
                0x10007e70                watchdog_start_tick
 .text.xosc_init
                0x10007e80       0x2c CMakeFiles/PROGCCPLUS_RP2040.dir/C_/Program_Files/Raspberry_Pi/Pico_SDK_v1.5.1/pico-sdk/src/rp2_common/hardware_xosc/xosc.c.obj
                0x10007e80                xosc_init
 .text._exit    0x10007eac        0x4 CMakeFiles/PROGCCPLUS_RP2040.dir/C_/Program_Files/Raspberry_Pi/Pico_SDK_v1.5.1/pico-sdk/src/rp2_common/pico_runtime/runtime.c.obj
                0x10007eac                _exit
 .text.exit     0x10007eb0        0x6 CMakeFiles/PROGCCPLUS_RP2040.dir/C_/Program_Files/Raspberry_Pi/Pico_SDK_v1.5.1/pico-sdk/src/rp2_common/pico_runtime/runtime.c.obj
                0x10007eb0                exit
 *fill*         0x10007eb6        0x2 
 .text.__assert_func
                0x10007eb8       0x3c CMakeFiles/PROGCCPLUS_RP2040.dir/C_/Program_Files/Raspberry_Pi/Pico_SDK_v1.5.1/pico-sdk/src/rp2_common/pico_runtime/runtime.c.obj
                0x10007eb8                __assert_func
 .text.runtime_init
                0x10007ef4       0xf8 CMakeFiles/PROGCCPLUS_RP2040.dir/C_/Program_Files/Raspberry_Pi/Pico_SDK_v1.5.1/pico-sdk/src/rp2_common/pico_runtime/runtime.c.obj
                0x10007ef4                runtime_init
 .text.panic    0x10007fec       0x30 CMakeFiles/PROGCCPLUS_RP2040.dir/C_/Program_Files/Raspberry_Pi/Pico_SDK_v1.5.1/pico-sdk/src/rp2_common/pico_runtime/runtime.c.obj
                0x10007fec                panic
 .text._out_null
                0x1000801c        0x2 CMakeFiles/PROGCCPLUS_RP2040.dir/C_/Program_Files/Raspberry_Pi/Pico_SDK_v1.5.1/pico-sdk/src/rp2_common/pico_printf/printf.c.obj
 .text._out_fct
                0x1000801e        0xe CMakeFiles/PROGCCPLUS_RP2040.dir/C_/Program_Files/Raspberry_Pi/Pico_SDK_v1.5.1/pico-sdk/src/rp2_common/pico_printf/printf.c.obj
 .text._atoi    0x1000802c       0x24 CMakeFiles/PROGCCPLUS_RP2040.dir/C_/Program_Files/Raspberry_Pi/Pico_SDK_v1.5.1/pico-sdk/src/rp2_common/pico_printf/printf.c.obj
 .text._out_rev
                0x10008050       0xae CMakeFiles/PROGCCPLUS_RP2040.dir/C_/Program_Files/Raspberry_Pi/Pico_SDK_v1.5.1/pico-sdk/src/rp2_common/pico_printf/printf.c.obj
 .text._ntoa_format
                0x100080fe      0x112 CMakeFiles/PROGCCPLUS_RP2040.dir/C_/Program_Files/Raspberry_Pi/Pico_SDK_v1.5.1/pico-sdk/src/rp2_common/pico_printf/printf.c.obj
 .text._ntoa_long
                0x10008210       0xbc CMakeFiles/PROGCCPLUS_RP2040.dir/C_/Program_Files/Raspberry_Pi/Pico_SDK_v1.5.1/pico-sdk/src/rp2_common/pico_printf/printf.c.obj
 .text._ntoa_long_long
                0x100082cc       0xe2 CMakeFiles/PROGCCPLUS_RP2040.dir/C_/Program_Files/Raspberry_Pi/Pico_SDK_v1.5.1/pico-sdk/src/rp2_common/pico_printf/printf.c.obj
 *fill*         0x100083ae        0x2 
 .text._etoa    0x100083b0      0x414 CMakeFiles/PROGCCPLUS_RP2040.dir/C_/Program_Files/Raspberry_Pi/Pico_SDK_v1.5.1/pico-sdk/src/rp2_common/pico_printf/printf.c.obj
 .text._ftoa    0x100087c4      0x354 CMakeFiles/PROGCCPLUS_RP2040.dir/C_/Program_Files/Raspberry_Pi/Pico_SDK_v1.5.1/pico-sdk/src/rp2_common/pico_printf/printf.c.obj
 .text._vsnprintf
                0x10008b18      0x624 CMakeFiles/PROGCCPLUS_RP2040.dir/C_/Program_Files/Raspberry_Pi/Pico_SDK_v1.5.1/pico-sdk/src/rp2_common/pico_printf/printf.c.obj
 .text.vfctprintf
                0x1000913c       0x20 CMakeFiles/PROGCCPLUS_RP2040.dir/C_/Program_Files/Raspberry_Pi/Pico_SDK_v1.5.1/pico-sdk/src/rp2_common/pico_printf/printf.c.obj
                0x1000913c                vfctprintf
 .text          0x1000915c       0x10 CMakeFiles/PROGCCPLUS_RP2040.dir/C_/Program_Files/Raspberry_Pi/Pico_SDK_v1.5.1/pico-sdk/src/rp2_common/pico_bit_ops/bit_ops_aeabi.S.obj
 .text.rom_func_lookup
                0x1000916c       0x10 CMakeFiles/PROGCCPLUS_RP2040.dir/C_/Program_Files/Raspberry_Pi/Pico_SDK_v1.5.1/pico-sdk/src/rp2_common/pico_bootrom/bootrom.c.obj
                0x1000916c                rom_func_lookup
 .text.rom_data_lookup
                0x1000917c       0x10 CMakeFiles/PROGCCPLUS_RP2040.dir/C_/Program_Files/Raspberry_Pi/Pico_SDK_v1.5.1/pico-sdk/src/rp2_common/pico_bootrom/bootrom.c.obj
                0x1000917c                rom_data_lookup
 .text.rom_funcs_lookup
                0x1000918c       0x36 CMakeFiles/PROGCCPLUS_RP2040.dir/C_/Program_Files/Raspberry_Pi/Pico_SDK_v1.5.1/pico-sdk/src/rp2_common/pico_bootrom/bootrom.c.obj
                0x1000918c                rom_funcs_lookup
 *fill*         0x100091c2        0x2 
 .text.__wrap___aeabi_idiv
                0x100091c4       0x50 CMakeFiles/PROGCCPLUS_RP2040.dir/C_/Program_Files/Raspberry_Pi/Pico_SDK_v1.5.1/pico-sdk/src/rp2_common/pico_divider/divider.S.obj
                0x100091c4                __wrap___aeabi_idivmod
                0x100091c4                divmod_s32s32
                0x100091c4                div_s32s32
                0x100091c4                __wrap___aeabi_idiv
                0x100091cc                divmod_s32s32_unsafe
                0x100091f8                divmod_s32s32_savestate
 .text.__wrap___aeabi_uidiv
                0x10009214       0x4c CMakeFiles/PROGCCPLUS_RP2040.dir/C_/Program_Files/Raspberry_Pi/Pico_SDK_v1.5.1/pico-sdk/src/rp2_common/pico_divider/divider.S.obj
                0x10009214                __wrap___aeabi_uidiv
                0x10009214                __wrap___aeabi_uidivmod
                0x10009214                div_u32u32
                0x10009214                divmod_u32u32
                0x1000921c                divmod_u32u32_unsafe
                0x10009244                divmod_u32u32_savestate
 .text.__wrap___aeabi_ldiv
                0x10009260      0x424 CMakeFiles/PROGCCPLUS_RP2040.dir/C_/Program_Files/Raspberry_Pi/Pico_SDK_v1.5.1/pico-sdk/src/rp2_common/pico_divider/divider.S.obj
                0x10009260                div_s64s64
                0x10009260                divmod_s64s64
                0x10009260                __wrap___aeabi_ldivmod
                0x10009290                divmod_u64u64
                0x10009290                div_u64u64
                0x10009290                __wrap___aeabi_uldivmod
                0x100092a0                divmod_u64u64_savestate
                0x100092c0                divmod_s64s64_unsafe
                0x10009348                divmod_u64u64_unsafe
 .text.push_r8_r11
                0x10009684        0xc CMakeFiles/PROGCCPLUS_RP2040.dir/C_/Program_Files/Raspberry_Pi/Pico_SDK_v1.5.1/pico-sdk/src/rp2_common/pico_double/double_aeabi.S.obj
                0x10009684                push_r8_r11
 .text.pop_r8_r11
                0x10009690        0xc CMakeFiles/PROGCCPLUS_RP2040.dir/C_/Program_Files/Raspberry_Pi/Pico_SDK_v1.5.1/pico-sdk/src/rp2_common/pico_double/double_aeabi.S.obj
                0x10009690                pop_r8_r11
 .text.__wrap___aeabi_darithmetic
                0x1000969c       0x80 CMakeFiles/PROGCCPLUS_RP2040.dir/C_/Program_Files/Raspberry_Pi/Pico_SDK_v1.5.1/pico-sdk/src/rp2_common/pico_double/double_aeabi.S.obj
                0x1000969c                __wrap___aeabi_drsub
                0x100096a2                __wrap___aeabi_dsub
                0x100096b4                __wrap___aeabi_dadd
                0x100096c6                __wrap___aeabi_ddiv
                0x10009702                __wrap___aeabi_dmul
 .text.__wrap___aeabi_cdcmple
                0x1000971c       0x6c CMakeFiles/PROGCCPLUS_RP2040.dir/C_/Program_Files/Raspberry_Pi/Pico_SDK_v1.5.1/pico-sdk/src/rp2_common/pico_double/double_aeabi.S.obj
                0x1000971c                __wrap___aeabi_cdrcmple
                0x1000972c                __wrap___aeabi_cdcmpeq
                0x1000972c                __wrap___aeabi_cdcmple
 .text.__wrap___aeabi_dcmplt
                0x10009788        0xc CMakeFiles/PROGCCPLUS_RP2040.dir/C_/Program_Files/Raspberry_Pi/Pico_SDK_v1.5.1/pico-sdk/src/rp2_common/pico_double/double_aeabi.S.obj
                0x10009788                __wrap___aeabi_dcmplt
 .text.__wrap___aeabi_dcmple
                0x10009794       0x10 CMakeFiles/PROGCCPLUS_RP2040.dir/C_/Program_Files/Raspberry_Pi/Pico_SDK_v1.5.1/pico-sdk/src/rp2_common/pico_double/double_aeabi.S.obj
                0x10009794                __wrap___aeabi_dcmple
 .text.__wrap___aeabi_dcmpge
                0x100097a4       0x10 CMakeFiles/PROGCCPLUS_RP2040.dir/C_/Program_Files/Raspberry_Pi/Pico_SDK_v1.5.1/pico-sdk/src/rp2_common/pico_double/double_aeabi.S.obj
                0x100097a4                __wrap___aeabi_dcmpge
 .text.__wrap___aeabi_dcmpgt
                0x100097b4        0xa CMakeFiles/PROGCCPLUS_RP2040.dir/C_/Program_Files/Raspberry_Pi/Pico_SDK_v1.5.1/pico-sdk/src/rp2_common/pico_double/double_aeabi.S.obj
                0x100097b4                __wrap___aeabi_dcmpgt
 .text.__wrap___aeabi_dcmpun
                0x100097be       0x1c CMakeFiles/PROGCCPLUS_RP2040.dir/C_/Program_Files/Raspberry_Pi/Pico_SDK_v1.5.1/pico-sdk/src/rp2_common/pico_double/double_aeabi.S.obj
                0x100097be                __wrap___aeabi_dcmpun
 *fill*         0x100097da        0x2 
 .text.__wrap___aeabi_i2d
                0x100097dc       0x38 CMakeFiles/PROGCCPLUS_RP2040.dir/C_/Program_Files/Raspberry_Pi/Pico_SDK_v1.5.1/pico-sdk/src/rp2_common/pico_double/double_aeabi.S.obj
                0x100097dc                __wrap___aeabi_ui2d
                0x100097e4                __wrap___aeabi_i2d
 .text.__wrap___aeabi_d2iz
                0x10009814       0x48 CMakeFiles/PROGCCPLUS_RP2040.dir/C_/Program_Files/Raspberry_Pi/Pico_SDK_v1.5.1/pico-sdk/src/rp2_common/pico_double/double_aeabi.S.obj
                0x10009814                double2int_z
                0x10009814                __wrap___aeabi_d2iz
 .text.__wrap___aeabi_d2uiz
                0x1000985c       0x18 CMakeFiles/PROGCCPLUS_RP2040.dir/C_/Program_Files/Raspberry_Pi/Pico_SDK_v1.5.1/pico-sdk/src/rp2_common/pico_double/double_aeabi.S.obj
                0x1000985c                __wrap___aeabi_d2uiz
                0x1000985c                double2uint
 .text.fix642double
                0x10009874       0x18 CMakeFiles/PROGCCPLUS_RP2040.dir/C_/Program_Files/Raspberry_Pi/Pico_SDK_v1.5.1/pico-sdk/src/rp2_common/pico_double/double_aeabi.S.obj
                0x10009874                fix642double
 .text.__wrap___aeabi_d2f
                0x1000988c       0x18 CMakeFiles/PROGCCPLUS_RP2040.dir/C_/Program_Files/Raspberry_Pi/Pico_SDK_v1.5.1/pico-sdk/src/rp2_common/pico_double/double_aeabi.S.obj
                0x1000988c                __wrap___aeabi_d2f
 .text.__wrap_sincostan_remainder
                0x100098a4       0x14 CMakeFiles/PROGCCPLUS_RP2040.dir/C_/Program_Files/Raspberry_Pi/Pico_SDK_v1.5.1/pico-sdk/src/rp2_common/pico_double/double_aeabi.S.obj
                0x100098a4                sincostan_remainder
 .text.__wrap_cos
                0x100098b8       0x2c CMakeFiles/PROGCCPLUS_RP2040.dir/C_/Program_Files/Raspberry_Pi/Pico_SDK_v1.5.1/pico-sdk/src/rp2_common/pico_double/double_aeabi.S.obj
                0x100098b8                __wrap_cos
 .text.__wrap_sin
                0x100098e4       0x2c CMakeFiles/PROGCCPLUS_RP2040.dir/C_/Program_Files/Raspberry_Pi/Pico_SDK_v1.5.1/pico-sdk/src/rp2_common/pico_double/double_aeabi.S.obj
                0x100098e4                __wrap_sin
 .text.__aeabi_double_init
                0x10009910       0xc8 CMakeFiles/PROGCCPLUS_RP2040.dir/C_/Program_Files/Raspberry_Pi/Pico_SDK_v1.5.1/pico-sdk/src/rp2_common/pico_double/double_init_rom.c.obj
                0x10009910                __aeabi_double_init
 .text.drem_0   0x100099d8      0x130 CMakeFiles/PROGCCPLUS_RP2040.dir/C_/Program_Files/Raspberry_Pi/Pico_SDK_v1.5.1/pico-sdk/src/rp2_common/pico_double/double_math.c.obj
 .text.__wrap_fmod
                0x10009b08       0xa8 CMakeFiles/PROGCCPLUS_RP2040.dir/C_/Program_Files/Raspberry_Pi/Pico_SDK_v1.5.1/pico-sdk/src/rp2_common/pico_double/double_math.c.obj
                0x10009b08                __wrap_fmod
 .text.__wrap_remquo
                0x10009bb0      0x17c CMakeFiles/PROGCCPLUS_RP2040.dir/C_/Program_Files/Raspberry_Pi/Pico_SDK_v1.5.1/pico-sdk/src/rp2_common/pico_double/double_math.c.obj
                0x10009bb0                __wrap_remquo
 .text.__wrap_remainder
                0x10009d2c       0x10 CMakeFiles/PROGCCPLUS_RP2040.dir/C_/Program_Files/Raspberry_Pi/Pico_SDK_v1.5.1/pico-sdk/src/rp2_common/pico_double/double_math.c.obj
                0x10009d2c                __wrap_remainder
 .text.double_table_shim_on_use_helper
                0x10009d3c       0x34 CMakeFiles/PROGCCPLUS_RP2040.dir/C_/Program_Files/Raspberry_Pi/Pico_SDK_v1.5.1/pico-sdk/src/rp2_common/pico_double/double_v1_rom_shim.S.obj
                0x10009d3c                double_table_shim_on_use_helper
 .text.__wrap___aeabi_dsub
                0x10009d70       0x10 CMakeFiles/PROGCCPLUS_RP2040.dir/C_/Program_Files/Raspberry_Pi/Pico_SDK_v1.5.1/pico-sdk/src/rp2_common/pico_double/double_v1_rom_shim.S.obj
                0x10009d70                drsub_shim
                0x10009d76                dsub_shim
 .text.dadd_shim
                0x10009d80      0x15c CMakeFiles/PROGCCPLUS_RP2040.dir/C_/Program_Files/Raspberry_Pi/Pico_SDK_v1.5.1/pico-sdk/src/rp2_common/pico_double/double_v1_rom_shim.S.obj
                0x10009d80                dadd_shim
 .text.dmul_shim
                0x10009edc      0x15c CMakeFiles/PROGCCPLUS_RP2040.dir/C_/Program_Files/Raspberry_Pi/Pico_SDK_v1.5.1/pico-sdk/src/rp2_common/pico_double/double_v1_rom_shim.S.obj
                0x10009edc                dmul_shim
 .text.ddiv_shim
                0x1000a038      0x1b0 CMakeFiles/PROGCCPLUS_RP2040.dir/C_/Program_Files/Raspberry_Pi/Pico_SDK_v1.5.1/pico-sdk/src/rp2_common/pico_double/double_v1_rom_shim.S.obj
                0x1000a038                ddiv_shim
 .text.dcordic_vec_step
                0x1000a1e8        0xe CMakeFiles/PROGCCPLUS_RP2040.dir/C_/Program_Files/Raspberry_Pi/Pico_SDK_v1.5.1/pico-sdk/src/rp2_common/pico_double/double_v1_rom_shim.S.obj
                0x1000a1e8                dcordic_vec_step
 .text.dcordic_rot_step
                0x1000a1f6       0x76 CMakeFiles/PROGCCPLUS_RP2040.dir/C_/Program_Files/Raspberry_Pi/Pico_SDK_v1.5.1/pico-sdk/src/rp2_common/pico_double/double_v1_rom_shim.S.obj
                0x1000a1f6                dcordic_rot_step
 .text.double2uint_shim
                0x1000a26c        0xe CMakeFiles/PROGCCPLUS_RP2040.dir/C_/Program_Files/Raspberry_Pi/Pico_SDK_v1.5.1/pico-sdk/src/rp2_common/pico_double/double_v1_rom_shim.S.obj
                0x1000a26c                double2uint_shim
                0x1000a26e                double2ufix_shim
 .text.double2int64_shim
                0x1000a27a       0x1a CMakeFiles/PROGCCPLUS_RP2040.dir/C_/Program_Files/Raspberry_Pi/Pico_SDK_v1.5.1/pico-sdk/src/rp2_common/pico_double/double_v1_rom_shim.S.obj
                0x1000a27a                double2int64_shim
                0x1000a27c                double2fix64_shim
 .text.double2uint64_shim
                0x1000a294       0x70 CMakeFiles/PROGCCPLUS_RP2040.dir/C_/Program_Files/Raspberry_Pi/Pico_SDK_v1.5.1/pico-sdk/src/rp2_common/pico_double/double_v1_rom_shim.S.obj
                0x1000a294                double2uint64_shim
                0x1000a296                double2ufix64_shim
                0x1000a2b6                d2fix_a
 .text.double2float_shim
                0x1000a304       0x5c CMakeFiles/PROGCCPLUS_RP2040.dir/C_/Program_Files/Raspberry_Pi/Pico_SDK_v1.5.1/pico-sdk/src/rp2_common/pico_double/double_v1_rom_shim.S.obj
                0x1000a304                double2float_shim
 .text.x2double_shims
                0x1000a360       0x90 CMakeFiles/PROGCCPLUS_RP2040.dir/C_/Program_Files/Raspberry_Pi/Pico_SDK_v1.5.1/pico-sdk/src/rp2_common/pico_double/double_v1_rom_shim.S.obj
                0x1000a360                uint2double_shim
                0x1000a362                ufix2double_shim
                0x1000a368                int2double_shim
                0x1000a36a                fix2double_shim
                0x1000a370                uint642double_shim
                0x1000a372                ufix642double_shim
                0x1000a378                int642double_shim
                0x1000a37a                fix642double_shim
 .text.dunpacks
                0x1000a3f0       0x3c CMakeFiles/PROGCCPLUS_RP2040.dir/C_/Program_Files/Raspberry_Pi/Pico_SDK_v1.5.1/pico-sdk/src/rp2_common/pico_double/double_v1_rom_shim.S.obj
                0x1000a3f0                dunpacks
 .text.dreduce  0x1000a42c       0x82 CMakeFiles/PROGCCPLUS_RP2040.dir/C_/Program_Files/Raspberry_Pi/Pico_SDK_v1.5.1/pico-sdk/src/rp2_common/pico_double/double_v1_rom_shim.S.obj
                0x1000a42c                dreduce
 .text.dcos_shim
                0x1000a4ae       0x10 CMakeFiles/PROGCCPLUS_RP2040.dir/C_/Program_Files/Raspberry_Pi/Pico_SDK_v1.5.1/pico-sdk/src/rp2_common/pico_double/double_v1_rom_shim.S.obj
                0x1000a4ae                dcos_shim
 .text.dsin_shim
                0x1000a4be       0x14 CMakeFiles/PROGCCPLUS_RP2040.dir/C_/Program_Files/Raspberry_Pi/Pico_SDK_v1.5.1/pico-sdk/src/rp2_common/pico_double/double_v1_rom_shim.S.obj
                0x1000a4be                dsin_shim
 *fill*         0x1000a4d2        0x2 
 .text.dtrig_guts
                0x1000a4d4      0x2ec CMakeFiles/PROGCCPLUS_RP2040.dir/C_/Program_Files/Raspberry_Pi/Pico_SDK_v1.5.1/pico-sdk/src/rp2_common/pico_double/double_v1_rom_shim.S.obj
                0x1000a5ac                datan2_shim
 .text.__aeabi_lmul
                0x1000a7c0       0x32 CMakeFiles/PROGCCPLUS_RP2040.dir/C_/Program_Files/Raspberry_Pi/Pico_SDK_v1.5.1/pico-sdk/src/rp2_common/pico_int64_ops/pico_int64_ops_aeabi.S.obj
                0x1000a7c0                __wrap___aeabi_lmul
 *fill*         0x1000a7f2        0x2 
 .text.__wrap___aeabi_farithmetic
                0x1000a7f4       0x58 CMakeFiles/PROGCCPLUS_RP2040.dir/C_/Program_Files/Raspberry_Pi/Pico_SDK_v1.5.1/pico-sdk/src/rp2_common/pico_float/float_aeabi.S.obj
                0x1000a7f4                __wrap___aeabi_frsub
                0x1000a7fa                __wrap___aeabi_fsub
                0x1000a804                __wrap___aeabi_fadd
                0x1000a80e                __wrap___aeabi_fdiv
                0x1000a83a                __wrap___aeabi_fmul
 .text.__wrap___aeabi_cfcmple
                0x1000a84c       0x50 CMakeFiles/PROGCCPLUS_RP2040.dir/C_/Program_Files/Raspberry_Pi/Pico_SDK_v1.5.1/pico-sdk/src/rp2_common/pico_float/float_aeabi.S.obj
                0x1000a84c                __wrap___aeabi_cfrcmple
                0x1000a858                __wrap___aeabi_cfcmple
                0x1000a858                __wrap___aeabi_cfcmpeq
 .text.__wrap___aeabi_fcmpeq
                0x1000a89c       0x10 CMakeFiles/PROGCCPLUS_RP2040.dir/C_/Program_Files/Raspberry_Pi/Pico_SDK_v1.5.1/pico-sdk/src/rp2_common/pico_float/float_aeabi.S.obj
                0x1000a89c                __wrap___aeabi_fcmpeq
 .text.__wrap___aeabi_fcmplt
                0x1000a8ac        0xc CMakeFiles/PROGCCPLUS_RP2040.dir/C_/Program_Files/Raspberry_Pi/Pico_SDK_v1.5.1/pico-sdk/src/rp2_common/pico_float/float_aeabi.S.obj
                0x1000a8ac                __wrap___aeabi_fcmplt
 .text.__wrap___aeabi_fcmple
                0x1000a8b8       0x10 CMakeFiles/PROGCCPLUS_RP2040.dir/C_/Program_Files/Raspberry_Pi/Pico_SDK_v1.5.1/pico-sdk/src/rp2_common/pico_float/float_aeabi.S.obj
                0x1000a8b8                __wrap___aeabi_fcmple
 .text.__wrap___aeabi_fcmpge
                0x1000a8c8       0x10 CMakeFiles/PROGCCPLUS_RP2040.dir/C_/Program_Files/Raspberry_Pi/Pico_SDK_v1.5.1/pico-sdk/src/rp2_common/pico_float/float_aeabi.S.obj
                0x1000a8c8                __wrap___aeabi_fcmpge
 .text.__wrap___aeabi_fcmpgt
                0x1000a8d8        0xa CMakeFiles/PROGCCPLUS_RP2040.dir/C_/Program_Files/Raspberry_Pi/Pico_SDK_v1.5.1/pico-sdk/src/rp2_common/pico_float/float_aeabi.S.obj
                0x1000a8d8                __wrap___aeabi_fcmpgt
 .text.__wrap___aeabi_ui2f
                0x1000a8e2        0xa CMakeFiles/PROGCCPLUS_RP2040.dir/C_/Program_Files/Raspberry_Pi/Pico_SDK_v1.5.1/pico-sdk/src/rp2_common/pico_float/float_aeabi.S.obj
                0x1000a8e2                __wrap___aeabi_ui2f
 .text.__wrap___aeabi_i2f
                0x1000a8ec       0x44 CMakeFiles/PROGCCPLUS_RP2040.dir/C_/Program_Files/Raspberry_Pi/Pico_SDK_v1.5.1/pico-sdk/src/rp2_common/pico_float/float_aeabi.S.obj
                0x1000a8ec                __wrap___aeabi_i2f
 .text.__wrap___aeabi_f2iz
                0x1000a930       0x4e CMakeFiles/PROGCCPLUS_RP2040.dir/C_/Program_Files/Raspberry_Pi/Pico_SDK_v1.5.1/pico-sdk/src/rp2_common/pico_float/float_aeabi.S.obj
                0x1000a930                float2int_z
                0x1000a930                __wrap___aeabi_f2iz
 *fill*         0x1000a97e        0x2 
 .text.float2int
                0x1000a980       0x14 CMakeFiles/PROGCCPLUS_RP2040.dir/C_/Program_Files/Raspberry_Pi/Pico_SDK_v1.5.1/pico-sdk/src/rp2_common/pico_float/float_aeabi.S.obj
                0x1000a980                float2int
 .text.__wrap___aeabi_f2uiz
                0x1000a994       0x10 CMakeFiles/PROGCCPLUS_RP2040.dir/C_/Program_Files/Raspberry_Pi/Pico_SDK_v1.5.1/pico-sdk/src/rp2_common/pico_float/float_aeabi.S.obj
                0x1000a994                __wrap___aeabi_f2uiz
 .text.__wrap___aeabi_f2d
                0x1000a9a4       0x14 CMakeFiles/PROGCCPLUS_RP2040.dir/C_/Program_Files/Raspberry_Pi/Pico_SDK_v1.5.1/pico-sdk/src/rp2_common/pico_float/float_aeabi.S.obj
                0x1000a9a4                __wrap___aeabi_f2d
 .text.__wrap_sqrtf
                0x1000a9b8       0x24 CMakeFiles/PROGCCPLUS_RP2040.dir/C_/Program_Files/Raspberry_Pi/Pico_SDK_v1.5.1/pico-sdk/src/rp2_common/pico_float/float_aeabi.S.obj
                0x1000a9b8                __wrap_sqrtf
 .text.__wrap_atan2f
                0x1000a9dc       0x14 CMakeFiles/PROGCCPLUS_RP2040.dir/C_/Program_Files/Raspberry_Pi/Pico_SDK_v1.5.1/pico-sdk/src/rp2_common/pico_float/float_aeabi.S.obj
                0x1000a9dc                __wrap_atan2f
 .text.__aeabi_float_init
                0x1000a9f0       0xfc CMakeFiles/PROGCCPLUS_RP2040.dir/C_/Program_Files/Raspberry_Pi/Pico_SDK_v1.5.1/pico-sdk/src/rp2_common/pico_float/float_init_rom.c.obj
                0x1000a9f0                __aeabi_float_init
 .text.__wrap_roundf
                0x1000aaec       0x3e CMakeFiles/PROGCCPLUS_RP2040.dir/C_/Program_Files/Raspberry_Pi/Pico_SDK_v1.5.1/pico-sdk/src/rp2_common/pico_float/float_math.c.obj
                0x1000aaec                __wrap_roundf
 *fill*         0x1000ab2a        0x2 
 .text.float_table_shim_on_use_helper
                0x1000ab2c       0x34 CMakeFiles/PROGCCPLUS_RP2040.dir/C_/Program_Files/Raspberry_Pi/Pico_SDK_v1.5.1/pico-sdk/src/rp2_common/pico_float/float_v1_rom_shim.S.obj
                0x1000ab2c                float_table_shim_on_use_helper
 .text.fatan2_shim
                0x1000ab60       0x88 CMakeFiles/PROGCCPLUS_RP2040.dir/C_/Program_Files/Raspberry_Pi/Pico_SDK_v1.5.1/pico-sdk/src/rp2_common/pico_float/float_v1_rom_shim.S.obj
                0x1000ab60                fatan2_shim
 .text.float232_shims
                0x1000abe8       0x18 CMakeFiles/PROGCCPLUS_RP2040.dir/C_/Program_Files/Raspberry_Pi/Pico_SDK_v1.5.1/pico-sdk/src/rp2_common/pico_float/float_v1_rom_shim.S.obj
                0x1000abe8                float2int_shim
                0x1000abea                float2fix_shim
 .text.float2double_shim
                0x1000ac00       0x30 CMakeFiles/PROGCCPLUS_RP2040.dir/C_/Program_Files/Raspberry_Pi/Pico_SDK_v1.5.1/pico-sdk/src/rp2_common/pico_float/float_v1_rom_shim.S.obj
                0x1000ac00                float2double_shim
 .text          0x1000ac30       0x10 CMakeFiles/PROGCCPLUS_RP2040.dir/C_/Program_Files/Raspberry_Pi/Pico_SDK_v1.5.1/pico-sdk/src/rp2_common/pico_mem_ops/mem_ops_aeabi.S.obj
                0x1000ac30                __aeabi_mem_init
 .text.memset   0x1000ac40        0xc CMakeFiles/PROGCCPLUS_RP2040.dir/C_/Program_Files/Raspberry_Pi/Pico_SDK_v1.5.1/pico-sdk/src/rp2_common/pico_mem_ops/mem_ops_aeabi.S.obj
                0x1000ac40                __wrap_memset
 .text.memcpy   0x1000ac4c        0xc CMakeFiles/PROGCCPLUS_RP2040.dir/C_/Program_Files/Raspberry_Pi/Pico_SDK_v1.5.1/pico-sdk/src/rp2_common/pico_mem_ops/mem_ops_aeabi.S.obj
                0x1000ac4c                __wrap_memcpy
                0x1000ac4c                __wrap___aeabi_memcpy
 .text.stdio_out_chars_no_crlf
                0x1000ac58        0xe CMakeFiles/PROGCCPLUS_RP2040.dir/C_/Program_Files/Raspberry_Pi/Pico_SDK_v1.5.1/pico-sdk/src/rp2_common/pico_stdio/stdio.c.obj
 *fill*         0x1000ac66        0x2 
 .text.stdio_out_chars_crlf
                0x1000ac68       0x80 CMakeFiles/PROGCCPLUS_RP2040.dir/C_/Program_Files/Raspberry_Pi/Pico_SDK_v1.5.1/pico-sdk/src/rp2_common/pico_stdio/stdio.c.obj
 .text.stdio_stack_buffer_flush
                0x1000ace8       0x44 CMakeFiles/PROGCCPLUS_RP2040.dir/C_/Program_Files/Raspberry_Pi/Pico_SDK_v1.5.1/pico-sdk/src/rp2_common/pico_stdio/stdio.c.obj
 .text.stdio_buffered_printer
                0x1000ad2c       0x20 CMakeFiles/PROGCCPLUS_RP2040.dir/C_/Program_Files/Raspberry_Pi/Pico_SDK_v1.5.1/pico-sdk/src/rp2_common/pico_stdio/stdio.c.obj
 .text.stdout_serialize_begin
                0x1000ad4c       0x5c CMakeFiles/PROGCCPLUS_RP2040.dir/C_/Program_Files/Raspberry_Pi/Pico_SDK_v1.5.1/pico-sdk/src/rp2_common/pico_stdio/stdio.c.obj
                0x1000ad4c                stdout_serialize_begin
 .text.stdout_serialize_end
                0x1000ada8       0x10 CMakeFiles/PROGCCPLUS_RP2040.dir/C_/Program_Files/Raspberry_Pi/Pico_SDK_v1.5.1/pico-sdk/src/rp2_common/pico_stdio/stdio.c.obj
                0x1000ada8                stdout_serialize_end
 .text.stdio_put_string
                0x1000adb8       0x98 CMakeFiles/PROGCCPLUS_RP2040.dir/C_/Program_Files/Raspberry_Pi/Pico_SDK_v1.5.1/pico-sdk/src/rp2_common/pico_stdio/stdio.c.obj
 .text.__wrap_putchar
                0x1000ae50       0x1c CMakeFiles/PROGCCPLUS_RP2040.dir/C_/Program_Files/Raspberry_Pi/Pico_SDK_v1.5.1/pico-sdk/src/rp2_common/pico_stdio/stdio.c.obj
                0x1000ae50                __wrap_putchar
 .text.stdio_set_driver_enabled
                0x1000ae6c       0x2c CMakeFiles/PROGCCPLUS_RP2040.dir/C_/Program_Files/Raspberry_Pi/Pico_SDK_v1.5.1/pico-sdk/src/rp2_common/pico_stdio/stdio.c.obj
                0x1000ae6c                stdio_set_driver_enabled
 .text.stdio_flush
                0x1000ae98       0x20 CMakeFiles/PROGCCPLUS_RP2040.dir/C_/Program_Files/Raspberry_Pi/Pico_SDK_v1.5.1/pico-sdk/src/rp2_common/pico_stdio/stdio.c.obj
                0x1000ae98                stdio_flush
 .text.__wrap_puts
                0x1000aeb8       0x1e CMakeFiles/PROGCCPLUS_RP2040.dir/C_/Program_Files/Raspberry_Pi/Pico_SDK_v1.5.1/pico-sdk/src/rp2_common/pico_stdio/stdio.c.obj
                0x1000aeb8                __wrap_puts
 *fill*         0x1000aed6        0x2 
 .text.__wrap_vprintf
                0x1000aed8       0x40 CMakeFiles/PROGCCPLUS_RP2040.dir/C_/Program_Files/Raspberry_Pi/Pico_SDK_v1.5.1/pico-sdk/src/rp2_common/pico_stdio/stdio.c.obj
                0x1000aed8                __wrap_vprintf
 .text.__wrap_printf
                0x1000af18       0x18 CMakeFiles/PROGCCPLUS_RP2040.dir/C_/Program_Files/Raspberry_Pi/Pico_SDK_v1.5.1/pico-sdk/src/rp2_common/pico_stdio/stdio.c.obj
                0x1000af18                __wrap_printf
 .text.stdio_init_all
                0x1000af30        0xa CMakeFiles/PROGCCPLUS_RP2040.dir/C_/Program_Files/Raspberry_Pi/Pico_SDK_v1.5.1/pico-sdk/src/rp2_common/pico_stdio/stdio.c.obj
                0x1000af30                stdio_init_all
 *fill*         0x1000af3a        0x2 
 .text.stdio_uart_out_chars
                0x1000af3c       0x74 CMakeFiles/PROGCCPLUS_RP2040.dir/C_/Program_Files/Raspberry_Pi/Pico_SDK_v1.5.1/pico-sdk/src/rp2_common/pico_stdio_uart/stdio_uart.c.obj
 .text.stdio_uart_in_chars
                0x1000afb0       0x80 CMakeFiles/PROGCCPLUS_RP2040.dir/C_/Program_Files/Raspberry_Pi/Pico_SDK_v1.5.1/pico-sdk/src/rp2_common/pico_stdio_uart/stdio_uart.c.obj
                0x1000afb0                stdio_uart_in_chars
 .text.on_uart_rx
                0x1000b030       0x28 CMakeFiles/PROGCCPLUS_RP2040.dir/C_/Program_Files/Raspberry_Pi/Pico_SDK_v1.5.1/pico-sdk/src/rp2_common/pico_stdio_uart/stdio_uart.c.obj
 .text.stdio_uart_set_chars_available_callback
                0x1000b058       0x8c CMakeFiles/PROGCCPLUS_RP2040.dir/C_/Program_Files/Raspberry_Pi/Pico_SDK_v1.5.1/pico-sdk/src/rp2_common/pico_stdio_uart/stdio_uart.c.obj
 .text.stdio_uart_init_full
                0x1000b0e4       0x44 CMakeFiles/PROGCCPLUS_RP2040.dir/C_/Program_Files/Raspberry_Pi/Pico_SDK_v1.5.1/pico-sdk/src/rp2_common/pico_stdio_uart/stdio_uart.c.obj
                0x1000b0e4                stdio_uart_init_full
 .text.stdio_uart_init
                0x1000b128       0x28 CMakeFiles/PROGCCPLUS_RP2040.dir/C_/Program_Files/Raspberry_Pi/Pico_SDK_v1.5.1/pico-sdk/src/rp2_common/pico_stdio_uart/stdio_uart.c.obj
                0x1000b128                stdio_uart_init
 .text.core1_trampoline
                0x1000b150        0x2 CMakeFiles/PROGCCPLUS_RP2040.dir/C_/Program_Files/Raspberry_Pi/Pico_SDK_v1.5.1/pico-sdk/src/rp2_common/pico_multicore/multicore.c.obj
 .text.core1_wrapper
                0x1000b152        0xc CMakeFiles/PROGCCPLUS_RP2040.dir/C_/Program_Files/Raspberry_Pi/Pico_SDK_v1.5.1/pico-sdk/src/rp2_common/pico_multicore/multicore.c.obj
                0x1000b152                core1_wrapper
 *fill*         0x1000b15e        0x2 
 .text.check_lockout_mutex_init
                0x1000b160       0x24 CMakeFiles/PROGCCPLUS_RP2040.dir/C_/Program_Files/Raspberry_Pi/Pico_SDK_v1.5.1/pico-sdk/src/rp2_common/pico_multicore/multicore.c.obj
 .text.multicore_fifo_push_blocking
                0x1000b184       0x14 CMakeFiles/PROGCCPLUS_RP2040.dir/C_/Program_Files/Raspberry_Pi/Pico_SDK_v1.5.1/pico-sdk/src/rp2_common/pico_multicore/multicore.c.obj
                0x1000b184                multicore_fifo_push_blocking
 .text.multicore_fifo_push_timeout_us
                0x1000b198       0x98 CMakeFiles/PROGCCPLUS_RP2040.dir/C_/Program_Files/Raspberry_Pi/Pico_SDK_v1.5.1/pico-sdk/src/rp2_common/pico_multicore/multicore.c.obj
                0x1000b198                multicore_fifo_push_timeout_us
 .text.multicore_fifo_pop_blocking
                0x1000b230       0x16 CMakeFiles/PROGCCPLUS_RP2040.dir/C_/Program_Files/Raspberry_Pi/Pico_SDK_v1.5.1/pico-sdk/src/rp2_common/pico_multicore/multicore.c.obj
                0x1000b230                multicore_fifo_pop_blocking
 *fill*         0x1000b246        0x2 
 .text.multicore_fifo_pop_timeout_us
                0x1000b248       0x9c CMakeFiles/PROGCCPLUS_RP2040.dir/C_/Program_Files/Raspberry_Pi/Pico_SDK_v1.5.1/pico-sdk/src/rp2_common/pico_multicore/multicore.c.obj
                0x1000b248                multicore_fifo_pop_timeout_us
 .text.multicore_lockout_handshake
                0x1000b2e4       0xc0 CMakeFiles/PROGCCPLUS_RP2040.dir/C_/Program_Files/Raspberry_Pi/Pico_SDK_v1.5.1/pico-sdk/src/rp2_common/pico_multicore/multicore.c.obj
 .text.multicore_lockout_start_block_until
                0x1000b3a4       0x60 CMakeFiles/PROGCCPLUS_RP2040.dir/C_/Program_Files/Raspberry_Pi/Pico_SDK_v1.5.1/pico-sdk/src/rp2_common/pico_multicore/multicore.c.obj
 .text.multicore_lockout_end_block_until
                0x1000b404       0x7c CMakeFiles/PROGCCPLUS_RP2040.dir/C_/Program_Files/Raspberry_Pi/Pico_SDK_v1.5.1/pico-sdk/src/rp2_common/pico_multicore/multicore.c.obj
 .text.multicore_launch_core1_raw
                0x1000b480       0x6e CMakeFiles/PROGCCPLUS_RP2040.dir/C_/Program_Files/Raspberry_Pi/Pico_SDK_v1.5.1/pico-sdk/src/rp2_common/pico_multicore/multicore.c.obj
                0x1000b480                multicore_launch_core1_raw
 *fill*         0x1000b4ee        0x2 
 .text.multicore_launch_core1_with_stack
                0x1000b4f0       0x50 CMakeFiles/PROGCCPLUS_RP2040.dir/C_/Program_Files/Raspberry_Pi/Pico_SDK_v1.5.1/pico-sdk/src/rp2_common/pico_multicore/multicore.c.obj
                0x1000b4f0                multicore_launch_core1_with_stack
 .text.multicore_launch_core1
                0x1000b540       0x24 CMakeFiles/PROGCCPLUS_RP2040.dir/C_/Program_Files/Raspberry_Pi/Pico_SDK_v1.5.1/pico-sdk/src/rp2_common/pico_multicore/multicore.c.obj
                0x1000b540                multicore_launch_core1
 .text.multicore_lockout_victim_init
                0x1000b564       0x30 CMakeFiles/PROGCCPLUS_RP2040.dir/C_/Program_Files/Raspberry_Pi/Pico_SDK_v1.5.1/pico-sdk/src/rp2_common/pico_multicore/multicore.c.obj
                0x1000b564                multicore_lockout_victim_init
 .text.multicore_lockout_start_blocking
                0x1000b594       0x14 CMakeFiles/PROGCCPLUS_RP2040.dir/C_/Program_Files/Raspberry_Pi/Pico_SDK_v1.5.1/pico-sdk/src/rp2_common/pico_multicore/multicore.c.obj
                0x1000b594                multicore_lockout_start_blocking
 .text.multicore_lockout_end_blocking
                0x1000b5a8       0x14 CMakeFiles/PROGCCPLUS_RP2040.dir/C_/Program_Files/Raspberry_Pi/Pico_SDK_v1.5.1/pico-sdk/src/rp2_common/pico_multicore/multicore.c.obj
                0x1000b5a8                multicore_lockout_end_blocking
 .text.splitmix64
                0x1000b5bc       0x5c CMakeFiles/PROGCCPLUS_RP2040.dir/C_/Program_Files/Raspberry_Pi/Pico_SDK_v1.5.1/pico-sdk/src/rp2_common/pico_rand/rand.c.obj
 .text.sdbm_hash64_sram
                0x1000b618       0x64 CMakeFiles/PROGCCPLUS_RP2040.dir/C_/Program_Files/Raspberry_Pi/Pico_SDK_v1.5.1/pico-sdk/src/rp2_common/pico_rand/rand.c.obj
 .text.xoroshiro128ss
                0x1000b67c       0xb8 CMakeFiles/PROGCCPLUS_RP2040.dir/C_/Program_Files/Raspberry_Pi/Pico_SDK_v1.5.1/pico-sdk/src/rp2_common/pico_rand/rand.c.obj
 .text.capture_additional_rosc_samples
                0x1000b734      0x1a4 CMakeFiles/PROGCCPLUS_RP2040.dir/C_/Program_Files/Raspberry_Pi/Pico_SDK_v1.5.1/pico-sdk/src/rp2_common/pico_rand/rand.c.obj
 .text.initialise_rand
                0x1000b8d8      0x118 CMakeFiles/PROGCCPLUS_RP2040.dir/C_/Program_Files/Raspberry_Pi/Pico_SDK_v1.5.1/pico-sdk/src/rp2_common/pico_rand/rand.c.obj
 .text.get_rand_64
                0x1000b9f0      0x11c CMakeFiles/PROGCCPLUS_RP2040.dir/C_/Program_Files/Raspberry_Pi/Pico_SDK_v1.5.1/pico-sdk/src/rp2_common/pico_rand/rand.c.obj
                0x1000b9f0                get_rand_64
 .text.get_rand_32
                0x1000bb0c        0x8 CMakeFiles/PROGCCPLUS_RP2040.dir/C_/Program_Files/Raspberry_Pi/Pico_SDK_v1.5.1/pico-sdk/src/rp2_common/pico_rand/rand.c.obj
                0x1000bb0c                get_rand_32
 .text._retrieve_unique_id_on_boot
                0x1000bb14       0x10 CMakeFiles/PROGCCPLUS_RP2040.dir/C_/Program_Files/Raspberry_Pi/Pico_SDK_v1.5.1/pico-sdk/src/rp2_common/pico_unique_id/unique_id.c.obj
 .text.pico_get_unique_board_id
                0x1000bb24       0x10 CMakeFiles/PROGCCPLUS_RP2040.dir/C_/Program_Files/Raspberry_Pi/Pico_SDK_v1.5.1/pico-sdk/src/rp2_common/pico_unique_id/unique_id.c.obj
                0x1000bb24                pico_get_unique_board_id
 .text.flash_get_unique_id
                0x1000bb34       0x46 CMakeFiles/PROGCCPLUS_RP2040.dir/C_/Program_Files/Raspberry_Pi/Pico_SDK_v1.5.1/pico-sdk/src/rp2_common/hardware_flash/flash.c.obj
                0x1000bb34                flash_get_unique_id
 *fill*         0x1000bb7a        0x2 
 .text._pio_can_add_program_at_offset
                0x1000bb7c       0x3c CMakeFiles/PROGCCPLUS_RP2040.dir/C_/Program_Files/Raspberry_Pi/Pico_SDK_v1.5.1/pico-sdk/src/rp2_common/hardware_pio/pio.c.obj
 .text._pio_find_offset_for_program
                0x1000bbb8       0x7c CMakeFiles/PROGCCPLUS_RP2040.dir/C_/Program_Files/Raspberry_Pi/Pico_SDK_v1.5.1/pico-sdk/src/rp2_common/hardware_pio/pio.c.obj
 .text._pio_add_program_at_offset
                0x1000bc34       0x78 CMakeFiles/PROGCCPLUS_RP2040.dir/C_/Program_Files/Raspberry_Pi/Pico_SDK_v1.5.1/pico-sdk/src/rp2_common/hardware_pio/pio.c.obj
 .text.pio_add_program
                0x1000bcac       0x38 CMakeFiles/PROGCCPLUS_RP2040.dir/C_/Program_Files/Raspberry_Pi/Pico_SDK_v1.5.1/pico-sdk/src/rp2_common/hardware_pio/pio.c.obj
                0x1000bcac                pio_add_program
 .text.pio_sm_set_consecutive_pindirs
                0x1000bce4       0xa4 CMakeFiles/PROGCCPLUS_RP2040.dir/C_/Program_Files/Raspberry_Pi/Pico_SDK_v1.5.1/pico-sdk/src/rp2_common/hardware_pio/pio.c.obj
                0x1000bce4                pio_sm_set_consecutive_pindirs
 .text.pio_sm_init
                0x1000bd88       0xe4 CMakeFiles/PROGCCPLUS_RP2040.dir/C_/Program_Files/Raspberry_Pi/Pico_SDK_v1.5.1/pico-sdk/src/rp2_common/hardware_pio/pio.c.obj
                0x1000bd88                pio_sm_init
 .text.spi_set_baudrate
                0x1000be6c       0xcc CMakeFiles/PROGCCPLUS_RP2040.dir/C_/Program_Files/Raspberry_Pi/Pico_SDK_v1.5.1/pico-sdk/src/rp2_common/hardware_spi/spi.c.obj
                0x1000be6c                spi_set_baudrate
 .text.spi_init